Component: ARM Compiler 5.06 update 6 (build 750) Tool: armlink [4d35ed]

==============================================================================

Section Cross References

    startup_stm32g070xx.o(RESET) refers to startup_stm32g070xx.o(STACK) for __initial_sp
    startup_stm32g070xx.o(RESET) refers to startup_stm32g070xx.o(.text) for Reset_Handler
    startup_stm32g070xx.o(RESET) refers to stm32g0xx_it.o(i.NMI_Handler) for NMI_Handler
    startup_stm32g070xx.o(RESET) refers to stm32g0xx_it.o(i.HardFault_Handler) for HardFault_Handler
    startup_stm32g070xx.o(RESET) refers to stm32g0xx_it.o(i.SVC_Handler) for SVC_Handler
    startup_stm32g070xx.o(RESET) refers to stm32g0xx_it.o(i.PendSV_Handler) for PendSV_Handler
    startup_stm32g070xx.o(RESET) refers to stm32g0xx_it.o(i.SysTick_Handler) for SysTick_Handler
    startup_stm32g070xx.o(.text) refers to system_stm32g0xx.o(i.SystemInit) for SystemInit
    startup_stm32g070xx.o(.text) refers to entry.o(.ARM.Collect$$$$00000000) for __main
    main.o(i.SystemClock_Config) refers to memseta.o(.text) for __aeabi_memclr4
    main.o(i.SystemClock_Config) refers to stm32g0xx_hal_pwr_ex.o(i.HAL_PWREx_ControlVoltageScaling) for HAL_PWREx_ControlVoltageScaling
    main.o(i.SystemClock_Config) refers to stm32g0xx_hal_rcc.o(i.HAL_RCC_OscConfig) for HAL_RCC_OscConfig
    main.o(i.SystemClock_Config) refers to stm32g0xx_hal_rcc.o(i.HAL_RCC_ClockConfig) for HAL_RCC_ClockConfig
    main.o(i.main) refers to stm32g0xx_hal.o(i.HAL_Init) for HAL_Init
    main.o(i.main) refers to main.o(i.SystemClock_Config) for SystemClock_Config
    main.o(i.main) refers to gpio.o(i.MX_GPIO_Init) for MX_GPIO_Init
    main.o(i.main) refers to oled.o(i.u8g2Init) for u8g2Init
    main.o(i.main) refers to u8g2_font.o(i.u8g2_DrawUTF8) for u8g2_DrawUTF8
    main.o(i.main) refers to printf1.o(i.__0sprintf$1) for __2sprintf
    main.o(i.main) refers to u8g2_font.o(i.u8g2_DrawStr) for u8g2_DrawStr
    main.o(i.main) refers to u8g2_circle.o(i.u8g2_DrawCircle) for u8g2_DrawCircle
    main.o(i.main) refers to u8g2_bitmap.o(i.u8g2_DrawXBMP) for u8g2_DrawXBMP
    main.o(i.main) refers to u8g2_buffer.o(i.u8g2_SendBuffer) for u8g2_SendBuffer
    main.o(i.main) refers to u8g2_buffer.o(i.u8g2_ClearBuffer) for u8g2_ClearBuffer
    main.o(i.main) refers to stm32g0xx_hal.o(i.HAL_Delay) for HAL_Delay
    main.o(i.main) refers to oled.o(.constdata) for F16x16
    stm32g0xx_it.o(i.SysTick_Handler) refers to stm32g0xx_hal.o(i.HAL_IncTick) for HAL_IncTick
    stm32g0xx_hal_msp.o(i.HAL_MspInit) refers to stm32g0xx_hal.o(i.HAL_SYSCFG_StrobeDBattpinsConfig) for HAL_SYSCFG_StrobeDBattpinsConfig
    software_i2c.o(i.i2c_init) refers to stm32g0xx_hal_gpio.o(i.HAL_GPIO_Init) for HAL_GPIO_Init
    software_i2c.o(i.i2c_init) refers to software_i2c.o(.bss) for .bss
    software_i2c.o(i.i2c_sda_mod) refers to stm32g0xx_hal_gpio.o(i.HAL_GPIO_Init) for HAL_GPIO_Init
    software_i2c.o(i.i2c_sda_mod) refers to software_i2c.o(.bss) for .bss
    software_i2c.o(i.i2c_send_data) refers to software_i2c.o(i.i2c_sda_mod) for i2c_sda_mod
    software_i2c.o(i.i2c_send_data) refers to stm32g0xx_hal_gpio.o(i.HAL_GPIO_WritePin) for HAL_GPIO_WritePin
    software_i2c.o(i.i2c_send_data) refers to software_i2c.o(i.i2c_delay) for i2c_delay
    software_i2c.o(i.i2c_stop) refers to stm32g0xx_hal_gpio.o(i.HAL_GPIO_WritePin) for HAL_GPIO_WritePin
    software_i2c.o(i.i2c_stop) refers to software_i2c.o(i.i2c_delay) for i2c_delay
    software_i2c.o(i.i2c_transmit_dat) refers to stm32g0xx_hal_gpio.o(i.HAL_GPIO_WritePin) for HAL_GPIO_WritePin
    software_i2c.o(i.i2c_transmit_dat) refers to software_i2c.o(i.i2c_delay) for i2c_delay
    software_i2c.o(i.i2c_transmit_dat) refers to software_i2c.o(i.i2c_send_data) for i2c_send_data
    software_i2c.o(i.i2c_transmit_dat) refers to software_i2c.o(i.i2c_sda_mod) for i2c_sda_mod
    software_i2c.o(i.i2c_transmit_dat) refers to stm32g0xx_hal_gpio.o(i.HAL_GPIO_ReadPin) for HAL_GPIO_ReadPin
    software_i2c.o(i.i2c_transmit_dat) refers to software_i2c.o(i.i2c_stop) for i2c_stop
    software_i2c.o(i.i2c_write_byte) refers to software_i2c.o(i.i2c_transmit_dat) for i2c_transmit_dat
    oled.o(i.OLED_CLS) refers to oled.o(i.OLED_Fill) for OLED_Fill
    oled.o(i.OLED_CheckDevice) refers to software_i2c.o(i.i2c_transmit_dat) for i2c_transmit_dat
    oled.o(i.OLED_DrawBMP) refers to oled.o(i.OLED_SetPos) for OLED_SetPos
    oled.o(i.OLED_DrawBMP) refers to oled.o(i.WriteDat) for WriteDat
    oled.o(i.OLED_Fill) refers to oled.o(i.WriteCmd) for WriteCmd
    oled.o(i.OLED_Fill) refers to oled.o(i.WriteDat) for WriteDat
    oled.o(i.OLED_Init) refers to software_i2c.o(i.i2c_init) for i2c_init
    oled.o(i.OLED_Init) refers to stm32g0xx_hal.o(i.HAL_Delay) for HAL_Delay
    oled.o(i.OLED_Init) refers to oled.o(i.WriteCmd) for WriteCmd
    oled.o(i.OLED_Init) refers to oled.o(i.OLED_Fill) for OLED_Fill
    oled.o(i.OLED_OFF) refers to oled.o(i.WriteCmd) for WriteCmd
[...]
    Removing u8g2_polygon.o(i.u8g2_DrawTriangle), (56 bytes).
    Removing u8g2_polygon.o(.bss), (76 bytes).
    Removing u8g2_selection_list.o(i.u8g2_DrawSelectionList), (116 bytes).
    Removing u8g2_selection_list.o(i.u8g2_DrawUTF8Line), (202 bytes).
    Removing u8g2_selection_list.o(i.u8g2_DrawUTF8Lines), (74 bytes).
    Removing u8g2_selection_list.o(i.u8g2_UserInterfaceSelectionList), (262 bytes).
    Removing u8g2_setup.o(i.u8g2_SendF), (20 bytes).
    Removing u8g2_setup.o(i.u8g2_SetClipWindow), (24 bytes).
    Removing u8g2_setup.o(i.u8g2_SetDisplayRotation), (20 bytes).
    Removing u8g2_setup.o(i.u8g2_Setup_null), (52 bytes).
    Removing u8g2_setup.o(i.u8g2_draw_l90_mirrorr_r0), (32 bytes).
    Removing u8g2_setup.o(i.u8g2_draw_l90_r1), (42 bytes).
    Removing u8g2_setup.o(i.u8g2_draw_l90_r2), (56 bytes).
    Removing u8g2_setup.o(i.u8g2_draw_l90_r3), (44 bytes).
    Removing u8g2_setup.o(i.u8g2_update_dimension_r1), (24 bytes).
    Removing u8g2_setup.o(i.u8g2_update_dimension_r2), (8 bytes).
    Removing u8g2_setup.o(i.u8g2_update_dimension_r3), (24 bytes).
    Removing u8g2_setup.o(i.u8g2_update_page_win_r1), (32 bytes).
    Removing u8g2_setup.o(i.u8g2_update_page_win_r2), (44 bytes).
    Removing u8g2_setup.o(i.u8g2_update_page_win_r3), (46 bytes).
    Removing u8g2_setup.o(.constdata), (12 bytes).
    Removing u8g2_setup.o(.constdata), (12 bytes).
    Removing u8g2_setup.o(.constdata), (12 bytes).
    Removing u8g2_setup.o(.constdata), (12 bytes).
    Removing u8g2_setup.o(.data), (8 bytes).
    Removing u8log.o(i.u8log_Init), (30 bytes).
    Removing u8log.o(i.u8log_SetCallback), (6 bytes).
    Removing u8log.o(i.u8log_SetLineHeightOffset), (4 bytes).
    Removing u8log.o(i.u8log_SetRedrawMode), (4 bytes).
    Removing u8log.o(i.u8log_WriteChar), (38 bytes).
    Removing u8log.o(i.u8log_WriteDec16), (24 bytes).
    Removing u8log.o(i.u8log_WriteDec8), (24 bytes).
    Removing u8log.o(i.u8log_WriteHex16), (22 bytes).
    Removing u8log.o(i.u8log_WriteHex32), (22 bytes).
    Removing u8log.o(i.u8log_WriteHex8), (22 bytes).
    Removing u8log.o(i.u8log_WriteHexHalfByte), (22 bytes).
    Removing u8log.o(i.u8log_WriteString), (24 bytes).
    Removing u8log.o(i.u8log_clear_screen), (24 bytes).
    Removing u8log.o(i.u8log_cursor_on_screen), (94 bytes).
    Removing u8log.o(i.u8log_write_char), (120 bytes).
    Removing u8log_u8g2.o(i.u8g2_DrawLog), (94 bytes).
    Removing u8log_u8g2.o(i.u8log_u8g2_cb), (52 bytes).
    Removing u8log_u8x8.o(i.u8log_u8x8_cb), (46 bytes).
    Removing u8log_u8x8.o(i.u8x8_DrawLog), (46 bytes).
    Removing u8log_u8x8.o(i.u8x8_DrawLogLine), (50 bytes).
    Removing u8x8_8x8.o(i.u8x8_Draw1x2Glyph), (134 bytes).
    Removing u8x8_8x8.o(i.u8x8_Draw1x2String), (16 bytes).
    Removing u8x8_8x8.o(i.u8x8_Draw1x2UTF8), (16 bytes).
    Removing u8x8_8x8.o(i.u8x8_Draw2x2Glyph), (74 bytes).
    Removing u8x8_8x8.o(i.u8x8_Draw2x2String), (16 bytes).
    Removing u8x8_8x8.o(i.u8x8_Draw2x2UTF8), (16 bytes).
    Removing u8x8_8x8.o(i.u8x8_DrawGlyph), (84 bytes).
    Removing u8x8_8x8.o(i.u8x8_DrawString), (16 bytes).
    Removing u8x8_8x8.o(i.u8x8_DrawUTF8), (16 bytes).
    Removing u8x8_8x8.o(i.u8x8_GetUTF8Len), (48 bytes).
    Removing u8x8_8x8.o(i.u8x8_SetFont), (4 bytes).
    Removing u8x8_8x8.o(i.u8x8_draw_1x2_string), (80 bytes).
    Removing u8x8_8x8.o(i.u8x8_draw_2x2_string), (84 bytes).
    Removing u8x8_8x8.o(i.u8x8_draw_2x2_subglyph), (144 bytes).
    Removing u8x8_8x8.o(i.u8x8_draw_string), (80 bytes).
    Removing u8x8_8x8.o(i.u8x8_get_glyph_data), (100 bytes).
    Removing u8x8_8x8.o(i.u8x8_upscale_buf), (24 bytes).
    Removing u8x8_8x8.o(i.u8x8_upscale_byte), (44 bytes).
    Removing u8x8_byte.o(i.u8x8_byte_3wire_sw_spi), (252 bytes).
    Removing u8x8_byte.o(i.u8x8_byte_4wire_sw_spi), (232 bytes).
    Removing u8x8_byte.o(i.u8x8_byte_8bit_6800mode), (208 bytes).
    Removing u8x8_byte.o(i.u8x8_byte_8bit_8080mode), (208 bytes).
    Removing u8x8_byte.o(i.u8x8_byte_SendBytes), (16 bytes).
    Removing u8x8_byte.o(i.u8x8_byte_SetDC), (16 bytes).
    Removing u8x8_byte.o(i.u8x8_byte_empty), (4 bytes).
    Removing u8x8_byte.o(i.u8x8_byte_ks0108), (204 bytes).
    Removing u8x8_byte.o(i.u8x8_byte_sed1520), (208 bytes).
    Removing u8x8_byte.o(i.u8x8_byte_set_ks0108_cs), (44 bytes).
    Removing u8x8_byte.o(.data), (2 bytes).
    Removing u8x8_cad.o(i.u8x8_SendF), (20 bytes).
    Removing u8x8_cad.o(i.u8x8_cad_001), (76 bytes).
    Removing u8x8_cad.o(i.u8x8_cad_011), (80 bytes).
    Removing u8x8_cad.o(i.u8x8_cad_100), (80 bytes).
    Removing u8x8_cad.o(i.u8x8_cad_110), (76 bytes).
    Removing u8x8_cad.o(i.u8x8_cad_SendMultipleArg), (34 bytes).
    Removing u8x8_cad.o(i.u8x8_cad_empty), (44 bytes).
    Removing u8x8_cad.o(i.u8x8_cad_ld7032_i2c), (176 bytes).
    Removing u8x8_cad.o(i.u8x8_cad_ssd13xx_i2c), (118 bytes).
    Removing u8x8_cad.o(i.u8x8_cad_st75256_i2c), (128 bytes).
    Removing u8x8_cad.o(i.u8x8_cad_st7920_spi), (240 bytes).
    Removing u8x8_cad.o(i.u8x8_cad_uc16xx_i2c), (228 bytes).
    Removing u8x8_cad.o(i.u8x8_cad_vsendf), (80 bytes).
    Removing u8x8_cad.o(.bss), (16 bytes).
    Removing u8x8_capture.o(i.u8x8_capture_get_pixel_1), (30 bytes).
    Removing u8x8_capture.o(i.u8x8_capture_get_pixel_2), (32 bytes).
    Removing u8x8_capture.o(i.u8x8_capture_write_pbm_buffer), (88 bytes).
    Removing u8x8_capture.o(i.u8x8_capture_write_pbm_pre), (48 bytes).
    Removing u8x8_capture.o(i.u8x8_capture_write_xbm_buffer), (200 bytes).
    Removing u8x8_capture.o(i.u8x8_capture_write_xbm_pre), (132 bytes).
    Removing u8x8_d_a2printer.o(i.get_delay_in_milliseconds), (30 bytes).
    Removing u8x8_d_a2printer.o(i.u8x8_d_a2printer_384x240), (28 bytes).
    Removing u8x8_d_a2printer.o(i.u8x8_d_a2printer_common), (250 bytes).
    Removing u8x8_d_a2printer.o(.constdata), (24 bytes).
    Removing u8x8_d_ssd1306_128x64_noname.o(i.u8x8_d_sh1106_128x64_noname), (60 bytes).
    Removing u8x8_d_ssd1306_128x64_noname.o(i.u8x8_d_sh1106_128x64_vcomh0), (60 bytes).
    Removing u8x8_d_ssd1306_128x64_noname.o(i.u8x8_d_sh1106_128x64_winstar), (60 bytes).
    Removing u8x8_d_ssd1306_128x64_noname.o(i.u8x8_d_ssd1306_128x64_alt0), (60 bytes).
    Removing u8x8_d_ssd1306_128x64_noname.o(i.u8x8_d_ssd1306_128x64_vcomh0), (60 bytes).
    Removing u8x8_debounce.o(i.u8x8_GetMenuEvent), (170 bytes).
    Removing u8x8_display.o(i.u8x8_ClearDisplay), (16 bytes).
    Removing u8x8_display.o(i.u8x8_ClearDisplayWithTile), (52 bytes).
    Removing u8x8_display.o(i.u8x8_ClearLine), (44 bytes).
    Removing u8x8_display.o(i.u8x8_FillDisplay), (28 bytes).
    Removing u8x8_display.o(i.u8x8_SetContrast), (16 bytes).
    Removing u8x8_display.o(i.u8x8_SetFlipMode), (16 bytes).
    Removing u8x8_fonts.o(.constdata), (1796 bytes).
    Removing u8x8_fonts.o(.constdata), (764 bytes).
    Removing u8x8_fonts.o(.constdata), (220 bytes).
    Removing u8x8_fonts.o(.constdata), (517 bytes).
    Removing u8x8_fonts.o(.constdata), (1796 bytes).
    Removing u8x8_fonts.o(.constdata), (764 bytes).
    Removing u8x8_fonts.o(.constdata), (220 bytes).
    Removing u8x8_fonts.o(.constdata), (1796 bytes).
    Removing u8x8_fonts.o(.constdata), (764 bytes).
    Removing u8x8_fonts.o(.constdata), (220 bytes).
    Removing u8x8_fonts.o(.constdata), (3588 bytes).
    Removing u8x8_fonts.o(.constdata), (1524 bytes).
    Removing u8x8_fonts.o(.constdata), (436 bytes).
    Removing u8x8_fonts.o(.constdata), (3588 bytes).
    Removing u8x8_fonts.o(.constdata), (1524 bytes).
    Removing u8x8_fonts.o(.constdata), (436 bytes).
    Removing u8x8_fonts.o(.constdata), (3588 bytes).
    Removing u8x8_fonts.o(.constdata), (1524 bytes).
    Removing u8x8_fonts.o(.constdata), (436 bytes).
    Removing u8x8_fonts.o(.constdata), (3588 bytes).
    Removing u8x8_fonts.o(.constdata), (1524 bytes).
    Removing u8x8_fonts.o(.constdata), (436 bytes).
    Removing u8x8_fonts.o(.constdata), (229 bytes).
    Removing u8x8_fonts.o(.constdata), (45 bytes).
    Removing u8x8_fonts.o(.constdata), (140 bytes).
    Removing u8x8_fonts.o(.constdata), (148 bytes).
    Removing u8x8_fonts.o(.constdata), (156 bytes).
    Removing u8x8_fonts.o(.constdata), (52 bytes).
    Removing u8x8_fonts.o(.constdata), (900 bytes).
    Removing u8x8_fonts.o(.constdata), (164 bytes).
    Removing u8x8_fonts.o(.constdata), (548 bytes).
    Removing u8x8_fonts.o(.constdata), (580 bytes).
    Removing u8x8_fonts.o(.constdata), (612 bytes).
    Removing u8x8_fonts.o(.constdata), (197 bytes).
    Removing u8x8_fonts.o(.constdata), (3588 bytes).
    Removing u8x8_fonts.o(.constdata), (644 bytes).
    Removing u8x8_fonts.o(.constdata), (2180 bytes).
    Removing u8x8_fonts.o(.constdata), (2308 bytes).
    Removing u8x8_fonts.o(.constdata), (2436 bytes).
    Removing u8x8_fonts.o(.constdata), (772 bytes).
    Removing u8x8_fonts.o(.constdata), (14340 bytes).
    Removing u8x8_fonts.o(.constdata), (2564 bytes).
    Removing u8x8_fonts.o(.constdata), (8708 bytes).
    Removing u8x8_fonts.o(.constdata), (9220 bytes).
    Removing u8x8_fonts.o(.constdata), (9732 bytes).
    Removing u8x8_fonts.o(.constdata), (3076 bytes).
    Removing u8x8_fonts.o(.constdata), (10756 bytes).
    Removing u8x8_fonts.o(.constdata), (4612 bytes).
    Removing u8x8_fonts.o(.constdata), (1300 bytes).
    Removing u8x8_fonts.o(.constdata), (772 bytes).
    Removing u8x8_fonts.o(.constdata), (220 bytes).
    Removing u8x8_fonts.o(.constdata), (517 bytes).
    Removing u8x8_fonts.o(.constdata), (764 bytes).
    Removing u8x8_fonts.o(.constdata), (220 bytes).
    Removing u8x8_fonts.o(.constdata), (517 bytes).
    Removing u8x8_fonts.o(.constdata), (772 bytes).
    Removing u8x8_fonts.o(.constdata), (220 bytes).
    Removing u8x8_fonts.o(.constdata), (517 bytes).
    Removing u8x8_fonts.o(.constdata), (220 bytes).
    Removing u8x8_fonts.o(.constdata), (517 bytes).
    Removing u8x8_fonts.o(.constdata), (772 bytes).
    Removing u8x8_fonts.o(.constdata), (220 bytes).
    Removing u8x8_fonts.o(.constdata), (517 bytes).
    Removing u8x8_fonts.o(.constdata), (772 bytes).
    Removing u8x8_fonts.o(.constdata), (220 bytes).
    Removing u8x8_fonts.o(.constdata), (517 bytes).
    Removing u8x8_fonts.o(.constdata), (772 bytes).
    Removing u8x8_fonts.o(.constdata), (220 bytes).
    Removing u8x8_fonts.o(.constdata), (517 bytes).
    Removing u8x8_fonts.o(.constdata), (10756 bytes).
    Removing u8x8_fonts.o(.constdata), (4564 bytes).
    Removing u8x8_fonts.o(.constdata), (1300 bytes).
    Removing u8x8_fonts.o(.constdata), (10756 bytes).
    Removing u8x8_fonts.o(.constdata), (4564 bytes).
    Removing u8x8_fonts.o(.constdata), (1300 bytes).
    Removing u8x8_fonts.o(.constdata), (21508 bytes).
    Removing u8x8_fonts.o(.constdata), (9124 bytes).
    Removing u8x8_fonts.o(.constdata), (2596 bytes).
    Removing u8x8_fonts.o(.constdata), (21508 bytes).
    Removing u8x8_fonts.o(.constdata), (9124 bytes).
    Removing u8x8_fonts.o(.constdata), (2596 bytes).
    Removing u8x8_fonts.o(.constdata), (7076 bytes).
    Removing u8x8_fonts.o(.constdata), (2916 bytes).
    Removing u8x8_fonts.o(.constdata), (868 bytes).
    Removing u8x8_fonts.o(.constdata), (7076 bytes).
    Removing u8x8_fonts.o(.constdata), (2916 bytes).
    Removing u8x8_fonts.o(.constdata), (868 bytes).
    Removing u8x8_fonts.o(.constdata), (14340 bytes).
    Removing u8x8_fonts.o(.constdata), (6084 bytes).
    Removing u8x8_fonts.o(.constdata), (1732 bytes).
    Removing u8x8_fonts.o(.constdata), (32260 bytes).
    Removing u8x8_fonts.o(.constdata), (13684 bytes).
    Removing u8x8_fonts.o(.constdata), (3892 bytes).
    Removing u8x8_fonts.o(.constdata), (24324 bytes).
    Removing u8x8_fonts.o(.constdata), (6916 bytes).
    Removing u8x8_fonts.o(.constdata), (14340 bytes).
    Removing u8x8_fonts.o(.constdata), (6084 bytes).
    Removing u8x8_fonts.o(.constdata), (1732 bytes).
    Removing u8x8_fonts.o(.constdata), (32260 bytes).
    Removing u8x8_fonts.o(.constdata), (13684 bytes).
    Removing u8x8_fonts.o(.constdata), (3892 bytes).
    Removing u8x8_fonts.o(.constdata), (24324 bytes).
    Removing u8x8_fonts.o(.constdata), (6916 bytes).
    Removing u8x8_fonts.o(.constdata), (1796 bytes).
    Removing u8x8_fonts.o(.constdata), (772 bytes).
    Removing u8x8_fonts.o(.constdata), (220 bytes).
    Removing u8x8_fonts.o(.constdata), (516 bytes).
    Removing u8x8_fonts.o(.constdata), (1796 bytes).
    Removing u8x8_fonts.o(.constdata), (772 bytes).
    Removing u8x8_fonts.o(.constdata), (220 bytes).
    Removing u8x8_fonts.o(.constdata), (517 bytes).
    Removing u8x8_fonts.o(.constdata), (1796 bytes).
    Removing u8x8_fonts.o(.constdata), (773 bytes).
    Removing u8x8_fonts.o(.constdata), (220 bytes).
    Removing u8x8_fonts.o(.constdata), (517 bytes).
    Removing u8x8_fonts.o(.constdata), (1796 bytes).
    Removing u8x8_fonts.o(.constdata), (772 bytes).
    Removing u8x8_fonts.o(.constdata), (220 bytes).
    Removing u8x8_fonts.o(.constdata), (517 bytes).
    Removing u8x8_fonts.o(.constdata), (1796 bytes).
    Removing u8x8_fonts.o(.constdata), (772 bytes).
    Removing u8x8_fonts.o(.constdata), (220 bytes).
    Removing u8x8_fonts.o(.constdata), (517 bytes).
    Removing u8x8_fonts.o(.constdata), (7172 bytes).
    Removing u8x8_fonts.o(.constdata), (3077 bytes).
    Removing u8x8_fonts.o(.constdata), (868 bytes).
    Removing u8x8_fonts.o(.constdata), (7172 bytes).
    Removing u8x8_fonts.o(.constdata), (3077 bytes).
    Removing u8x8_fonts.o(.constdata), (868 bytes).
    Removing u8x8_input_value.o(i.u8x8_UserInterfaceInputValue), (256 bytes).
    Removing u8x8_message.o(i.u8x8_UserInterfaceMessage), (238 bytes).
    Removing u8x8_message.o(i.u8x8_draw_button_line), (152 bytes).
    Removing u8x8_selection_list.o(i.u8sl_Next), (42 bytes).
    Removing u8x8_selection_list.o(i.u8sl_Prev), (42 bytes).
    Removing u8x8_selection_list.o(i.u8x8_DrawSelectionList), (42 bytes).
    Removing u8x8_selection_list.o(i.u8x8_UserInterfaceSelectionList), (180 bytes).
    Removing u8x8_selection_list.o(i.u8x8_sl_string_line_cb), (76 bytes).
    Removing u8x8_setup.o(i.u8x8_d_null_cb), (32 bytes).
    Removing u8x8_setup.o(.constdata), (24 bytes).
    Removing u8x8_string.o(i.u8x8_CopyStringLine), (44 bytes).
    Removing u8x8_string.o(i.u8x8_DrawUTF8Line), (112 bytes).
    Removing u8x8_string.o(i.u8x8_DrawUTF8Lines), (60 bytes).
    Removing u8x8_string.o(i.u8x8_GetStringLineCnt), (28 bytes).
    Removing u8x8_string.o(i.u8x8_GetStringLineStart), (38 bytes).
    Removing u8x8_u8toa.o(i.u8x8_u8toa), (24 bytes).
    Removing u8x8_u8toa.o(i.u8x8_u8toap), (44 bytes).
    Removing u8x8_u8toa.o(.constdata), (3 bytes).
    Removing u8x8_u8toa.o(.data), (4 bytes).
    Removing u8x8_u16toa.o(i.u8x8_u16toa), (24 bytes).
    Removing u8x8_u16toa.o(i.u8x8_u16toap), (56 bytes).
    Removing u8x8_u16toa.o(i.u8x8_utoa), (28 bytes).
    Removing u8x8_u16toa.o(.data), (6 bytes).
    Removing dadd.o(.text), (356 bytes).
    Removing dmul.o(.text), (208 bytes).
    Removing ddiv.o(.text), (240 bytes).
    Removing dfixul.o(.text), (64 bytes).
    Removing cdrcmple.o(.text), (40 bytes).
    Removing depilogue.o(.text), (190 bytes).
    Removing depilogue.o(i.__ARM_clz), (46 bytes).

2231 unused section(s) (total 11061393 bytes) removed from the image.

==============================================================================

Image Symbol Table

    Local Symbols

    Symbol Name                              Value     Ov Type        Size  Object(Section)

    ../Core/Src/gpio.c                       0x00000000   Number         0  gpio.o ABSOLUTE
    ../Core/Src/main.c                       0x00000000   Number         0  main.o ABSOLUTE
    ../Core/Src/stm32g0xx_hal_msp.c          0x00000000   Number         0  stm32g0xx_hal_msp.o ABSOLUTE
    ../Core/Src/stm32g0xx_it.c               0x00000000   Number         0  stm32g0xx_it.o ABSOLUTE
    ../Core/Src/system_stm32g0xx.c           0x00000000   Number         0  system_stm32g0xx.o ABSOLUTE
    ../Drivers/STM32G0xx_HAL_Driver/Src/stm32g0xx_hal.c 0x00000000   Number         0  stm32g0xx_hal.o ABSOLUTE
    ../Drivers/STM32G0xx_HAL_Driver/Src/stm32g0xx_hal_cortex.c 0x00000000   Number         0  stm32g0xx_hal_cortex.o ABSOLUTE
    ../Drivers/STM32G0xx_HAL_Driver/Src/stm32g0xx_hal_dma.c 0x00000000   Number         0  stm32g0xx_hal_dma.o ABSOLUTE
    ../Drivers/STM32G0xx_HAL_Driver/Src/stm32g0xx_hal_dma_ex.c 0x00000000   Number         0  stm32g0xx_hal_dma_ex.o ABSOLUTE
    ../Drivers/STM32G0xx_HAL_Driver/Src/stm32g0xx_hal_exti.c 0x00000000   Number         0  stm32g0xx_hal_exti.o ABSOLUTE
    ../Drivers/STM32G0xx_HAL_Driver/Src/stm32g0xx_hal_flash.c 0x00000000   Number         0  stm32g0xx_hal_flash.o ABSOLUTE
    ../Drivers/STM32G0xx_HAL_Driver/Src/stm32g0xx_hal_flash_ex.c 0x00000000   Number         0  stm32g0xx_hal_flash_ex.o ABSOLUTE
    ../Drivers/STM32G0xx_HAL_Driver/Src/stm32g0xx_hal_gpio.c 0x00000000   Number         0  stm32g0xx_hal_gpio.o ABSOLUTE
    ../Drivers/STM32G0xx_HAL_Driver/Src/stm32g0xx_hal_pwr.c 0x00000000   Number         0  stm32g0xx_hal_pwr.o ABSOLUTE
    ../Drivers/STM32G0xx_HAL_Driver/Src/stm32g0xx_hal_pwr_ex.c 0x00000000   Number         0  stm32g0xx_hal_pwr_ex.o ABSOLUTE
    ../Drivers/STM32G0xx_HAL_Driver/Src/stm32g0xx_hal_rcc.c 0x00000000   Number         0  stm32g0xx_hal_rcc.o ABSOLUTE
    ../Drivers/STM32G0xx_HAL_Driver/Src/stm32g0xx_hal_rcc_ex.c 0x00000000   Number         0  stm32g0xx_hal_rcc_ex.o ABSOLUTE
    ../Drivers/STM32G0xx_HAL_Driver/Src/stm32g0xx_hal_tim.c 0x00000000   Number         0  stm32g0xx_hal_tim.o ABSOLUTE
    ../Drivers/STM32G0xx_HAL_Driver/Src/stm32g0xx_hal_tim_ex.c 0x00000000   Number         0  stm32g0xx_hal_tim_ex.o ABSOLUTE
    ../Drivers/STM32G0xx_HAL_Driver/Src/stm32g0xx_ll_dma.c 0x00000000   Number         0  stm32g0xx_ll_dma.o ABSOLUTE
    ../Drivers/STM32G0xx_HAL_Driver/Src/stm32g0xx_ll_rcc.c 0x00000000   Number         0  stm32g0xx_ll_rcc.o ABSOLUTE
    ../clib/microlib/division.c              0x00000000   Number         0  uldiv.o ABSOLUTE
    ../clib/microlib/division.c              0x00000000   Number         0  uidiv.o ABSOLUTE
    ../clib/microlib/division.c              0x00000000   Number         0  idiv.o ABSOLUTE
    ../clib/microlib/init/entry.s            0x00000000   Number         0  entry10b.o ABSOLUTE
    ../clib/microlib/init/entry.s            0x00000000   Number         0  entry11a.o ABSOLUTE
    ../clib/microlib/init/entry.s            0x00000000   Number         0  entry11b.o ABSOLUTE
    ../clib/microlib/init/entry.s            0x00000000   Number         0  entry9b.o ABSOLUTE
    ../clib/microlib/init/entry.s            0x00000000   Number         0  entry2.o ABSOLUTE
    ../clib/microlib/init/entry.s            0x00000000   Number         0  entry5.o ABSOLUTE
    ../clib/microlib/init/entry.s            0x00000000   Number         0  entry7a.o ABSOLUTE
    ../clib/microlib/init/entry.s            0x00000000   Number         0  entry.o ABSOLUTE
    ../clib/microlib/init/entry.s            0x00000000   Number         0  entry7b.o ABSOLUTE
    ../clib/microlib/init/entry.s            0x00000000   Number         0  entry8a.o ABSOLUTE
    ../clib/microlib/init/entry.s            0x00000000   Number         0  entry8b.o ABSOLUTE
    ../clib/microlib/init/entry.s            0x00000000   Number         0  entry9a.o ABSOLUTE
    ../clib/microlib/init/entry.s            0x00000000   Number         0  entry10a.o ABSOLUTE
    ../clib/microlib/longlong.c              0x00000000   Number         0  llshl.o ABSOLUTE
    ../clib/microlib/longlong.c              0x00000000   Number         0  llsshr.o ABSOLUTE
    ../clib/microlib/longlong.c              0x00000000   Number         0  llushr.o ABSOLUTE
    ../clib/microlib/printf/printf.c         0x00000000   Number         0  printf1.o ABSOLUTE
    ../clib/microlib/printf/printf.c         0x00000000   Number         0  printfb.o ABSOLUTE
    ../clib/microlib/printf/printf.c         0x00000000   Number         0  printf5.o ABSOLUTE
    ../clib/microlib/printf/printf.c         0x00000000   Number         0  printf0.o ABSOLUTE
    ../clib/microlib/printf/printf.c         0x00000000   Number         0  printfa.o ABSOLUTE
    ../clib/microlib/printf/printf.c         0x00000000   Number         0  printf8.o ABSOLUTE
    ../clib/microlib/printf/printf.c         0x00000000   Number         0  printf7.o ABSOLUTE
    ../clib/microlib/printf/printf.c         0x00000000   Number         0  printf6.o ABSOLUTE
    ../clib/microlib/printf/printf.c         0x00000000   Number         0  printf4.o ABSOLUTE
    ../clib/microlib/printf/printf.c         0x00000000   Number         0  printf3.o ABSOLUTE
    ../clib/microlib/printf/printf.c         0x00000000   Number         0  printf2.o ABSOLUTE
    ../clib/microlib/printf/stubs.s          0x00000000   Number         0  stubs.o ABSOLUTE
    ../clib/microlib/stdio/fputc.c           0x00000000   Number         0  fputc.o ABSOLUTE
    ../clib/microlib/stdio/semi.s            0x00000000   Number         0  semi.o ABSOLUTE
    ../clib/microlib/stdio/streams.c         0x00000000   Number         0  stdout.o ABSOLUTE
    ../clib/microlib/string/memset.c         0x00000000   Number         0  memseta.o ABSOLUTE
    ../clib/microlib/stubs.s                 0x00000000   Number         0  iusesemip.o ABSOLUTE
    ../clib/microlib/stubs.s                 0x00000000   Number         0  iusefp.o ABSOLUTE
    ../fplib/microlib/fpadd.c                0x00000000   Number         0  dadd.o ABSOLUTE
    ../fplib/microlib/fpdiv.c                0x00000000   Number         0  ddiv.o ABSOLUTE
    ../fplib/microlib/fpepilogue.c           0x00000000   Number         0  depilogue.o ABSOLUTE
    ../fplib/microlib/fpfix.c                0x00000000   Number         0  dfixul.o ABSOLUTE
    ../fplib/microlib/fpmul.c                0x00000000   Number         0  dmul.o ABSOLUTE
    ..\Core\Src\gpio.c                       0x00000000   Number         0  gpio.o ABSOLUTE
    ..\Core\Src\main.c                       0x00000000   Number         0  main.o ABSOLUTE
    ..\Core\Src\stm32g0xx_hal_msp.c          0x00000000   Number         0  stm32g0xx_hal_msp.o ABSOLUTE
    ..\Core\Src\stm32g0xx_it.c               0x00000000   Number         0  stm32g0xx_it.o ABSOLUTE
    ..\Core\Src\system_stm32g0xx.c           0x00000000   Number         0  system_stm32g0xx.o ABSOLUTE
    ..\Drivers\STM32G0xx_HAL_Driver\Src\stm32g0xx_hal.c 0x00000000   Number         0  stm32g0xx_hal.o ABSOLUTE
    ..\Drivers\STM32G0xx_HAL_Driver\Src\stm32g0xx_hal_cortex.c 0x00000000   Number         0  stm32g0xx_hal_cortex.o ABSOLUTE
    ..\Drivers\STM32G0xx_HAL_Driver\Src\stm32g0xx_hal_dma.c 0x00000000   Number         0  stm32g0xx_hal_dma.o ABSOLUTE
    ..\Drivers\STM32G0xx_HAL_Driver\Src\stm32g0xx_hal_dma_ex.c 0x00000000   Number         0  stm32g0xx_hal_dma_ex.o ABSOLUTE
    ..\Drivers\STM32G0xx_HAL_Driver\Src\stm32g0xx_hal_exti.c 0x00000000   Number         0  stm32g0xx_hal_exti.o ABSOLUTE
    ..\Drivers\STM32G0xx_HAL_Driver\Src\stm32g0xx_hal_flash.c 0x00000000   Number         0  stm32g0xx_hal_flash.o ABSOLUTE
    ..\Drivers\STM32G0xx_HAL_Driver\Src\stm32g0xx_hal_flash_ex.c 0x00000000   Number         0  stm32g0xx_hal_flash_ex.o ABSOLUTE
    ..\Drivers\STM32G0xx_HAL_Driver\Src\stm32g0xx_hal_gpio.c 0x00000000   Number         0  stm32g0xx_hal_gpio.o ABSOLUTE
    ..\Drivers\STM32G0xx_HAL_Driver\Src\stm32g0xx_hal_pwr.c 0x00000000   Number         0  stm32g0xx_hal_pwr.o ABSOLUTE
    ..\Drivers\STM32G0xx_HAL_Driver\Src\stm32g0xx_hal_pwr_ex.c 0x00000000   Number         0  stm32g0xx_hal_pwr_ex.o ABSOLUTE
    ..\Drivers\STM32G0xx_HAL_Driver\Src\stm32g0xx_hal_rcc.c 0x00000000   Number         0  stm32g0xx_hal_rcc.o ABSOLUTE
    ..\Drivers\STM32G0xx_HAL_Driver\Src\stm32g0xx_hal_rcc_ex.c 0x00000000   Number         0  stm32g0xx_hal_rcc_ex.o ABSOLUTE
    ..\Drivers\STM32G0xx_HAL_Driver\Src\stm32g0xx_hal_tim.c 0x00000000   Number         0  stm32g0xx_hal_tim.o ABSOLUTE
    ..\Drivers\STM32G0xx_HAL_Driver\Src\stm32g0xx_hal_tim_ex.c 0x00000000   Number         0  stm32g0xx_hal_tim_ex.o ABSOLUTE
    ..\\myLib\\i2c\\software_i2c.c           0x00000000   Number         0  software_i2c.o ABSOLUTE
    ..\\myLib\\oled\\OLED.c                  0x00000000   Number         0  oled.o ABSOLUTE
    ..\myLib\i2c\software_i2c.c              0x00000000   Number         0  software_i2c.o ABSOLUTE
    ..\myLib\oled\OLED.c                     0x00000000   Number         0  oled.o ABSOLUTE
    ..\otherLib\u8g2\csrc\u8g2_bitmap.c      0x00000000   Number         0  u8g2_bitmap.o ABSOLUTE
    ..\otherLib\u8g2\csrc\u8g2_box.c         0x00000000   Number         0  u8g2_box.o ABSOLUTE
    ..\otherLib\u8g2\csrc\u8g2_buffer.c      0x00000000   Number         0  u8g2_buffer.o ABSOLUTE
    ..\otherLib\u8g2\csrc\u8g2_circle.c      0x00000000   Number         0  u8g2_circle.o ABSOLUTE
    ..\otherLib\u8g2\csrc\u8g2_cleardisplay.c 0x00000000   Number         0  u8g2_cleardisplay.o ABSOLUTE
    ..\otherLib\u8g2\csrc\u8g2_d_memory.c    0x00000000   Number         0  u8g2_d_memory.o ABSOLUTE
    ..\otherLib\u8g2\csrc\u8g2_d_setup.c     0x00000000   Number         0  u8g2_d_setup.o ABSOLUTE
    ..\otherLib\u8g2\csrc\u8g2_font.c        0x00000000   Number         0  u8g2_font.o ABSOLUTE
    ..\otherLib\u8g2\csrc\u8g2_fonts.c       0x00000000   Number         0  u8g2_fonts.o ABSOLUTE
    ..\otherLib\u8g2\csrc\u8g2_hvline.c      0x00000000   Number         0  u8g2_hvline.o ABSOLUTE
    ..\otherLib\u8g2\csrc\u8g2_input_value.c 0x00000000   Number         0  u8g2_input_value.o ABSOLUTE
    ..\otherLib\u8g2\csrc\u8g2_intersection.c 0x00000000   Number         0  u8g2_intersection.o ABSOLUTE
    ..\otherLib\u8g2\csrc\u8g2_kerning.c     0x00000000   Number         0  u8g2_kerning.o ABSOLUTE
    ..\otherLib\u8g2\csrc\u8g2_line.c        0x00000000   Number         0  u8g2_line.o ABSOLUTE
    ..\otherLib\u8g2\csrc\u8g2_ll_hvline.c   0x00000000   Number         0  u8g2_ll_hvline.o ABSOLUTE
    ..\otherLib\u8g2\csrc\u8g2_message.c     0x00000000   Number         0  u8g2_message.o ABSOLUTE
    ..\otherLib\u8g2\csrc\u8g2_polygon.c     0x00000000   Number         0  u8g2_polygon.o ABSOLUTE
    ..\otherLib\u8g2\csrc\u8g2_selection_list.c 0x00000000   Number         0  u8g2_selection_list.o ABSOLUTE
    ..\otherLib\u8g2\csrc\u8g2_setup.c       0x00000000   Number         0  u8g2_setup.o ABSOLUTE
    ..\otherLib\u8g2\csrc\u8log.c            0x00000000   Number         0  u8log.o ABSOLUTE
    ..\otherLib\u8g2\csrc\u8log_u8g2.c       0x00000000   Number         0  u8log_u8g2.o ABSOLUTE
    ..\otherLib\u8g2\csrc\u8log_u8x8.c       0x00000000   Number         0  u8log_u8x8.o ABSOLUTE
    ..\otherLib\u8g2\csrc\u8x8_8x8.c         0x00000000   Number         0  u8x8_8x8.o ABSOLUTE
    ..\otherLib\u8g2\csrc\u8x8_byte.c        0x00000000   Number         0  u8x8_byte.o ABSOLUTE
    ..\otherLib\u8g2\csrc\u8x8_cad.c         0x00000000   Number         0  u8x8_cad.o ABSOLUTE
    ..\otherLib\u8g2\csrc\u8x8_capture.c     0x00000000   Number         0  u8x8_capture.o ABSOLUTE
    ..\otherLib\u8g2\csrc\u8x8_d_a2printer.c 0x00000000   Number         0  u8x8_d_a2printer.o ABSOLUTE
    ..\otherLib\u8g2\csrc\u8x8_d_ssd1306_128x64_noname.c 0x00000000   Number         0  u8x8_d_ssd1306_128x64_noname.o ABSOLUTE
    ..\otherLib\u8g2\csrc\u8x8_debounce.c    0x00000000   Number         0  u8x8_debounce.o ABSOLUTE
    ..\otherLib\u8g2\csrc\u8x8_display.c     0x00000000   Number         0  u8x8_display.o ABSOLUTE
    ..\otherLib\u8g2\csrc\u8x8_fonts.c       0x00000000   Number         0  u8x8_fonts.o ABSOLUTE
    ..\otherLib\u8g2\csrc\u8x8_gpio.c        0x00000000   Number         0  u8x8_gpio.o ABSOLUTE
    ..\otherLib\u8g2\csrc\u8x8_input_value.c 0x00000000   Number         0  u8x8_input_value.o ABSOLUTE
    ..\otherLib\u8g2\csrc\u8x8_message.c     0x00000000   Number         0  u8x8_message.o ABSOLUTE
    ..\otherLib\u8g2\csrc\u8x8_selection_list.c 0x00000000   Number         0  u8x8_selection_list.o ABSOLUTE
    ..\otherLib\u8g2\csrc\u8x8_setup.c       0x00000000   Number         0  u8x8_setup.o ABSOLUTE
    ..\otherLib\u8g2\csrc\u8x8_string.c      0x00000000   Number         0  u8x8_string.o ABSOLUTE
    ..\otherLib\u8g2\csrc\u8x8_u16toa.c      0x00000000   Number         0  u8x8_u16toa.o ABSOLUTE
    ..\otherLib\u8g2\csrc\u8x8_u8toa.c       0x00000000   Number         0  u8x8_u8toa.o ABSOLUTE
    cdrcmple.s                               0x00000000   Number         0  cdrcmple.o ABSOLUTE
    dc.s                                     0x00000000   Number         0  dc.o ABSOLUTE
    handlers.s                               0x00000000   Number         0  handlers.o ABSOLUTE
    init.s                                   0x00000000   Number         0  init.o ABSOLUTE
    startup_stm32g070xx.s                    0x00000000   Number         0  startup_stm32g070xx.o ABSOLUTE
    RESET                                    0x08000000   Section      184  startup_stm32g070xx.o(RESET)
    .ARM.Collect$$$$00000000                 0x080000b8   Section        0  entry.o(.ARM.Collect$$$$00000000)
    .ARM.Collect$$$$00000001                 0x080000b8   Section        4  entry2.o(.ARM.Collect$$$$00000001)
    .ARM.Collect$$$$00000004                 0x080000bc   Section        4  entry5.o(.ARM.Collect$$$$00000004)
    .ARM.Collect$$$$00000008                 0x080000c0   Section        0  entry7b.o(.ARM.Collect$$$$00000008)
    .ARM.Collect$$$$0000000A                 0x080000c0   Section        0  entry8b.o(.ARM.Collect$$$$0000000A)
    .ARM.Collect$$$$0000000B                 0x080000c0   Section        8  entry9a.o(.ARM.Collect$$$$0000000B)
    .ARM.Collect$$$$0000000D                 0x080000c8   Section        0  entry10a.o(.ARM.Collect$$$$0000000D)
    .ARM.Collect$$$$0000000F                 0x080000c8   Section        0  entry11a.o(.ARM.Collect$$$$0000000F)
    .ARM.Collect$$$$00002712                 0x080000c8   Section        4  entry2.o(.ARM.Collect$$$$00002712)
    __lit__00000000                          0x080000c8   Data           4  entry2.o(.ARM.Collect$$$$00002712)
    .text                                    0x080000cc   Section       28  startup_stm32g070xx.o(.text)
    .text                                    0x080000e8   Section        0  uidiv.o(.text)
    .text                                    0x08000114   Section        0  memseta.o(.text)
    .text                                    0x08000138   Section       36  init.o(.text)
    i.HAL_Delay                              0x0800015c   Section        0  stm32g0xx_hal.o(i.HAL_Delay)
    i.HAL_GPIO_Init                          0x08000180   Section        0  stm32g0xx_hal_gpio.o(i.HAL_GPIO_Init)
    i.HAL_GPIO_ReadPin                       0x080002dc   Section        0  stm32g0xx_hal_gpio.o(i.HAL_GPIO_ReadPin)
    i.HAL_GPIO_WritePin                      0x080002e6   Section        0  stm32g0xx_hal_gpio.o(i.HAL_GPIO_WritePin)
    i.HAL_GetTick                            0x080002f4   Section        0  stm32g0xx_hal.o(i.HAL_GetTick)
    i.HAL_IncTick                            0x08000300   Section        0  stm32g0xx_hal.o(i.HAL_IncTick)
    i.HAL_Init                               0x08000310   Section        0  stm32g0xx_hal.o(i.HAL_Init)
    i.HAL_InitTick                           0x08000338   Section        0  stm32g0xx_hal.o(i.HAL_InitTick)
    i.HAL_MspInit                            0x08000380   Section        0  stm32g0xx_hal_msp.o(i.HAL_MspInit)
    i.HAL_NVIC_SetPriority                   0x080003b4   Section        0  stm32g0xx_hal_cortex.o(i.HAL_NVIC_SetPriority)
    i.HAL_PWREx_ControlVoltageScaling        0x080003bc   Section        0  stm32g0xx_hal_pwr_ex.o(i.HAL_PWREx_ControlVoltageScaling)
    i.HAL_RCC_ClockConfig                    0x08000408   Section        0  stm32g0xx_hal_rcc.o(i.HAL_RCC_ClockConfig)
    i.HAL_RCC_GetSysClockFreq                0x08000560   Section        0  stm32g0xx_hal_rcc.o(i.HAL_RCC_GetSysClockFreq)
    i.HAL_RCC_OscConfig                      0x080005ec   Section        0  stm32g0xx_hal_rcc.o(i.HAL_RCC_OscConfig)
    i.HAL_SYSCFG_StrobeDBattpinsConfig       0x080009cc   Section        0  stm32g0xx_hal.o(i.HAL_SYSCFG_StrobeDBattpinsConfig)
    i.HAL_SYSTICK_Config                     0x080009e0   Section        0  stm32g0xx_hal_cortex.o(i.HAL_SYSTICK_Config)
    i.HardFault_Handler                      0x08000a10   Section        0  stm32g0xx_it.o(i.HardFault_Handler)
    i.MX_GPIO_Init                           0x08000a14   Section        0  gpio.o(i.MX_GPIO_Init)
    i.NMI_Handler                            0x08000a2c   Section        0  stm32g0xx_it.o(i.NMI_Handler)
    i.OLED_Fill                              0x08000a2e   Section        0  oled.o(i.OLED_Fill)
    i.OLED_Init                              0x08000a64   Section        0  oled.o(i.OLED_Init)
    i.PendSV_Handler                         0x08000b28   Section        0  stm32g0xx_it.o(i.PendSV_Handler)
    i.SVC_Handler                            0x08000b2a   Section        0  stm32g0xx_it.o(i.SVC_Handler)
    i.SysTick_Handler                        0x08000b2c   Section        0  stm32g0xx_it.o(i.SysTick_Handler)
    i.SystemClock_Config                     0x08000b34   Section        0  main.o(i.SystemClock_Config)
    i.SystemInit                             0x08000b9c   Section        0  system_stm32g0xx.o(i.SystemInit)
    i.WriteCmd                               0x08000bac   Section        0  oled.o(i.WriteCmd)
    i.WriteDat                               0x08000bba   Section        0  oled.o(i.WriteDat)
    i.__0sprintf$1                           0x08000bc8   Section        0  printf1.o(i.__0sprintf$1)
    i.__ARM_common_switch8                   0x08000bf0   Section        0  stm32g0xx_hal_dma.o(i.__ARM_common_switch8)
    i.__NVIC_SetPriority                     0x08000c0c   Section        0  stm32g0xx_hal_cortex.o(i.__NVIC_SetPriority)
    __NVIC_SetPriority                       0x08000c0d   Thumb Code    60  stm32g0xx_hal_cortex.o(i.__NVIC_SetPriority)
    i.__scatterload_copy                     0x08000c50   Section       14  handlers.o(i.__scatterload_copy)
    i.__scatterload_null                     0x08000c5e   Section        2  handlers.o(i.__scatterload_null)
    i.__scatterload_zeroinit                 0x08000c60   Section       14  handlers.o(i.__scatterload_zeroinit)
    i._printf_core                           0x08000c70   Section        0  printf1.o(i._printf_core)
    _printf_core                             0x08000c71   Thumb Code   332  printf1.o(i._printf_core)
    i._sputc                                 0x08000dc0   Section        0  printf1.o(i._sputc)
    _sputc                                   0x08000dc1   Thumb Code    10  printf1.o(i._sputc)
    i.i2c_clear_scl                          0x08000dca   Section        0  u8x8_byte.o(i.i2c_clear_scl)
    i2c_clear_scl                            0x08000dcb   Thumb Code    12  u8x8_byte.o(i.i2c_clear_scl)
    i.i2c_clear_sda                          0x08000dd6   Section        0  u8x8_byte.o(i.i2c_clear_sda)
    i2c_clear_sda                            0x08000dd7   Thumb Code    12  u8x8_byte.o(i.i2c_clear_sda)
    i.i2c_delay                              0x08000de2   Section        0  software_i2c.o(i.i2c_delay)
    i2c_delay                                0x08000de3   Thumb Code    12  software_i2c.o(i.i2c_delay)
    i.i2c_delay                              0x08000dee   Section        0  u8x8_byte.o(i.i2c_delay)
    i2c_delay                                0x08000def   Thumb Code    14  u8x8_byte.o(i.i2c_delay)
    i.i2c_init                               0x08000dfc   Section        0  software_i2c.o(i.i2c_init)
    i.i2c_read_scl_and_delay                 0x08000e34   Section        0  u8x8_byte.o(i.i2c_read_scl_and_delay)
    i2c_read_scl_and_delay                   0x08000e35   Thumb Code    20  u8x8_byte.o(i.i2c_read_scl_and_delay)
    i.i2c_read_sda                           0x08000e48   Section        0  u8x8_byte.o(i.i2c_read_sda)
    i2c_read_sda                             0x08000e49   Thumb Code    12  u8x8_byte.o(i.i2c_read_sda)
    i.i2c_sda_mod                            0x08000e54   Section        0  software_i2c.o(i.i2c_sda_mod)
    i2c_sda_mod                              0x08000e55   Thumb Code    26  software_i2c.o(i.i2c_sda_mod)
    i.i2c_send_data                          0x08000e78   Section        0  software_i2c.o(i.i2c_send_data)
    i2c_send_data                            0x08000e79   Thumb Code    88  software_i2c.o(i.i2c_send_data)
    i.i2c_stop                               0x08000ed4   Section        0  software_i2c.o(i.i2c_stop)
    i2c_stop                                 0x08000ed5   Thumb Code    40  software_i2c.o(i.i2c_stop)
    i.i2c_transmit_dat                       0x08000f00   Section        0  software_i2c.o(i.i2c_transmit_dat)
    i.i2c_write_bit                          0x08000fb8   Section        0  u8x8_byte.o(i.i2c_write_bit)
    i2c_write_bit                            0x08000fb9   Thumb Code    38  u8x8_byte.o(i.i2c_write_bit)
    i.i2c_write_byte                         0x08000fde   Section        0  software_i2c.o(i.i2c_write_byte)
    i.i2c_write_byte                         0x08000ff2   Section        0  u8x8_byte.o(i.i2c_write_byte)
    i2c_write_byte                           0x08000ff3   Thumb Code   134  u8x8_byte.o(i.i2c_write_byte)
    i.main                                   0x08001078   Section        0  main.o(i.main)
    i.u8g2Init                               0x080010fc   Section        0  oled.o(i.u8g2Init)
    i.u8g2_ClearBuffer                       0x08001138   Section        0  u8g2_buffer.o(i.u8g2_ClearBuffer)
    i.u8g2_DrawCircle                        0x0800114e   Section        0  u8g2_circle.o(i.u8g2_DrawCircle)
    i.u8g2_DrawGlyph                         0x0800118c   Section        0  u8g2_font.o(i.u8g2_DrawGlyph)
    i.u8g2_DrawHVLine                        0x080011fa   Section        0  u8g2_hvline.o(i.u8g2_DrawHVLine)
    i.u8g2_DrawHXBMP                         0x08001296   Section        0  u8g2_bitmap.o(i.u8g2_DrawHXBMP)
    i.u8g2_DrawPixel                         0x08001316   Section        0  u8g2_hvline.o(i.u8g2_DrawPixel)
    i.u8g2_DrawStr                           0x08001340   Section        0  u8g2_font.o(i.u8g2_DrawStr)
    i.u8g2_DrawUTF8                          0x08001350   Section        0  u8g2_font.o(i.u8g2_DrawUTF8)
    i.u8g2_DrawXBMP                          0x08001360   Section        0  u8g2_bitmap.o(i.u8g2_DrawXBMP)
    i.u8g2_IsIntersection                    0x080013b0   Section        0  u8g2_intersection.o(i.u8g2_IsIntersection)
    i.u8g2_SendBuffer                        0x080013d6   Section        0  u8g2_buffer.o(i.u8g2_SendBuffer)
    i.u8g2_SetFont                           0x080013e6   Section        0  u8g2_font.o(i.u8g2_SetFont)
    i.u8g2_SetFontPosBaseline                0x08001404   Section        0  u8g2_font.o(i.u8g2_SetFontPosBaseline)
    i.u8g2_SetMaxClipWindow                  0x08001410   Section        0  u8g2_setup.o(i.u8g2_SetMaxClipWindow)
    i.u8g2_SetupBuffer                       0x08001426   Section        0  u8g2_setup.o(i.u8g2_SetupBuffer)
    i.u8g2_Setup_ssd1306_i2c_128x64_noname_f 0x08001464   Section        0  u8g2_d_setup.o(i.u8g2_Setup_ssd1306_i2c_128x64_noname_f)
    i.u8g2_UpdateRefHeight                   0x0800149c   Section        0  u8g2_font.o(i.u8g2_UpdateRefHeight)
    i.u8g2_add_vector_x                      0x080014ea   Section        0  u8g2_font.o(i.u8g2_add_vector_x)
    i.u8g2_add_vector_y                      0x08001508   Section        0  u8g2_font.o(i.u8g2_add_vector_y)
    i.u8g2_apply_clip_window                 0x08001526   Section        0  u8g2_setup.o(i.u8g2_apply_clip_window)
    u8g2_apply_clip_window                   0x08001527   Thumb Code    82  u8g2_setup.o(i.u8g2_apply_clip_window)
    i.u8g2_clip_intersection2                0x08001578   Section        0  u8g2_hvline.o(i.u8g2_clip_intersection2)
    u8g2_clip_intersection2                  0x08001579   Thumb Code    60  u8g2_hvline.o(i.u8g2_clip_intersection2)
    i.u8g2_draw_circle                       0x080015b4   Section        0  u8g2_circle.o(i.u8g2_draw_circle)
    u8g2_draw_circle                         0x080015b5   Thumb Code    86  u8g2_circle.o(i.u8g2_draw_circle)
    i.u8g2_draw_circle_section               0x0800160a   Section        0  u8g2_circle.o(i.u8g2_draw_circle_section)
    u8g2_draw_circle_section                 0x0800160b   Thumb Code   176  u8g2_circle.o(i.u8g2_draw_circle_section)
    i.u8g2_draw_hv_line_2dir                 0x080016ba   Section        0  u8g2_hvline.o(i.u8g2_draw_hv_line_2dir)
    i.u8g2_draw_l90_r0                       0x080016ce   Section        0  u8g2_setup.o(i.u8g2_draw_l90_r0)
    i.u8g2_draw_string                       0x080016dc   Section        0  u8g2_font.o(i.u8g2_draw_string)
    u8g2_draw_string                         0x080016dd   Thumb Code   114  u8g2_font.o(i.u8g2_draw_string)
    i.u8g2_font_calc_vref_font               0x08001754   Section        0  u8g2_font.o(i.u8g2_font_calc_vref_font)
    i.u8g2_font_decode_get_signed_bits       0x08001758   Section        0  u8g2_font.o(i.u8g2_font_decode_get_signed_bits)
    i.u8g2_font_decode_get_unsigned_bits     0x0800176c   Section        0  u8g2_font.o(i.u8g2_font_decode_get_unsigned_bits)
    i.u8g2_font_decode_glyph                 0x080017a0   Section        0  u8g2_font.o(i.u8g2_font_decode_glyph)
    i.u8g2_font_decode_len                   0x080018b0   Section        0  u8g2_font.o(i.u8g2_font_decode_len)
    i.u8g2_font_get_glyph_data               0x0800193e   Section        0  u8g2_font.o(i.u8g2_font_get_glyph_data)
    i.u8g2_font_get_word                     0x080019a8   Section        0  u8g2_font.o(i.u8g2_font_get_word)
    u8g2_font_get_word                       0x080019a9   Thumb Code    14  u8g2_font.o(i.u8g2_font_get_word)
    i.u8g2_font_setup_decode                 0x080019b6   Section        0  u8g2_font.o(i.u8g2_font_setup_decode)
    u8g2_font_setup_decode                   0x080019b7   Thumb Code    58  u8g2_font.o(i.u8g2_font_setup_decode)
    i.u8g2_is_intersection_decision_tree     0x080019f0   Section        0  u8g2_intersection.o(i.u8g2_is_intersection_decision_tree)
    i.u8g2_ll_hvline_vertical_top_lsb        0x08001a08   Section        0  u8g2_ll_hvline.o(i.u8g2_ll_hvline_vertical_top_lsb)
    i.u8g2_m_16_8_f                          0x08001a94   Section        0  u8g2_d_memory.o(i.u8g2_m_16_8_f)
    i.u8g2_read_font_info                    0x08001aa0   Section        0  u8g2_font.o(i.u8g2_read_font_info)
    i.u8g2_send_buffer                       0x08001b0a   Section        0  u8g2_buffer.o(i.u8g2_send_buffer)
    u8g2_send_buffer                         0x08001b0b   Thumb Code    70  u8g2_buffer.o(i.u8g2_send_buffer)
    i.u8g2_update_dimension_common           0x08001b50   Section        0  u8g2_setup.o(i.u8g2_update_dimension_common)
    u8g2_update_dimension_common             0x08001b51   Thumb Code    74  u8g2_setup.o(i.u8g2_update_dimension_common)
    i.u8g2_update_dimension_r0               0x08001b9a   Section        0  u8g2_setup.o(i.u8g2_update_dimension_r0)
    i.u8g2_update_page_win_r0                0x08001ba2   Section        0  u8g2_setup.o(i.u8g2_update_page_win_r0)
    i.u8x8_DrawTile                          0x08001bc2   Section        0  u8x8_display.o(i.u8x8_DrawTile)
    i.u8x8_InitDisplay                       0x08001bdc   Section        0  u8x8_display.o(i.u8x8_InitDisplay)
    i.u8x8_RefreshDisplay                    0x08001bec   Section        0  u8x8_display.o(i.u8x8_RefreshDisplay)
    i.u8x8_SetPowerSave                      0x08001bfc   Section        0  u8x8_display.o(i.u8x8_SetPowerSave)
    i.u8x8_Setup                             0x08001c0c   Section        0  u8x8_setup.o(i.u8x8_Setup)
    i.u8x8_SetupDefaults                     0x08001c2c   Section        0  u8x8_setup.o(i.u8x8_SetupDefaults)
    i.u8x8_SetupMemory                       0x08001c50   Section        0  u8x8_display.o(i.u8x8_SetupMemory)
    i.u8x8_ascii_next                        0x08001c60   Section        0  u8x8_8x8.o(i.u8x8_ascii_next)
    i.u8x8_byte_EndTransfer                  0x08001c70   Section        0  u8x8_byte.o(i.u8x8_byte_EndTransfer)
    i.u8x8_byte_SendByte                     0x08001c80   Section        0  u8x8_byte.o(i.u8x8_byte_SendByte)
    i.u8x8_byte_StartTransfer                0x08001c8e   Section        0  u8x8_byte.o(i.u8x8_byte_StartTransfer)
    i.u8x8_byte_sw_i2c                       0x08001c9e   Section        0  u8x8_byte.o(i.u8x8_byte_sw_i2c)
    i.u8x8_cad_EndTransfer                   0x08001d58   Section        0  u8x8_cad.o(i.u8x8_cad_EndTransfer)
    i.u8x8_cad_SendArg                       0x08001d68   Section        0  u8x8_cad.o(i.u8x8_cad_SendArg)
    i.u8x8_cad_SendCmd                       0x08001d78   Section        0  u8x8_cad.o(i.u8x8_cad_SendCmd)
    i.u8x8_cad_SendData                      0x08001d88   Section        0  u8x8_cad.o(i.u8x8_cad_SendData)
    i.u8x8_cad_SendSequence                  0x08001d98   Section        0  u8x8_cad.o(i.u8x8_cad_SendSequence)
    i.u8x8_cad_StartTransfer                 0x08001dfe   Section        0  u8x8_cad.o(i.u8x8_cad_StartTransfer)
    i.u8x8_cad_ssd13xx_fast_i2c              0x08001e10   Section        0  u8x8_cad.o(i.u8x8_cad_ssd13xx_fast_i2c)
    i.u8x8_d_helper_display_init             0x08001ec8   Section        0  u8x8_display.o(i.u8x8_d_helper_display_init)
    i.u8x8_d_helper_display_setup_memory     0x08001f26   Section        0  u8x8_display.o(i.u8x8_d_helper_display_setup_memory)
    i.u8x8_d_ssd1306_128x64_noname           0x08001f30   Section        0  u8x8_d_ssd1306_128x64_noname.o(i.u8x8_d_ssd1306_128x64_noname)
    i.u8x8_d_ssd1306_sh1106_generic          0x08001f6c   Section        0  u8x8_d_ssd1306_128x64_noname.o(i.u8x8_d_ssd1306_sh1106_generic)
    u8x8_d_ssd1306_sh1106_generic            0x08001f6d   Thumb Code   192  u8x8_d_ssd1306_128x64_noname.o(i.u8x8_d_ssd1306_sh1106_generic)
    i.u8x8_dummy_cb                          0x08002030   Section        0  u8x8_setup.o(i.u8x8_dummy_cb)
    i.u8x8_gpio_and_delay                    0x08002034   Section        0  oled.o(i.u8x8_gpio_and_delay)
    i.u8x8_gpio_call                         0x08002088   Section        0  u8x8_gpio.o(i.u8x8_gpio_call)
    i.u8x8_i2c_data_transfer                 0x08002094   Section        0  u8x8_cad.o(i.u8x8_i2c_data_transfer)
    u8x8_i2c_data_transfer                   0x08002095   Thumb Code    40  u8x8_cad.o(i.u8x8_i2c_data_transfer)
    i.u8x8_utf8_init                         0x080020bc   Section        0  u8x8_8x8.o(i.u8x8_utf8_init)
    i.u8x8_utf8_next                         0x080020c4   Section        0  u8x8_8x8.o(i.u8x8_utf8_next)
    .constdata                               0x08002150   Section     2104  oled.o(.constdata)
    .constdata                               0x08002988   Section       64  system_stm32g0xx.o(.constdata)
    .constdata                               0x080029c8   Section    37502  u8g2_fonts.o(.constdata)
    .constdata                               0x0800bc48   Section       12  u8g2_setup.o(.constdata)
    .constdata                               0x0800bc54   Section      276  u8x8_d_ssd1306_128x64_noname.o(.constdata)
    u8x8_d_ssd1306_128x64_noname_powersave0_seq 0x0800bc54   Data           5  u8x8_d_ssd1306_128x64_noname.o(.constdata)
    u8x8_d_ssd1306_128x64_noname_powersave1_seq 0x0800bc59   Data           5  u8x8_d_ssd1306_128x64_noname.o(.constdata)
    u8x8_d_ssd1306_128x64_noname_flip0_seq   0x0800bc5e   Data           7  u8x8_d_ssd1306_128x64_noname.o(.constdata)
    u8x8_d_ssd1306_128x64_noname_flip1_seq   0x0800bc65   Data           7  u8x8_d_ssd1306_128x64_noname.o(.constdata)
    u8x8_d_ssd1306_128x64_noname_init_seq    0x0800bc6c   Data          53  u8x8_d_ssd1306_128x64_noname.o(.constdata)
    u8x8_d_ssd1306_128x64_vcomh0_init_seq    0x0800bca1   Data          53  u8x8_d_ssd1306_128x64_noname.o(.constdata)
    u8x8_d_ssd1306_128x64_alt0_init_seq      0x0800bcd6   Data          53  u8x8_d_ssd1306_128x64_noname.o(.constdata)
    u8x8_d_sh1106_128x64_winstar_init_seq    0x0800bd0b   Data          45  u8x8_d_ssd1306_128x64_noname.o(.constdata)
    u8x8_ssd1306_128x64_noname_display_info  0x0800bd38   Data          24  u8x8_d_ssd1306_128x64_noname.o(.constdata)
    u8x8_sh1106_128x64_noname_display_info   0x0800bd50   Data          24  u8x8_d_ssd1306_128x64_noname.o(.constdata)
    .data                                    0x20000000   Section       12  stm32g0xx_hal.o(.data)
    .data                                    0x2000000c   Section        4  system_stm32g0xx.o(.data)
    .data                                    0x20000010   Section        4  u8x8_cad.o(.data)
    in_transfer                              0x20000010   Data           1  u8x8_cad.o(.data)
    in_transfer                              0x20000011   Data           1  u8x8_cad.o(.data)
    in_transfer                              0x20000012   Data           1  u8x8_cad.o(.data)
    is_data                                  0x20000013   Data           1  u8x8_cad.o(.data)
    .bss                                     0x20000014   Section       20  software_i2c.o(.bss)
    .bss                                     0x20000028   Section     1024  u8g2_d_memory.o(.bss)
    buf                                      0x20000028   Data        1024  u8g2_d_memory.o(.bss)
    STACK                                    0x20000428   Section     1024  startup_stm32g070xx.o(STACK)

    Global Symbols

    Symbol Name                              Value     Ov Type        Size  Object(Section)

    BuildAttributes$$THM_ISAv3M$S$PE$A:L22$X:L11$S22$IEEE1$IW$USESV6$~STKCKD$USESV7$~SHL$OSPACE$ROPI$EBA8$MICROLIB$REQ8$PRES8$EABIv2 0x00000000   Number         0  anon$$obj.o ABSOLUTE
    __ARM_use_no_argv                        0x00000000   Number         0  main.o ABSOLUTE
    _printf_a                                0x00000000   Number         0  stubs.o ABSOLUTE
    _printf_c                                0x00000000   Number         0  stubs.o ABSOLUTE
    _printf_charcount                        0x00000000   Number         0  stubs.o ABSOLUTE
    _printf_d                                0x00000000   Number         0  stubs.o ABSOLUTE
    _printf_e                                0x00000000   Number         0  stubs.o ABSOLUTE
    _printf_f                                0x00000000   Number         0  stubs.o ABSOLUTE
    _printf_flags                            0x00000000   Number         0  stubs.o ABSOLUTE
    _printf_fp_dec                           0x00000000   Number         0  stubs.o ABSOLUTE
    _printf_fp_hex                           0x00000000   Number         0  stubs.o ABSOLUTE
    _printf_g                                0x00000000   Number         0  stubs.o ABSOLUTE
    _printf_i                                0x00000000   Number         0  stubs.o ABSOLUTE
    _printf_int_dec                          0x00000000   Number         0  stubs.o ABSOLUTE
    _printf_l                                0x00000000   Number         0  stubs.o ABSOLUTE
    _printf_lc                               0x00000000   Number         0  stubs.o ABSOLUTE
    _printf_ll                               0x00000000   Number         0  stubs.o ABSOLUTE
    _printf_lld                              0x00000000   Number         0  stubs.o ABSOLUTE
    _printf_lli                              0x00000000   Number         0  stubs.o ABSOLUTE
    _printf_llo                              0x00000000   Number         0  stubs.o ABSOLUTE
    _printf_llu                              0x00000000   Number         0  stubs.o ABSOLUTE
    _printf_llx                              0x00000000   Number         0  stubs.o ABSOLUTE
    _printf_longlong_dec                     0x00000000   Number         0  stubs.o ABSOLUTE
    _printf_longlong_hex                     0x00000000   Number         0  stubs.o ABSOLUTE
    _printf_longlong_oct                     0x00000000   Number         0  stubs.o ABSOLUTE
    _printf_ls                               0x00000000   Number         0  stubs.o ABSOLUTE
    _printf_mbtowc                           0x00000000   Number         0  stubs.o ABSOLUTE
    _printf_n                                0x00000000   Number         0  stubs.o ABSOLUTE
    _printf_o                                0x00000000   Number         0  stubs.o ABSOLUTE
    _printf_p                                0x00000000   Number         0  stubs.o ABSOLUTE
    _printf_percent                          0x00000000   Number         0  stubs.o ABSOLUTE
    _printf_pre_padding                      0x00000000   Number         0  stubs.o ABSOLUTE
    _printf_return_value                     0x00000000   Number         0  stubs.o ABSOLUTE
    _printf_s                                0x00000000   Number         0  stubs.o ABSOLUTE
    _printf_sizespec                         0x00000000   Number         0  stubs.o ABSOLUTE
    _printf_str                              0x00000000   Number         0  stubs.o ABSOLUTE
    _printf_truncate_signed                  0x00000000   Number         0  stubs.o ABSOLUTE
    _printf_truncate_unsigned                0x00000000   Number         0  stubs.o ABSOLUTE
    _printf_u                                0x00000000   Number         0  stubs.o ABSOLUTE
    _printf_wc                               0x00000000   Number         0  stubs.o ABSOLUTE
    _printf_wctomb                           0x00000000   Number         0  stubs.o ABSOLUTE
    _printf_widthprec                        0x00000000   Number         0  stubs.o ABSOLUTE
    _printf_x                                0x00000000   Number         0  stubs.o ABSOLUTE
    __cpp_initialize__aeabi_                  - Undefined Weak Reference
    __cxa_finalize                            - Undefined Weak Reference
    __decompress                              - Undefined Weak Reference
    _clock_init                               - Undefined Weak Reference
    _microlib_exit                            - Undefined Weak Reference
    __Vectors_Size                           0x000000b8   Number         0  startup_stm32g070xx.o ABSOLUTE
    __Vectors                                0x08000000   Data           4  startup_stm32g070xx.o(RESET)
    __Vectors_End                            0x080000b8   Data           0  startup_stm32g070xx.o(RESET)
    __main                                   0x080000b9   Thumb Code     0  entry.o(.ARM.Collect$$$$00000000)
    _main_stk                                0x080000b9   Thumb Code     0  entry2.o(.ARM.Collect$$$$00000001)
    _main_scatterload                        0x080000bd   Thumb Code     0  entry5.o(.ARM.Collect$$$$00000004)
    __main_after_scatterload                 0x080000c1   Thumb Code     0  entry5.o(.ARM.Collect$$$$00000004)
    _main_clock                              0x080000c1   Thumb Code     0  entry7b.o(.ARM.Collect$$$$00000008)
    _main_cpp_init                           0x080000c1   Thumb Code     0  entry8b.o(.ARM.Collect$$$$0000000A)
    _main_init                               0x080000c1   Thumb Code     0  entry9a.o(.ARM.Collect$$$$0000000B)
    __rt_final_cpp                           0x080000c9   Thumb Code     0  entry10a.o(.ARM.Collect$$$$0000000D)
    __rt_final_exit                          0x080000c9   Thumb Code     0  entry11a.o(.ARM.Collect$$$$0000000F)
    Reset_Handler                            0x080000cd   Thumb Code     8  startup_stm32g070xx.o(.text)
    ADC1_IRQHandler                          0x080000df   Thumb Code     0  startup_stm32g070xx.o(.text)
    DMA1_Ch4_7_DMAMUX1_OVR_IRQHandler        0x080000df   Thumb Code     0  startup_stm32g070xx.o(.text)
    DMA1_Channel1_IRQHandler                 0x080000df   Thumb Code     0  startup_stm32g070xx.o(.text)
    DMA1_Channel2_3_IRQHandler               0x080000df   Thumb Code     0  startup_stm32g070xx.o(.text)
    EXTI0_1_IRQHandler                       0x080000df   Thumb Code     0  startup_stm32g070xx.o(.text)
    EXTI2_3_IRQHandler                       0x080000df   Thumb Code     0  startup_stm32g070xx.o(.text)
    EXTI4_15_IRQHandler                      0x080000df   Thumb Code     0  startup_stm32g070xx.o(.text)
    FLASH_IRQHandler                         0x080000df   Thumb Code     0  startup_stm32g070xx.o(.text)
    I2C1_IRQHandler                          0x080000df   Thumb Code     0  startup_stm32g070xx.o(.text)
    I2C2_IRQHandler                          0x080000df   Thumb Code     0  startup_stm32g070xx.o(.text)
    RCC_IRQHandler                           0x080000df   Thumb Code     0  startup_stm32g070xx.o(.text)
    RTC_TAMP_IRQHandler                      0x080000df   Thumb Code     0  startup_stm32g070xx.o(.text)
    SPI1_IRQHandler                          0x080000df   Thumb Code     0  startup_stm32g070xx.o(.text)
    SPI2_IRQHandler                          0x080000df   Thumb Code     0  startup_stm32g070xx.o(.text)
    TIM14_IRQHandler                         0x080000df   Thumb Code     0  startup_stm32g070xx.o(.text)
    TIM15_IRQHandler                         0x080000df   Thumb Code     0  startup_stm32g070xx.o(.text)
    TIM16_IRQHandler                         0x080000df   Thumb Code     0  startup_stm32g070xx.o(.text)
    TIM17_IRQHandler                         0x080000df   Thumb Code     0  startup_stm32g070xx.o(.text)
    TIM1_BRK_UP_TRG_COM_IRQHandler           0x080000df   Thumb Code     0  startup_stm32g070xx.o(.text)
    TIM1_CC_IRQHandler                       0x080000df   Thumb Code     0  startup_stm32g070xx.o(.text)
    TIM3_IRQHandler                          0x080000df   Thumb Code     0  startup_stm32g070xx.o(.text)
    TIM6_IRQHandler                          0x080000df   Thumb Code     0  startup_stm32g070xx.o(.text)
    TIM7_IRQHandler                          0x080000df   Thumb Code     0  startup_stm32g070xx.o(.text)
    USART1_IRQHandler                        0x080000df   Thumb Code     0  startup_stm32g070xx.o(.text)
    USART2_IRQHandler                        0x080000df   Thumb Code     0  startup_stm32g070xx.o(.text)
    USART3_4_IRQHandler                      0x080000df   Thumb Code     0  startup_stm32g070xx.o(.text)
    WWDG_IRQHandler                          0x080000df   Thumb Code     0  startup_stm32g070xx.o(.text)
    __aeabi_uidiv                            0x080000e9   Thumb Code     0  uidiv.o(.text)
    __aeabi_uidivmod                         0x080000e9   Thumb Code    44  uidiv.o(.text)
    __aeabi_memset                           0x08000115   Thumb Code    14  memseta.o(.text)
    __aeabi_memset4                          0x08000115   Thumb Code     0  memseta.o(.text)
    __aeabi_memset8                          0x08000115   Thumb Code     0  memseta.o(.text)
    __aeabi_memclr                           0x08000123   Thumb Code     4  memseta.o(.text)
    __aeabi_memclr4                          0x08000123   Thumb Code     0  memseta.o(.text)
    __aeabi_memclr8                          0x08000123   Thumb Code     0  memseta.o(.text)
    _memset$wrapper                          0x08000127   Thumb Code    18  memseta.o(.text)
    __scatterload                            0x08000139   Thumb Code    28  init.o(.text)
    __scatterload_rt2                        0x08000139   Thumb Code     0  init.o(.text)
    HAL_Delay                                0x0800015d   Thumb Code    32  stm32g0xx_hal.o(i.HAL_Delay)
    HAL_GPIO_Init                            0x08000181   Thumb Code   330  stm32g0xx_hal_gpio.o(i.HAL_GPIO_Init)
    HAL_GPIO_ReadPin                         0x080002dd   Thumb Code    10  stm32g0xx_hal_gpio.o(i.HAL_GPIO_ReadPin)
    HAL_GPIO_WritePin                        0x080002e7   Thumb Code    12  stm32g0xx_hal_gpio.o(i.HAL_GPIO_WritePin)
    HAL_GetTick                              0x080002f5   Thumb Code     6  stm32g0xx_hal.o(i.HAL_GetTick)
    HAL_IncTick                              0x08000301   Thumb Code    12  stm32g0xx_hal.o(i.HAL_IncTick)
    HAL_Init                                 0x08000311   Thumb Code    36  stm32g0xx_hal.o(i.HAL_Init)
    HAL_InitTick                             0x08000339   Thumb Code    64  stm32g0xx_hal.o(i.HAL_InitTick)
    HAL_MspInit                              0x08000381   Thumb Code    46  stm32g0xx_hal_msp.o(i.HAL_MspInit)
    HAL_NVIC_SetPriority                     0x080003b5   Thumb Code     8  stm32g0xx_hal_cortex.o(i.HAL_NVIC_SetPriority)
    HAL_PWREx_ControlVoltageScaling          0x080003bd   Thumb Code    62  stm32g0xx_hal_pwr_ex.o(i.HAL_PWREx_ControlVoltageScaling)
    HAL_RCC_ClockConfig                      0x08000409   Thumb Code   318  stm32g0xx_hal_rcc.o(i.HAL_RCC_ClockConfig)
    HAL_RCC_GetSysClockFreq                  0x08000561   Thumb Code   130  stm32g0xx_hal_rcc.o(i.HAL_RCC_GetSysClockFreq)
    HAL_RCC_OscConfig                        0x080005ed   Thumb Code   954  stm32g0xx_hal_rcc.o(i.HAL_RCC_OscConfig)
    HAL_SYSCFG_StrobeDBattpinsConfig         0x080009cd   Thumb Code    16  stm32g0xx_hal.o(i.HAL_SYSCFG_StrobeDBattpinsConfig)
    HAL_SYSTICK_Config                       0x080009e1   Thumb Code    38  stm32g0xx_hal_cortex.o(i.HAL_SYSTICK_Config)
    HardFault_Handler                        0x08000a11   Thumb Code     2  stm32g0xx_it.o(i.HardFault_Handler)
    MX_GPIO_Init                             0x08000a15   Thumb Code    20  gpio.o(i.MX_GPIO_Init)
    NMI_Handler                              0x08000a2d   Thumb Code     2  stm32g0xx_it.o(i.NMI_Handler)
    OLED_Fill                                0x08000a2f   Thumb Code    54  oled.o(i.OLED_Fill)
    OLED_Init                                0x08000a65   Thumb Code   196  oled.o(i.OLED_Init)
    PendSV_Handler                           0x08000b29   Thumb Code     2  stm32g0xx_it.o(i.PendSV_Handler)
    SVC_Handler                              0x08000b2b   Thumb Code     2  stm32g0xx_it.o(i.SVC_Handler)
    SysTick_Handler                          0x08000b2d   Thumb Code     8  stm32g0xx_it.o(i.SysTick_Handler)
    SystemClock_Config                       0x08000b35   Thumb Code   104  main.o(i.SystemClock_Config)
    SystemInit                               0x08000b9d   Thumb Code    10  system_stm32g0xx.o(i.SystemInit)
    WriteCmd                                 0x08000bad   Thumb Code    14  oled.o(i.WriteCmd)
    WriteDat                                 0x08000bbb   Thumb Code    14  oled.o(i.WriteDat)
    __0sprintf$1                             0x08000bc9   Thumb Code    36  printf1.o(i.__0sprintf$1)
    __1sprintf$1                             0x08000bc9   Thumb Code     0  printf1.o(i.__0sprintf$1)
    __2sprintf                               0x08000bc9   Thumb Code     0  printf1.o(i.__0sprintf$1)
    __ARM_common_switch8                     0x08000bf1   Thumb Code    26  stm32g0xx_hal_dma.o(i.__ARM_common_switch8)
    __scatterload_copy                       0x08000c51   Thumb Code    14  handlers.o(i.__scatterload_copy)
    __scatterload_null                       0x08000c5f   Thumb Code     2  handlers.o(i.__scatterload_null)
    __scatterload_zeroinit                   0x08000c61   Thumb Code    14  handlers.o(i.__scatterload_zeroinit)
    i2c_init                                 0x08000dfd   Thumb Code    42  software_i2c.o(i.i2c_init)
    i2c_transmit_dat                         0x08000f01   Thumb Code   180  software_i2c.o(i.i2c_transmit_dat)
    i2c_write_byte                           0x08000fdf   Thumb Code    20  software_i2c.o(i.i2c_write_byte)
    main                                     0x08001079   Thumb Code   118  main.o(i.main)
    u8g2Init                                 0x080010fd   Thumb Code    44  oled.o(i.u8g2Init)
    u8g2_ClearBuffer                         0x08001139   Thumb Code    22  u8g2_buffer.o(i.u8g2_ClearBuffer)
    u8g2_DrawCircle                          0x0800114f   Thumb Code    62  u8g2_circle.o(i.u8g2_DrawCircle)
    u8g2_DrawGlyph                           0x0800118d   Thumb Code   110  u8g2_font.o(i.u8g2_DrawGlyph)
    u8g2_DrawHVLine                          0x080011fb   Thumb Code   156  u8g2_hvline.o(i.u8g2_DrawHVLine)
    u8g2_DrawHXBMP                           0x08001297   Thumb Code   128  u8g2_bitmap.o(i.u8g2_DrawHXBMP)
    u8g2_DrawPixel                           0x08001317   Thumb Code    42  u8g2_hvline.o(i.u8g2_DrawPixel)
    u8g2_DrawStr                             0x08001341   Thumb Code    12  u8g2_font.o(i.u8g2_DrawStr)
    u8g2_DrawUTF8                            0x08001351   Thumb Code    12  u8g2_font.o(i.u8g2_DrawUTF8)
    u8g2_DrawXBMP                            0x08001361   Thumb Code    80  u8g2_bitmap.o(i.u8g2_DrawXBMP)
    u8g2_IsIntersection                      0x080013b1   Thumb Code    38  u8g2_intersection.o(i.u8g2_IsIntersection)
    u8g2_SendBuffer                          0x080013d7   Thumb Code    16  u8g2_buffer.o(i.u8g2_SendBuffer)
    u8g2_SetFont                             0x080013e7   Thumb Code    28  u8g2_font.o(i.u8g2_SetFont)
    u8g2_SetFontPosBaseline                  0x08001405   Thumb Code     6  u8g2_font.o(i.u8g2_SetFontPosBaseline)
    u8g2_SetMaxClipWindow                    0x08001411   Thumb Code    22  u8g2_setup.o(i.u8g2_SetMaxClipWindow)
    u8g2_SetupBuffer                         0x08001427   Thumb Code    62  u8g2_setup.o(i.u8g2_SetupBuffer)
    u8g2_Setup_ssd1306_i2c_128x64_noname_f   0x08001465   Thumb Code    42  u8g2_d_setup.o(i.u8g2_Setup_ssd1306_i2c_128x64_noname_f)
    u8g2_UpdateRefHeight                     0x0800149d   Thumb Code    78  u8g2_font.o(i.u8g2_UpdateRefHeight)
    u8g2_add_vector_x                        0x080014eb   Thumb Code    30  u8g2_font.o(i.u8g2_add_vector_x)
    u8g2_add_vector_y                        0x08001509   Thumb Code    30  u8g2_font.o(i.u8g2_add_vector_y)
    u8g2_draw_hv_line_2dir                   0x080016bb   Thumb Code    20  u8g2_hvline.o(i.u8g2_draw_hv_line_2dir)
    u8g2_draw_l90_r0                         0x080016cf   Thumb Code    12  u8g2_setup.o(i.u8g2_draw_l90_r0)
    u8g2_font_calc_vref_font                 0x08001755   Thumb Code     4  u8g2_font.o(i.u8g2_font_calc_vref_font)
    u8g2_font_decode_get_signed_bits         0x08001759   Thumb Code    20  u8g2_font.o(i.u8g2_font_decode_get_signed_bits)
    u8g2_font_decode_get_unsigned_bits       0x0800176d   Thumb Code    52  u8g2_font.o(i.u8g2_font_decode_get_unsigned_bits)
    u8g2_font_decode_glyph                   0x080017a1   Thumb Code   272  u8g2_font.o(i.u8g2_font_decode_glyph)
    u8g2_font_decode_len                     0x080018b1   Thumb Code   142  u8g2_font.o(i.u8g2_font_decode_len)
    u8g2_font_get_glyph_data                 0x0800193f   Thumb Code   106  u8g2_font.o(i.u8g2_font_get_glyph_data)
    u8g2_is_intersection_decision_tree       0x080019f1   Thumb Code    24  u8g2_intersection.o(i.u8g2_is_intersection_decision_tree)
    u8g2_ll_hvline_vertical_top_lsb          0x08001a09   Thumb Code   138  u8g2_ll_hvline.o(i.u8g2_ll_hvline_vertical_top_lsb)
    u8g2_m_16_8_f                            0x08001a95   Thumb Code     8  u8g2_d_memory.o(i.u8g2_m_16_8_f)
    u8g2_read_font_info                      0x08001aa1   Thumb Code   106  u8g2_font.o(i.u8g2_read_font_info)
    u8g2_update_dimension_r0                 0x08001b9b   Thumb Code     8  u8g2_setup.o(i.u8g2_update_dimension_r0)
    u8g2_update_page_win_r0                  0x08001ba3   Thumb Code    32  u8g2_setup.o(i.u8g2_update_page_win_r0)
    u8x8_DrawTile                            0x08001bc3   Thumb Code    26  u8x8_display.o(i.u8x8_DrawTile)
    u8x8_InitDisplay                         0x08001bdd   Thumb Code    16  u8x8_display.o(i.u8x8_InitDisplay)
    u8x8_RefreshDisplay                      0x08001bed   Thumb Code    16  u8x8_display.o(i.u8x8_RefreshDisplay)
    u8x8_SetPowerSave                        0x08001bfd   Thumb Code    16  u8x8_display.o(i.u8x8_SetPowerSave)
    u8x8_Setup                               0x08001c0d   Thumb Code    30  u8x8_setup.o(i.u8x8_Setup)
    u8x8_SetupDefaults                       0x08001c2d   Thumb Code    32  u8x8_setup.o(i.u8x8_SetupDefaults)
    u8x8_SetupMemory                         0x08001c51   Thumb Code    16  u8x8_display.o(i.u8x8_SetupMemory)
    u8x8_ascii_next                          0x08001c61   Thumb Code    12  u8x8_8x8.o(i.u8x8_ascii_next)
    u8x8_byte_EndTransfer                    0x08001c71   Thumb Code    16  u8x8_byte.o(i.u8x8_byte_EndTransfer)
    u8x8_byte_SendByte                       0x08001c81   Thumb Code    14  u8x8_byte.o(i.u8x8_byte_SendByte)
    u8x8_byte_StartTransfer                  0x08001c8f   Thumb Code    16  u8x8_byte.o(i.u8x8_byte_StartTransfer)
    u8x8_byte_sw_i2c                         0x08001c9f   Thumb Code   186  u8x8_byte.o(i.u8x8_byte_sw_i2c)
    u8x8_cad_EndTransfer                     0x08001d59   Thumb Code    16  u8x8_cad.o(i.u8x8_cad_EndTransfer)
    u8x8_cad_SendArg                         0x08001d69   Thumb Code    16  u8x8_cad.o(i.u8x8_cad_SendArg)
    u8x8_cad_SendCmd                         0x08001d79   Thumb Code    16  u8x8_cad.o(i.u8x8_cad_SendCmd)
    u8x8_cad_SendData                        0x08001d89   Thumb Code    16  u8x8_cad.o(i.u8x8_cad_SendData)
    u8x8_cad_SendSequence                    0x08001d99   Thumb Code   102  u8x8_cad.o(i.u8x8_cad_SendSequence)
    u8x8_cad_StartTransfer                   0x08001dff   Thumb Code    16  u8x8_cad.o(i.u8x8_cad_StartTransfer)
    u8x8_cad_ssd13xx_fast_i2c                0x08001e11   Thumb Code   178  u8x8_cad.o(i.u8x8_cad_ssd13xx_fast_i2c)
    u8x8_d_helper_display_init               0x08001ec9   Thumb Code    94  u8x8_display.o(i.u8x8_d_helper_display_init)
    u8x8_d_helper_display_setup_memory       0x08001f27   Thumb Code    10  u8x8_display.o(i.u8x8_d_helper_display_setup_memory)
    u8x8_d_ssd1306_128x64_noname             0x08001f31   Thumb Code    54  u8x8_d_ssd1306_128x64_noname.o(i.u8x8_d_ssd1306_128x64_noname)
    u8x8_dummy_cb                            0x08002031   Thumb Code     4  u8x8_setup.o(i.u8x8_dummy_cb)
    u8x8_gpio_and_delay                      0x08002035   Thumb Code    78  oled.o(i.u8x8_gpio_and_delay)
    u8x8_gpio_call                           0x08002089   Thumb Code    12  u8x8_gpio.o(i.u8x8_gpio_call)
    u8x8_utf8_init                           0x080020bd   Thumb Code     8  u8x8_8x8.o(i.u8x8_utf8_init)
    u8x8_utf8_next                           0x080020c5   Thumb Code   134  u8x8_8x8.o(i.u8x8_utf8_next)
    F16x16                                   0x08002150   Data          32  oled.o(.constdata)
    F6x8                                     0x08002170   Data         552  oled.o(.constdata)
    F8X16                                    0x08002398   Data        1520  oled.o(.constdata)
    AHBPrescTable                            0x08002988   Data          64  system_stm32g0xx.o(.constdata)
    u8g2_font_unifont_t_chinese3             0x080029c8   Data       37502  u8g2_fonts.o(.constdata)
    u8g2_cb_r0                               0x0800bc48   Data          12  u8g2_setup.o(.constdata)
    Region$$Table$$Base                      0x0800bd68   Number         0  anon$$obj.o(Region$$Table)
    Region$$Table$$Limit                     0x0800bd88   Number         0  anon$$obj.o(Region$$Table)
    uwTickFreq                               0x20000000   Data           1  stm32g0xx_hal.o(.data)
    uwTickPrio                               0x20000004   Data           4  stm32g0xx_hal.o(.data)
    uwTick                                   0x20000008   Data           4  stm32g0xx_hal.o(.data)
    SystemCoreClock                          0x2000000c   Data           4  system_stm32g0xx.o(.data)
    i2c_gpio_init_t                          0x20000014   Data          20  software_i2c.o(.bss)
    __initial_sp                             0x20000828   Data           0  startup_stm32g070xx.o(STACK)



==============================================================================

Memory Map of the image

  Image Entry point : 0x080000b9

  Load Region LR_IROM1 (Base: 0x08000000, Size: 0x0000bd9c, Max: 0x00020000, ABSOLUTE)

    Execution Region ER_IROM1 (Exec base: 0x08000000, Load base: 0x08000000, Size: 0x0000bd88, Max: 0x00020000, ABSOLUTE)

    Exec Addr    Load Addr    Size         Type   Attr      Idx    E Section Name        Object

    0x08000000   0x08000000   0x000000b8   Data   RO            3    RESET               startup_stm32g070xx.o
    0x080000b8   0x080000b8   0x00000000   Code   RO         5299  * .ARM.Collect$$$$00000000  mc_p.l(entry.o)
    0x080000b8   0x080000b8   0x00000004   Code   RO         5569    .ARM.Collect$$$$00000001  mc_p.l(entry2.o)
    0x080000bc   0x080000bc   0x00000004   Code   RO         5572    .ARM.Collect$$$$00000004  mc_p.l(entry5.o)
    0x080000c0   0x080000c0   0x00000000   Code   RO         5574    .ARM.Collect$$$$00000008  mc_p.l(entry7b.o)
    0x080000c0   0x080000c0   0x00000000   Code   RO         5576    .ARM.Collect$$$$0000000A  mc_p.l(entry8b.o)
    0x080000c0   0x080000c0   0x00000008   Code   RO         5577    .ARM.Collect$$$$0000000B  mc_p.l(entry9a.o)
    0x080000c8   0x080000c8   0x00000000   Code   RO         5579    .ARM.Collect$$$$0000000D  mc_p.l(entry10a.o)
    0x080000c8   0x080000c8   0x00000000   Code   RO         5581    .ARM.Collect$$$$0000000F  mc_p.l(entry11a.o)
    0x080000c8   0x080000c8   0x00000004   Code   RO         5570    .ARM.Collect$$$$00002712  mc_p.l(entry2.o)
    0x080000cc   0x080000cc   0x0000001c   Code   RO            4    .text               startup_stm32g070xx.o
    0x080000e8   0x080000e8   0x0000002c   Code   RO         5302    .text               mc_p.l(uidiv.o)
    0x08000114   0x08000114   0x00000024   Code   RO         5306    .text               mc_p.l(memseta.o)
    0x08000138   0x08000138   0x00000024   Code   RO         5599    .text               mc_p.l(init.o)
    0x0800015c   0x0800015c   0x00000024   Code   RO         1312    i.HAL_Delay         stm32g0xx_hal.o
    0x08000180   0x08000180   0x0000015c   Code   RO          785    i.HAL_GPIO_Init     stm32g0xx_hal_gpio.o
    0x080002dc   0x080002dc   0x0000000a   Code   RO          787    i.HAL_GPIO_ReadPin  stm32g0xx_hal_gpio.o
    0x080002e6   0x080002e6   0x0000000c   Code   RO          789    i.HAL_GPIO_WritePin  stm32g0xx_hal_gpio.o
    0x080002f2   0x080002f2   0x00000002   PAD
    0x080002f4   0x080002f4   0x0000000c   Code   RO         1316    i.HAL_GetTick       stm32g0xx_hal.o
    0x08000300   0x08000300   0x00000010   Code   RO         1322    i.HAL_IncTick       stm32g0xx_hal.o
    0x08000310   0x08000310   0x00000028   Code   RO         1323    i.HAL_Init          stm32g0xx_hal.o
    0x08000338   0x08000338   0x00000048   Code   RO         1324    i.HAL_InitTick      stm32g0xx_hal.o
    0x08000380   0x08000380   0x00000034   Code   RO          236    i.HAL_MspInit       stm32g0xx_hal_msp.o
    0x080003b4   0x080003b4   0x00000008   Code   RO         1204    i.HAL_NVIC_SetPriority  stm32g0xx_hal_cortex.o
    0x080003bc   0x080003bc   0x0000004c   Code   RO         1085    i.HAL_PWREx_ControlVoltageScaling  stm32g0xx_hal_pwr_ex.o
    0x08000408   0x08000408   0x00000158   Code   RO          441    i.HAL_RCC_ClockConfig  stm32g0xx_hal_rcc.o
    0x08000560   0x08000560   0x0000008c   Code   RO          450    i.HAL_RCC_GetSysClockFreq  stm32g0xx_hal_rcc.o
    0x080005ec   0x080005ec   0x000003e0   Code   RO          454    i.HAL_RCC_OscConfig  stm32g0xx_hal_rcc.o
    0x080009cc   0x080009cc   0x00000014   Code   RO         1332    i.HAL_SYSCFG_StrobeDBattpinsConfig  stm32g0xx_hal.o
    0x080009e0   0x080009e0   0x00000030   Code   RO         1208    i.HAL_SYSTICK_Config  stm32g0xx_hal_cortex.o
    0x08000a10   0x08000a10   0x00000002   Code   RO          189    i.HardFault_Handler  stm32g0xx_it.o
    0x08000a12   0x08000a12   0x00000002   PAD
    0x08000a14   0x08000a14   0x00000018   Code   RO          169    i.MX_GPIO_Init      gpio.o
    0x08000a2c   0x08000a2c   0x00000002   Code   RO          190    i.NMI_Handler       stm32g0xx_it.o
    0x08000a2e   0x08000a2e   0x00000036   Code   RO          314    i.OLED_Fill         oled.o
    0x08000a64   0x08000a64   0x000000c4   Code   RO          315    i.OLED_Init         oled.o
    0x08000b28   0x08000b28   0x00000002   Code   RO          191    i.PendSV_Handler    stm32g0xx_it.o
    0x08000b2a   0x08000b2a   0x00000002   Code   RO          192    i.SVC_Handler       stm32g0xx_it.o
    0x08000b2c   0x08000b2c   0x00000008   Code   RO          193    i.SysTick_Handler   stm32g0xx_it.o
    0x08000b34   0x08000b34   0x00000068   Code   RO           13    i.SystemClock_Config  main.o
    0x08000b9c   0x08000b9c   0x00000010   Code   RO         1564    i.SystemInit        system_stm32g0xx.o
    0x08000bac   0x08000bac   0x0000000e   Code   RO          321    i.WriteCmd          oled.o
    0x08000bba   0x08000bba   0x0000000e   Code   RO          322    i.WriteDat          oled.o
    0x08000bc8   0x08000bc8   0x00000028   Code   RO         5355    i.__0sprintf$1      mc_p.l(printf1.o)
    0x08000bf0   0x08000bf0   0x0000001a   Code   RO          945    i.__ARM_common_switch8  stm32g0xx_hal_dma.o
    0x08000c0a   0x08000c0a   0x00000002   PAD
    0x08000c0c   0x08000c0c   0x00000044   Code   RO         1210    i.__NVIC_SetPriority  stm32g0xx_hal_cortex.o
    0x08000c50   0x08000c50   0x0000000e   Code   RO         5615    i.__scatterload_copy  mc_p.l(handlers.o)
    0x08000c5e   0x08000c5e   0x00000002   Code   RO         5616    i.__scatterload_null  mc_p.l(handlers.o)
    0x08000c60   0x08000c60   0x0000000e   Code   RO         5617    i.__scatterload_zeroinit  mc_p.l(handlers.o)
    0x08000c6e   0x08000c6e   0x00000002   PAD
    0x08000c70   0x08000c70   0x00000150   Code   RO         5360    i._printf_core      mc_p.l(printf1.o)
    0x08000dc0   0x08000dc0   0x0000000a   Code   RO         5362    i._sputc            mc_p.l(printf1.o)
    0x08000dca   0x08000dca   0x0000000c   Code   RO         4499    i.i2c_clear_scl     u8x8_byte.o
    0x08000dd6   0x08000dd6   0x0000000c   Code   RO         4500    i.i2c_clear_sda     u8x8_byte.o
    0x08000de2   0x08000de2   0x0000000c   Code   RO          256    i.i2c_delay         software_i2c.o
    0x08000dee   0x08000dee   0x0000000e   Code   RO         4501    i.i2c_delay         u8x8_byte.o
    0x08000dfc   0x08000dfc   0x00000038   Code   RO          257    i.i2c_init          software_i2c.o
    0x08000e34   0x08000e34   0x00000014   Code   RO         4502    i.i2c_read_scl_and_delay  u8x8_byte.o
    0x08000e48   0x08000e48   0x0000000c   Code   RO         4503    i.i2c_read_sda      u8x8_byte.o
    0x08000e54   0x08000e54   0x00000024   Code   RO          258    i.i2c_sda_mod       software_i2c.o
    0x08000e78   0x08000e78   0x0000005c   Code   RO          259    i.i2c_send_data     software_i2c.o
    0x08000ed4   0x08000ed4   0x0000002c   Code   RO          260    i.i2c_stop          software_i2c.o
    0x08000f00   0x08000f00   0x000000b8   Code   RO          261    i.i2c_transmit_dat  software_i2c.o
    0x08000fb8   0x08000fb8   0x00000026   Code   RO         4504    i.i2c_write_bit     u8x8_byte.o
    0x08000fde   0x08000fde   0x00000014   Code   RO          262    i.i2c_write_byte    software_i2c.o
    0x08000ff2   0x08000ff2   0x00000086   Code   RO         4505    i.i2c_write_byte    u8x8_byte.o
    0x08001078   0x08001078   0x00000084   Code   RO           14    i.main              main.o
    0x080010fc   0x080010fc   0x0000003c   Code   RO          323    i.u8g2Init          oled.o
    0x08001138   0x08001138   0x00000016   Code   RO         1673    i.u8g2_ClearBuffer  u8g2_buffer.o
    0x0800114e   0x0800114e   0x0000003e   Code   RO         1752    i.u8g2_DrawCircle   u8g2_circle.o
    0x0800118c   0x0800118c   0x0000006e   Code   RO         1867    i.u8g2_DrawGlyph    u8g2_font.o
    0x080011fa   0x080011fa   0x0000009c   Code   RO         3847    i.u8g2_DrawHVLine   u8g2_hvline.o
    0x08001296   0x08001296   0x00000080   Code   RO         1597    i.u8g2_DrawHXBMP    u8g2_bitmap.o
    0x08001316   0x08001316   0x0000002a   Code   RO         3848    i.u8g2_DrawPixel    u8g2_hvline.o
    0x08001340   0x08001340   0x00000010   Code   RO         1868    i.u8g2_DrawStr      u8g2_font.o
    0x08001350   0x08001350   0x00000010   Code   RO         1869    i.u8g2_DrawUTF8     u8g2_font.o
    0x08001360   0x08001360   0x00000050   Code   RO         1600    i.u8g2_DrawXBMP     u8g2_bitmap.o
    0x080013b0   0x080013b0   0x00000026   Code   RO         3908    i.u8g2_IsIntersection  u8g2_intersection.o
    0x080013d6   0x080013d6   0x00000010   Code   RO         1676    i.u8g2_SendBuffer   u8g2_buffer.o
    0x080013e6   0x080013e6   0x0000001c   Code   RO         1884    i.u8g2_SetFont      u8g2_font.o
    0x08001402   0x08001402   0x00000002   PAD
    0x08001404   0x08001404   0x0000000c   Code   RO         1887    i.u8g2_SetFontPosBaseline  u8g2_font.o
    0x08001410   0x08001410   0x00000016   Code   RO         4096    i.u8g2_SetMaxClipWindow  u8g2_setup.o
    0x08001426   0x08001426   0x0000003e   Code   RO         4097    i.u8g2_SetupBuffer  u8g2_setup.o
    0x08001464   0x08001464   0x00000038   Code   RO         1848    i.u8g2_Setup_ssd1306_i2c_128x64_noname_f  u8g2_d_setup.o
    0x0800149c   0x0800149c   0x0000004e   Code   RO         1894    i.u8g2_UpdateRefHeight  u8g2_font.o
    0x080014ea   0x080014ea   0x0000001e   Code   RO         1895    i.u8g2_add_vector_x  u8g2_font.o
    0x08001508   0x08001508   0x0000001e   Code   RO         1896    i.u8g2_add_vector_y  u8g2_font.o
    0x08001526   0x08001526   0x00000052   Code   RO         4099    i.u8g2_apply_clip_window  u8g2_setup.o
    0x08001578   0x08001578   0x0000003c   Code   RO         3851    i.u8g2_clip_intersection2  u8g2_hvline.o
    0x080015b4   0x080015b4   0x00000056   Code   RO         1756    i.u8g2_draw_circle  u8g2_circle.o
    0x0800160a   0x0800160a   0x000000b0   Code   RO         1757    i.u8g2_draw_circle_section  u8g2_circle.o
    0x080016ba   0x080016ba   0x00000014   Code   RO         3852    i.u8g2_draw_hv_line_2dir  u8g2_hvline.o
    0x080016ce   0x080016ce   0x0000000c   Code   RO         4101    i.u8g2_draw_l90_r0  u8g2_setup.o
    0x080016da   0x080016da   0x00000002   PAD
    0x080016dc   0x080016dc   0x00000078   Code   RO         1898    i.u8g2_draw_string  u8g2_font.o
    0x08001754   0x08001754   0x00000004   Code   RO         1901    i.u8g2_font_calc_vref_font  u8g2_font.o
    0x08001758   0x08001758   0x00000014   Code   RO         1903    i.u8g2_font_decode_get_signed_bits  u8g2_font.o
    0x0800176c   0x0800176c   0x00000034   Code   RO         1904    i.u8g2_font_decode_get_unsigned_bits  u8g2_font.o
    0x080017a0   0x080017a0   0x00000110   Code   RO         1905    i.u8g2_font_decode_glyph  u8g2_font.o
    0x080018b0   0x080018b0   0x0000008e   Code   RO         1906    i.u8g2_font_decode_len  u8g2_font.o
    0x0800193e   0x0800193e   0x0000006a   Code   RO         1907    i.u8g2_font_get_glyph_data  u8g2_font.o
    0x080019a8   0x080019a8   0x0000000e   Code   RO         1908    i.u8g2_font_get_word  u8g2_font.o
    0x080019b6   0x080019b6   0x0000003a   Code   RO         1909    i.u8g2_font_setup_decode  u8g2_font.o
    0x080019f0   0x080019f0   0x00000018   Code   RO         3909    i.u8g2_is_intersection_decision_tree  u8g2_intersection.o
    0x08001a08   0x08001a08   0x0000008a   Code   RO         3957    i.u8g2_ll_hvline_vertical_top_lsb  u8g2_ll_hvline.o
    0x08001a92   0x08001a92   0x00000002   PAD
    0x08001a94   0x08001a94   0x0000000c   Code   RO         1834    i.u8g2_m_16_8_f     u8g2_d_memory.o
    0x08001aa0   0x08001aa0   0x0000006a   Code   RO         1910    i.u8g2_read_font_info  u8g2_font.o
    0x08001b0a   0x08001b0a   0x00000046   Code   RO         1684    i.u8g2_send_buffer  u8g2_buffer.o
    0x08001b50   0x08001b50   0x0000004a   Code   RO         4105    i.u8g2_update_dimension_common  u8g2_setup.o
    0x08001b9a   0x08001b9a   0x00000008   Code   RO         4106    i.u8g2_update_dimension_r0  u8g2_setup.o
    0x08001ba2   0x08001ba2   0x00000020   Code   RO         4110    i.u8g2_update_page_win_r0  u8g2_setup.o
    0x08001bc2   0x08001bc2   0x0000001a   Code   RO         4886    i.u8x8_DrawTile     u8x8_display.o
    0x08001bdc   0x08001bdc   0x00000010   Code   RO         4888    i.u8x8_InitDisplay  u8x8_display.o
    0x08001bec   0x08001bec   0x00000010   Code   RO         4889    i.u8x8_RefreshDisplay  u8x8_display.o
    0x08001bfc   0x08001bfc   0x00000010   Code   RO         4892    i.u8x8_SetPowerSave  u8x8_display.o
    0x08001c0c   0x08001c0c   0x0000001e   Code   RO         5186    i.u8x8_Setup        u8x8_setup.o
    0x08001c2a   0x08001c2a   0x00000002   PAD
    0x08001c2c   0x08001c2c   0x00000024   Code   RO         5187    i.u8x8_SetupDefaults  u8x8_setup.o
    0x08001c50   0x08001c50   0x00000010   Code   RO         4893    i.u8x8_SetupMemory  u8x8_display.o
    0x08001c60   0x08001c60   0x00000010   Code   RO         4384    i.u8x8_ascii_next   u8x8_8x8.o
    0x08001c70   0x08001c70   0x00000010   Code   RO         4510    i.u8x8_byte_EndTransfer  u8x8_byte.o
    0x08001c80   0x08001c80   0x0000000e   Code   RO         4511    i.u8x8_byte_SendByte  u8x8_byte.o
    0x08001c8e   0x08001c8e   0x00000010   Code   RO         4514    i.u8x8_byte_StartTransfer  u8x8_byte.o
    0x08001c9e   0x08001c9e   0x000000ba   Code   RO         4519    i.u8x8_byte_sw_i2c  u8x8_byte.o
    0x08001d58   0x08001d58   0x00000010   Code   RO         4630    i.u8x8_cad_EndTransfer  u8x8_cad.o
    0x08001d68   0x08001d68   0x00000010   Code   RO         4631    i.u8x8_cad_SendArg  u8x8_cad.o
    0x08001d78   0x08001d78   0x00000010   Code   RO         4632    i.u8x8_cad_SendCmd  u8x8_cad.o
    0x08001d88   0x08001d88   0x00000010   Code   RO         4633    i.u8x8_cad_SendData  u8x8_cad.o
    0x08001d98   0x08001d98   0x00000066   Code   RO         4635    i.u8x8_cad_SendSequence  u8x8_cad.o
    0x08001dfe   0x08001dfe   0x00000010   Code   RO         4636    i.u8x8_cad_StartTransfer  u8x8_cad.o
    0x08001e0e   0x08001e0e   0x00000002   PAD
    0x08001e10   0x08001e10   0x000000b8   Code   RO         4639    i.u8x8_cad_ssd13xx_fast_i2c  u8x8_cad.o
    0x08001ec8   0x08001ec8   0x0000005e   Code   RO         4894    i.u8x8_d_helper_display_init  u8x8_display.o
    0x08001f26   0x08001f26   0x0000000a   Code   RO         4895    i.u8x8_d_helper_display_setup_memory  u8x8_display.o
    0x08001f30   0x08001f30   0x0000003c   Code   RO         4826    i.u8x8_d_ssd1306_128x64_noname  u8x8_d_ssd1306_128x64_noname.o
    0x08001f6c   0x08001f6c   0x000000c4   Code   RO         4828    i.u8x8_d_ssd1306_sh1106_generic  u8x8_d_ssd1306_128x64_noname.o
    0x08002030   0x08002030   0x00000004   Code   RO         5189    i.u8x8_dummy_cb     u8x8_setup.o
    0x08002034   0x08002034   0x00000054   Code   RO          324    i.u8x8_gpio_and_delay  oled.o
    0x08002088   0x08002088   0x0000000c   Code   RO         5108    i.u8x8_gpio_call    u8x8_gpio.o
    0x08002094   0x08002094   0x00000028   Code   RO         4645    i.u8x8_i2c_data_transfer  u8x8_cad.o
    0x080020bc   0x080020bc   0x00000008   Code   RO         4392    i.u8x8_utf8_init    u8x8_8x8.o
    0x080020c4   0x080020c4   0x0000008c   Code   RO         4393    i.u8x8_utf8_next    u8x8_8x8.o
    0x08002150   0x08002150   0x00000838   Data   RO          325    .constdata          oled.o
    0x08002988   0x08002988   0x00000040   Data   RO         1565    .constdata          system_stm32g0xx.o
    0x080029c8   0x080029c8   0x0000927e   Data   RO         3020    .constdata          u8g2_fonts.o
    0x0800bc46   0x0800bc46   0x00000002   PAD
    0x0800bc48   0x0800bc48   0x0000000c   Data   RO         4114    .constdata          u8g2_setup.o
    0x0800bc54   0x0800bc54   0x00000114   Data   RO         4829    .constdata          u8x8_d_ssd1306_128x64_noname.o
    0x0800bd68   0x0800bd68   0x00000020   Data   RO         5613    Region$$Table       anon$$obj.o


    Execution Region RW_IRAM1 (Exec base: 0x20000000, Load base: 0x0800bd88, Size: 0x00000828, Max: 0x00009000, ABSOLUTE)

    Exec Addr    Load Addr    Size         Type   Attr      Idx    E Section Name        Object

    0x20000000   0x0800bd88   0x0000000c   Data   RW         1335    .data               stm32g0xx_hal.o
    0x2000000c   0x0800bd94   0x00000004   Data   RW         1567    .data               system_stm32g0xx.o
    0x20000010   0x0800bd98   0x00000004   Data   RW         4647    .data               u8x8_cad.o
    0x20000014        -       0x00000014   Zero   RW          263    .bss                software_i2c.o
    0x20000028        -       0x00000400   Zero   RW         1835    .bss                u8g2_d_memory.o
    0x20000428        -       0x00000400   Zero   RW            1    STACK               startup_stm32g070xx.o


==============================================================================

Image component sizes


      Code (inc. data)   RO Data    RW Data    ZI Data      Debug   Object Name

        24          4          0          0          0        723   gpio.o
       236         14          0          0          0     463767   main.o
       422         22       2104          0          0       4030   oled.o
       444         36          0          0         20       4573   software_i2c.o
        28          8        184          0       1024        620   startup_stm32g070xx.o
       196         30          0         12          0      16808   stm32g0xx_hal.o
       124         18          0          0          0      11408   stm32g0xx_hal_cortex.o
        26          0          0          0          0         72   stm32g0xx_hal_dma.o
       370         18          0          0          0       2855   stm32g0xx_hal_gpio.o
        52          6          0          0          0        818   stm32g0xx_hal_msp.o
        76         14          0          0          0        734   stm32g0xx_hal_pwr_ex.o
      1476         74          0          0          0       4362   stm32g0xx_hal_rcc.o
        16          0          0          0          0       2087   stm32g0xx_it.o
        16          6         64          4          0       1111   system_stm32g0xx.o
       208          0          0          0          0       2269   u8g2_bitmap.o
       108          0          0          0          0       2403   u8g2_buffer.o
       324          0          0          0          0       3070   u8g2_circle.o
        12          4          0          0       1024        848   u8g2_d_memory.o
        56         14          0          0          0       1057   u8g2_d_setup.o
      1214         20          0          0          0      14180   u8g2_font.o
         0          0      37502          0          0     123396   u8g2_fonts.o
       278          0          0          0          0       3060   u8g2_hvline.o
        62          0          0          0          0       1839   u8g2_intersection.o
       138          0          0          0          0       1378   u8g2_ll_hvline.o
       292          0         12          0          0     126204   u8g2_setup.o
       164         10          0          0          0       2492   u8x8_8x8.o
       474          0          0          0          0       6730   u8x8_byte.o
       406         14          0          4          0       7766   u8x8_cad.o
       256         10        276          0          0       2907   u8x8_d_ssd1306_128x64_noname.o
       194          0          0          0          0       4242   u8x8_display.o
        12          0          0          0          0        577   u8x8_gpio.o
        70          4          0          0          0       1682   u8x8_setup.o

    ----------------------------------------------------------------------
      7790        326      40176         20       2068     820068   Object Totals
         0          0         32          0          0          0   (incl. Generated)
        16          0          2          0          0          0   (incl. Padding)

    ----------------------------------------------------------------------

      Code (inc. data)   RO Data    RW Data    ZI Data      Debug   Library Member Name

         0          0          0          0          0          0   entry.o
         0          0          0          0          0          0   entry10a.o
         0          0          0          0          0          0   entry11a.o
         8          4          0          0          0          0   entry2.o
         4          0          0          0          0          0   entry5.o
         0          0          0          0          0          0   entry7b.o
         0          0          0          0          0          0   entry8b.o
         8          4          0          0          0          0   entry9a.o
        30          0          0          0          0          0   handlers.o
        36          8          0          0          0         68   init.o
        36          0          0          0          0        100   memseta.o
       386          8          0          0          0        228   printf1.o
        44          0          0          0          0         72   uidiv.o

    ----------------------------------------------------------------------
       554         24          0          0          0        468   Library Totals
         2          0          0          0          0          0   (incl. Padding)

    ----------------------------------------------------------------------

      Code (inc. data)   RO Data    RW Data    ZI Data      Debug   Library Name

       552         24          0          0          0        468   mc_p.l

    ----------------------------------------------------------------------
       554         24          0          0          0        468   Library Totals

    ----------------------------------------------------------------------

==============================================================================


      Code (inc. data)   RO Data    RW Data    ZI Data      Debug   

      8344        350      40176         20       2068     815584   Grand Totals
      8344        350      40176         20       2068     815584   ELF Image Totals
      8344        350      40176         20          0          0   ROM Totals

==============================================================================

    Total RO  Size (Code + RO Data)                48520 (  47.38kB)
    Total RW  Size (RW Data + ZI Data)              2088 (   2.04kB)
    Total ROM Size (Code + RO Data + RW Data)      48540 (  47.40kB)

==============================================================================

