Component: ARM Compiler 5.06 update 6 (build 750) Tool: armlink [4d35ed]

==============================================================================

Section Cross References

    startup_stm32g070xx.o(RESET) refers to startup_stm32g070xx.o(STACK) for __initial_sp
    startup_stm32g070xx.o(RESET) refers to startup_stm32g070xx.o(.text) for Reset_Handler
    startup_stm32g070xx.o(RESET) refers to stm32g0xx_it.o(i.NMI_Handler) for NMI_Handler
    startup_stm32g070xx.o(RESET) refers to stm32g0xx_it.o(i.HardFault_Handler) for HardFault_Handler
    startup_stm32g070xx.o(RESET) refers to stm32g0xx_it.o(i.SVC_Handler) for SVC_Handler
    startup_stm32g070xx.o(RESET) refers to stm32g0xx_it.o(i.PendSV_Handler) for PendSV_Handler
    startup_stm32g070xx.o(RESET) refers to stm32g0xx_it.o(i.SysTick_Handler) for SysTick_Handler
    startup_stm32g070xx.o(.text) refers to system_stm32g0xx.o(i.SystemInit) for SystemInit
    startup_stm32g070xx.o(.text) refers to entry.o(.ARM.Collect$$$$00000000) for __main
    main.o(i.SystemClock_Config) refers to memseta.o(.text) for __aeabi_memclr4
    main.o(i.SystemClock_Config) refers to stm32g0xx_hal_pwr_ex.o(i.HAL_PWREx_ControlVoltageScaling) for HAL_PWREx_ControlVoltageScaling
    main.o(i.SystemClock_Config) refers to stm32g0xx_hal_rcc.o(i.HAL_RCC_OscConfig) for HAL_RCC_OscConfig
    main.o(i.SystemClock_Config) refers to stm32g0xx_hal_rcc.o(i.HAL_RCC_ClockConfig) for HAL_RCC_ClockConfig
    main.o(i.main) refers to stm32g0xx_hal.o(i.HAL_Init) for HAL_Init
    main.o(i.main) refers to main.o(i.SystemClock_Config) for SystemClock_Config
    main.o(i.main) refers to gpio.o(i.MX_GPIO_Init) for MX_GPIO_Init
    main.o(i.main) refers to oled.o(i.u8g2Init) for u8g2Init
    main.o(i.main) refers to demoproc.o(i.InitializeHMIEngineObj) for InitializeHMIEngineObj
    main.o(i.main) refers to demoproc.o(i.DemoMainProcess) for DemoMainProcess
    main.o(i.main) refers to stm32g0xx_hal.o(i.HAL_Delay) for HAL_Delay
    main.o(i.main) refers to main.o(.bss) for .bss
    gpio.o(i.MX_GPIO_Init) refers to memseta.o(.text) for __aeabi_memclr4
    gpio.o(i.MX_GPIO_Init) refers to stm32g0xx_hal_gpio.o(i.HAL_GPIO_Init) for HAL_GPIO_Init
    stm32g0xx_it.o(i.SysTick_Handler) refers to stm32g0xx_hal.o(i.HAL_IncTick) for HAL_IncTick
    stm32g0xx_hal_msp.o(i.HAL_MspInit) refers to stm32g0xx_hal.o(i.HAL_SYSCFG_StrobeDBattpinsConfig) for HAL_SYSCFG_StrobeDBattpinsConfig
    software_i2c.o(i.i2c_init) refers to stm32g0xx_hal_gpio.o(i.HAL_GPIO_Init) for HAL_GPIO_Init
    software_i2c.o(i.i2c_init) refers to software_i2c.o(.bss) for .bss
    software_i2c.o(i.i2c_sda_mod) refers to stm32g0xx_hal_gpio.o(i.HAL_GPIO_Init) for HAL_GPIO_Init
    software_i2c.o(i.i2c_sda_mod) refers to software_i2c.o(.bss) for .bss
    software_i2c.o(i.i2c_send_data) refers to software_i2c.o(i.i2c_sda_mod) for i2c_sda_mod
    software_i2c.o(i.i2c_send_data) refers to stm32g0xx_hal_gpio.o(i.HAL_GPIO_WritePin) for HAL_GPIO_WritePin
    software_i2c.o(i.i2c_send_data) refers to software_i2c.o(i.i2c_delay) for i2c_delay
    software_i2c.o(i.i2c_stop) refers to stm32g0xx_hal_gpio.o(i.HAL_GPIO_WritePin) for HAL_GPIO_WritePin
    software_i2c.o(i.i2c_stop) refers to software_i2c.o(i.i2c_delay) for i2c_delay
    software_i2c.o(i.i2c_transmit_dat) refers to stm32g0xx_hal_gpio.o(i.HAL_GPIO_WritePin) for HAL_GPIO_WritePin
    software_i2c.o(i.i2c_transmit_dat) refers to software_i2c.o(i.i2c_delay) for i2c_delay
    software_i2c.o(i.i2c_transmit_dat) refers to software_i2c.o(i.i2c_send_data) for i2c_send_data
    software_i2c.o(i.i2c_transmit_dat) refers to software_i2c.o(i.i2c_sda_mod) for i2c_sda_mod
    software_i2c.o(i.i2c_transmit_dat) refers to stm32g0xx_hal_gpio.o(i.HAL_GPIO_ReadPin) for HAL_GPIO_ReadPin
    software_i2c.o(i.i2c_transmit_dat) refers to software_i2c.o(i.i2c_stop) for i2c_stop
    software_i2c.o(i.i2c_write_byte) refers to software_i2c.o(i.i2c_transmit_dat) for i2c_transmit_dat
    oled.o(i.OLED_CLS) refers to oled.o(i.OLED_Fill) for OLED_Fill
    oled.o(i.OLED_CheckDevice) refers to software_i2c.o(i.i2c_transmit_dat) for i2c_transmit_dat
    oled.o(i.OLED_DrawBMP) refers to oled.o(i.OLED_SetPos) for OLED_SetPos
    oled.o(i.OLED_DrawBMP) refers to oled.o(i.WriteDat) for WriteDat
    oled.o(i.OLED_Fill) refers to oled.o(i.WriteCmd) for WriteCmd
    oled.o(i.OLED_Fill) refers to oled.o(i.WriteDat) for WriteDat
    oled.o(i.OLED_Init) refers to software_i2c.o(i.i2c_init) for i2c_init
    oled.o(i.OLED_Init) refers to stm32g0xx_hal.o(i.HAL_Delay) for HAL_Delay
    oled.o(i.OLED_Init) refers to oled.o(i.WriteCmd) for WriteCmd
    oled.o(i.OLED_Init) refers to oled.o(i.OLED_Fill) for OLED_Fill
    oled.o(i.OLED_OFF) refers to oled.o(i.WriteCmd) for WriteCmd
    oled.o(i.OLED_ON) refers to oled.o(i.WriteCmd) for WriteCmd
    oled.o(i.OLED_SetPos) refers to oled.o(i.WriteCmd) for WriteCmd
    oled.o(i.OLED_ShowCN) refers to oled.o(i.OLED_SetPos) for OLED_SetPos
[...]
    i.SGUI_ScrollBar_Initialize              0x08003abc   Section        0  sgui_scrollbar.o(i.SGUI_ScrollBar_Initialize)
    i.SGUI_ScrollBar_Repaint                 0x08003ada   Section        0  sgui_scrollbar.o(i.SGUI_ScrollBar_Repaint)
    i.SGUI_ScrollBar_SetValue                0x08003b88   Section        0  sgui_scrollbar.o(i.SGUI_ScrollBar_SetValue)
    i.SGUI_TextVariableBox_Initialize        0x08003b9a   Section        0  sgui_variablebox.o(i.SGUI_TextVariableBox_Initialize)
    i.SGUI_TextVariableBox_Repaint           0x08003bbc   Section        0  sgui_variablebox.o(i.SGUI_TextVariableBox_Repaint)
    i.SGUI_Text_DrawMultipleLinesText        0x08003c5c   Section        0  sgui_text.o(i.SGUI_Text_DrawMultipleLinesText)
    i.SGUI_Text_DrawText                     0x08003d5c   Section        0  sgui_text.o(i.SGUI_Text_DrawText)
    i.SGUI_Text_GetCharacterData             0x08003e18   Section        0  sgui_text.o(i.SGUI_Text_GetCharacterData)
    i.SGUI_Text_GetTextExtent                0x08003e76   Section        0  sgui_text.o(i.SGUI_Text_GetTextExtent)
    i.SVC_Handler                            0x08003ebc   Section        0  stm32g0xx_it.o(i.SVC_Handler)
    i.StepNext_GB2312                        0x08003ebe   Section        0  resource.o(i.StepNext_GB2312)
    StepNext_GB2312                          0x08003ebf   Thumb Code    26  resource.o(i.StepNext_GB2312)
    i.SysTickTimerEnable                     0x08003ed8   Section        0  demoproc.o(i.SysTickTimerEnable)
    i.SysTick_Handler                        0x08003eda   Section        0  stm32g0xx_it.o(i.SysTick_Handler)
    i.SystemClock_Config                     0x08003ee2   Section        0  main.o(i.SystemClock_Config)
    i.SystemInit                             0x08003f4c   Section        0  system_stm32g0xx.o(i.SystemInit)
    i.UserEventTriggered                     0x08003f5c   Section        0  demoproc.o(i.UserEventTriggered)
    i.WriteCmd                               0x08003f80   Section        0  oled.o(i.WriteCmd)
    i.WriteDat                               0x08003f8e   Section        0  oled.o(i.WriteDat)
    i.__ARM_common_switch8                   0x08003f9c   Section        0  stm32g0xx_hal_dma.o(i.__ARM_common_switch8)
    i.__NVIC_SetPriority                     0x08003fb8   Section        0  stm32g0xx_hal_cortex.o(i.__NVIC_SetPriority)
    __NVIC_SetPriority                       0x08003fb9   Thumb Code    60  stm32g0xx_hal_cortex.o(i.__NVIC_SetPriority)
    i.__scatterload_copy                     0x08003ffc   Section       14  handlers.o(i.__scatterload_copy)
    i.__scatterload_null                     0x0800400a   Section        2  handlers.o(i.__scatterload_null)
    i.__scatterload_zeroinit                 0x0800400c   Section       14  handlers.o(i.__scatterload_zeroinit)
    i.i2c_clear_scl                          0x0800401a   Section        0  u8x8_byte.o(i.i2c_clear_scl)
    i2c_clear_scl                            0x0800401b   Thumb Code    12  u8x8_byte.o(i.i2c_clear_scl)
    i.i2c_clear_sda                          0x08004026   Section        0  u8x8_byte.o(i.i2c_clear_sda)
    i2c_clear_sda                            0x08004027   Thumb Code    12  u8x8_byte.o(i.i2c_clear_sda)
    i.i2c_delay                              0x08004032   Section        0  software_i2c.o(i.i2c_delay)
    i2c_delay                                0x08004033   Thumb Code    12  software_i2c.o(i.i2c_delay)
    i.i2c_delay                              0x0800403e   Section        0  u8x8_byte.o(i.i2c_delay)
    i2c_delay                                0x0800403f   Thumb Code    14  u8x8_byte.o(i.i2c_delay)
    i.i2c_init                               0x0800404c   Section        0  software_i2c.o(i.i2c_init)
    i.i2c_read_scl_and_delay                 0x08004084   Section        0  u8x8_byte.o(i.i2c_read_scl_and_delay)
    i2c_read_scl_and_delay                   0x08004085   Thumb Code    20  u8x8_byte.o(i.i2c_read_scl_and_delay)
    i.i2c_read_sda                           0x08004098   Section        0  u8x8_byte.o(i.i2c_read_sda)
    i2c_read_sda                             0x08004099   Thumb Code    12  u8x8_byte.o(i.i2c_read_sda)
    i.i2c_sda_mod                            0x080040a4   Section        0  software_i2c.o(i.i2c_sda_mod)
    i2c_sda_mod                              0x080040a5   Thumb Code    26  software_i2c.o(i.i2c_sda_mod)
    i.i2c_send_data                          0x080040c8   Section        0  software_i2c.o(i.i2c_send_data)
    i2c_send_data                            0x080040c9   Thumb Code    88  software_i2c.o(i.i2c_send_data)
    i.i2c_stop                               0x08004124   Section        0  software_i2c.o(i.i2c_stop)
    i2c_stop                                 0x08004125   Thumb Code    40  software_i2c.o(i.i2c_stop)
    i.i2c_transmit_dat                       0x08004150   Section        0  software_i2c.o(i.i2c_transmit_dat)
    i.i2c_write_bit                          0x08004208   Section        0  u8x8_byte.o(i.i2c_write_bit)
    i2c_write_bit                            0x08004209   Thumb Code    38  u8x8_byte.o(i.i2c_write_bit)
    i.i2c_write_byte                         0x0800422e   Section        0  software_i2c.o(i.i2c_write_byte)
    i.i2c_write_byte                         0x08004242   Section        0  u8x8_byte.o(i.i2c_write_byte)
    i2c_write_byte                           0x08004243   Thumb Code   134  u8x8_byte.o(i.i2c_write_byte)
    i.main                                   0x080042c8   Section        0  main.o(i.main)
    i.u8g2Init                               0x080042f0   Section        0  oled.o(i.u8g2Init)
    i.u8g2_ClearBuffer                       0x0800432c   Section        0  u8g2_buffer.o(i.u8g2_ClearBuffer)
    i.u8g2_IsIntersection                    0x08004342   Section        0  u8g2_intersection.o(i.u8g2_IsIntersection)
    i.u8g2_SetFont                           0x08004368   Section        0  u8g2_font.o(i.u8g2_SetFont)
    i.u8g2_SetFontPosBaseline                0x08004384   Section        0  u8g2_font.o(i.u8g2_SetFontPosBaseline)
    i.u8g2_SetMaxClipWindow                  0x08004390   Section        0  u8g2_setup.o(i.u8g2_SetMaxClipWindow)
    i.u8g2_SetupBuffer                       0x080043a6   Section        0  u8g2_setup.o(i.u8g2_SetupBuffer)
    i.u8g2_Setup_ssd1306_i2c_128x64_noname_f 0x080043e4   Section        0  u8g2_d_setup.o(i.u8g2_Setup_ssd1306_i2c_128x64_noname_f)
    i.u8g2_UpdateRefHeight                   0x0800441c   Section        0  u8g2_font.o(i.u8g2_UpdateRefHeight)
    i.u8g2_apply_clip_window                 0x0800446a   Section        0  u8g2_setup.o(i.u8g2_apply_clip_window)
    u8g2_apply_clip_window                   0x0800446b   Thumb Code    82  u8g2_setup.o(i.u8g2_apply_clip_window)
    i.u8g2_draw_hv_line_2dir                 0x080044bc   Section        0  u8g2_hvline.o(i.u8g2_draw_hv_line_2dir)
    i.u8g2_draw_l90_r0                       0x080044d0   Section        0  u8g2_setup.o(i.u8g2_draw_l90_r0)
    i.u8g2_font_calc_vref_font               0x080044dc   Section        0  u8g2_font.o(i.u8g2_font_calc_vref_font)
    i.u8g2_font_get_word                     0x080044e0   Section        0  u8g2_font.o(i.u8g2_font_get_word)
    u8g2_font_get_word                       0x080044e1   Thumb Code    14  u8g2_font.o(i.u8g2_font_get_word)
    i.u8g2_is_intersection_decision_tree     0x080044ee   Section        0  u8g2_intersection.o(i.u8g2_is_intersection_decision_tree)
    i.u8g2_ll_hvline_vertical_top_lsb        0x08004506   Section        0  u8g2_ll_hvline.o(i.u8g2_ll_hvline_vertical_top_lsb)
    i.u8g2_m_16_8_f                          0x08004590   Section        0  u8g2_d_memory.o(i.u8g2_m_16_8_f)
    i.u8g2_read_font_info                    0x0800459c   Section        0  u8g2_font.o(i.u8g2_read_font_info)
    i.u8g2_update_dimension_common           0x08004606   Section        0  u8g2_setup.o(i.u8g2_update_dimension_common)
    u8g2_update_dimension_common             0x08004607   Thumb Code    74  u8g2_setup.o(i.u8g2_update_dimension_common)
    i.u8g2_update_dimension_r0               0x08004650   Section        0  u8g2_setup.o(i.u8g2_update_dimension_r0)
    i.u8g2_update_page_win_r0                0x08004658   Section        0  u8g2_setup.o(i.u8g2_update_page_win_r0)
    i.u8x8_InitDisplay                       0x08004678   Section        0  u8x8_display.o(i.u8x8_InitDisplay)
    i.u8x8_SetPowerSave                      0x08004688   Section        0  u8x8_display.o(i.u8x8_SetPowerSave)
    i.u8x8_Setup                             0x08004698   Section        0  u8x8_setup.o(i.u8x8_Setup)
    i.u8x8_SetupDefaults                     0x080046b8   Section        0  u8x8_setup.o(i.u8x8_SetupDefaults)
    i.u8x8_SetupMemory                       0x080046dc   Section        0  u8x8_display.o(i.u8x8_SetupMemory)
    i.u8x8_byte_EndTransfer                  0x080046ec   Section        0  u8x8_byte.o(i.u8x8_byte_EndTransfer)
    i.u8x8_byte_SendByte                     0x080046fc   Section        0  u8x8_byte.o(i.u8x8_byte_SendByte)
    i.u8x8_byte_StartTransfer                0x0800470a   Section        0  u8x8_byte.o(i.u8x8_byte_StartTransfer)
    i.u8x8_byte_sw_i2c                       0x0800471a   Section        0  u8x8_byte.o(i.u8x8_byte_sw_i2c)
    i.u8x8_cad_EndTransfer                   0x080047d4   Section        0  u8x8_cad.o(i.u8x8_cad_EndTransfer)
    i.u8x8_cad_SendArg                       0x080047e4   Section        0  u8x8_cad.o(i.u8x8_cad_SendArg)
    i.u8x8_cad_SendCmd                       0x080047f4   Section        0  u8x8_cad.o(i.u8x8_cad_SendCmd)
    i.u8x8_cad_SendData                      0x08004804   Section        0  u8x8_cad.o(i.u8x8_cad_SendData)
    i.u8x8_cad_SendSequence                  0x08004814   Section        0  u8x8_cad.o(i.u8x8_cad_SendSequence)
    i.u8x8_cad_StartTransfer                 0x0800487a   Section        0  u8x8_cad.o(i.u8x8_cad_StartTransfer)
    i.u8x8_cad_ssd13xx_fast_i2c              0x0800488c   Section        0  u8x8_cad.o(i.u8x8_cad_ssd13xx_fast_i2c)
    i.u8x8_d_helper_display_init             0x08004944   Section        0  u8x8_display.o(i.u8x8_d_helper_display_init)
    i.u8x8_d_helper_display_setup_memory     0x080049a2   Section        0  u8x8_display.o(i.u8x8_d_helper_display_setup_memory)
    i.u8x8_d_ssd1306_128x64_noname           0x080049ac   Section        0  u8x8_d_ssd1306_128x64_noname.o(i.u8x8_d_ssd1306_128x64_noname)
    i.u8x8_d_ssd1306_sh1106_generic          0x080049e8   Section        0  u8x8_d_ssd1306_128x64_noname.o(i.u8x8_d_ssd1306_sh1106_generic)
    u8x8_d_ssd1306_sh1106_generic            0x080049e9   Thumb Code   192  u8x8_d_ssd1306_128x64_noname.o(i.u8x8_d_ssd1306_sh1106_generic)
    i.u8x8_dummy_cb                          0x08004aac   Section        0  u8x8_setup.o(i.u8x8_dummy_cb)
    i.u8x8_gpio_and_delay                    0x08004ab0   Section        0  oled.o(i.u8x8_gpio_and_delay)
    i.u8x8_gpio_call                         0x08004b04   Section        0  u8x8_gpio.o(i.u8x8_gpio_call)
    i.u8x8_i2c_data_transfer                 0x08004b10   Section        0  u8x8_cad.o(i.u8x8_i2c_data_transfer)
    u8x8_i2c_data_transfer                   0x08004b11   Thumb Code    40  u8x8_cad.o(i.u8x8_i2c_data_transfer)
    .constdata                               0x08004b38   Section       64  system_stm32g0xx.o(.constdata)
    .constdata                               0x08004b78   Section    37502  u8g2_fonts.o(.constdata)
    .constdata                               0x0800ddf8   Section       12  u8g2_setup.o(.constdata)
    .constdata                               0x0800de04   Section      276  u8x8_d_ssd1306_128x64_noname.o(.constdata)
    u8x8_d_ssd1306_128x64_noname_powersave0_seq 0x0800de04   Data           5  u8x8_d_ssd1306_128x64_noname.o(.constdata)
    u8x8_d_ssd1306_128x64_noname_powersave1_seq 0x0800de09   Data           5  u8x8_d_ssd1306_128x64_noname.o(.constdata)
    u8x8_d_ssd1306_128x64_noname_flip0_seq   0x0800de0e   Data           7  u8x8_d_ssd1306_128x64_noname.o(.constdata)
    u8x8_d_ssd1306_128x64_noname_flip1_seq   0x0800de15   Data           7  u8x8_d_ssd1306_128x64_noname.o(.constdata)
    u8x8_d_ssd1306_128x64_noname_init_seq    0x0800de1c   Data          53  u8x8_d_ssd1306_128x64_noname.o(.constdata)
    u8x8_d_ssd1306_128x64_vcomh0_init_seq    0x0800de51   Data          53  u8x8_d_ssd1306_128x64_noname.o(.constdata)
    u8x8_d_ssd1306_128x64_alt0_init_seq      0x0800de86   Data          53  u8x8_d_ssd1306_128x64_noname.o(.constdata)
    u8x8_d_sh1106_128x64_winstar_init_seq    0x0800debb   Data          45  u8x8_d_ssd1306_128x64_noname.o(.constdata)
    u8x8_ssd1306_128x64_noname_display_info  0x0800dee8   Data          24  u8x8_d_ssd1306_128x64_noname.o(.constdata)
    u8x8_sh1106_128x64_noname_display_info   0x0800df00   Data          24  u8x8_d_ssd1306_128x64_noname.o(.constdata)
    .constdata                               0x0800df18   Section       28  sgui_fontresource.o(.constdata)
    .constdata                               0x0800df34   Section       28  sgui_fontresource.o(.constdata)
    .constdata                               0x0800df50   Section       28  sgui_fontresource.o(.constdata)
    .constdata                               0x0800df6c   Section     3310  sgui_fontresource.o(.constdata)
    .constdata                               0x0800ec5a   Section       32  sgui_iconresource.o(.constdata)
    .constdata                               0x0800ec7c   Section       12  sgui_iconresource.o(.constdata)
    .constdata                               0x0800ec88   Section        5  sgui_menu.o(.constdata)
    SGUI_MENU_ICON_MOVEUPDATA                0x0800ec88   Data           5  sgui_menu.o(.constdata)
    .constdata                               0x0800ec90   Section       24  sgui_menu.o(.constdata)
    .constdata                               0x0800eca8   Section        5  sgui_menu.o(.constdata)
    SGUI_MENU_ICON_MOVEDOWNDATA              0x0800eca8   Data           5  sgui_menu.o(.constdata)
    .constdata                               0x0800ecb0   Section       64  list.o(.constdata)
    s_arrstLayouts                           0x0800ecb0   Data          64  list.o(.constdata)
    .constdata                               0x0800ecf0   Section     1140  resource.o(.constdata)
    .constdata                               0x0800f164   Section       28  resource.o(.constdata)
    .conststring                             0x0800f180   Section      157  list.o(.conststring)
    .conststring                             0x0800f220   Section       95  menu.o(.conststring)
    .conststring                             0x0800f280   Section       78  variablebox.o(.conststring)
    .data                                    0x20000000   Section        2  lib_key.o(.data)
    key_on_flag                              0x20000000   Data           1  lib_key.o(.data)
    key_on_counter                           0x20000001   Data           1  lib_key.o(.data)
    .data                                    0x20000004   Section       12  stm32g0xx_hal.o(.data)
    .data                                    0x20000010   Section        4  system_stm32g0xx.o(.data)
    .data                                    0x20000014   Section        4  u8x8_cad.o(.data)
    in_transfer                              0x20000014   Data           1  u8x8_cad.o(.data)
    in_transfer                              0x20000015   Data           1  u8x8_cad.o(.data)
    in_transfer                              0x20000016   Data           1  u8x8_cad.o(.data)
    is_data                                  0x20000017   Data           1  u8x8_cad.o(.data)
    .data                                    0x20000018   Section        4  hmi_engine.o(.data)
    g_pstActivedEngineObject                 0x20000018   Data           4  hmi_engine.o(.data)
    .data                                    0x2000001c   Section       20  basic.o(.data)
    .data                                    0x20000030   Section       12  basic.o(.data)
    .data                                    0x2000003c   Section       20  curve.o(.data)
    .data                                    0x20000050   Section       12  curve.o(.data)
    .data                                    0x2000005c   Section      236  list.o(.data)
    s_iLayoutIndex                           0x2000005c   Data           4  list.o(.data)
    s_arrstListItems                         0x20000060   Data         112  list.o(.data)
    s_arrstAppendListItems                   0x200000d0   Data         120  list.o(.data)
    .data                                    0x20000148   Section       20  list.o(.data)
    .data                                    0x2000015c   Section       12  list.o(.data)
    .data                                    0x20000168   Section      196  menu.o(.data)
    s_pstActivedMenu                         0x20000168   Data           4  menu.o(.data)
    s_arrstMenuItems                         0x2000016c   Data         128  menu.o(.data)
    s_arrstSubMenuItems                      0x200001ec   Data          64  menu.o(.data)
    .data                                    0x2000022c   Section       20  menu.o(.data)
    .data                                    0x20000240   Section       12  menu.o(.data)
    .data                                    0x2000024c   Section       20  notice.o(.data)
    .data                                    0x20000260   Section       12  notice.o(.data)
    .data                                    0x2000026c   Section       20  realtimegraph.o(.data)
    .data                                    0x20000280   Section       24  realtimegraph.o(.data)
    .data                                    0x20000298   Section       20  realtimegraph.o(.data)
    s_stDemoRealtimeGraphActions             0x20000298   Data          20  realtimegraph.o(.data)
    .data                                    0x200002ac   Section       12  realtimegraph.o(.data)
    .data                                    0x200002b8   Section       20  text.o(.data)
    .data                                    0x200002cc   Section       12  text.o(.data)
    .data                                    0x200002d8   Section       50  variablebox.o(.data)
    s_szFrameTitle                           0x200002d8   Data           4  variablebox.o(.data)
    s_szHelpNoticeText                       0x200002dc   Data           4  variablebox.o(.data)
    s_uiAutoConfirmTimer                     0x200002e0   Data           4  variablebox.o(.data)
    s_uiFocusedFlag                          0x200002e4   Data           4  variablebox.o(.data)
    s_szTextVariableBuffer                   0x200002e8   Data          21  variablebox.o(.data)
    s_szDefaultFrameTitle                    0x200002fd   Data          13  variablebox.o(.data)
    .data                                    0x2000030c   Section       20  variablebox.o(.data)
    .data                                    0x20000320   Section       12  variablebox.o(.data)
    .data                                    0x2000032c   Section       36  demoproc.o(.data)
    s_uiKeyValue                             0x2000032c   Data           2  demoproc.o(.data)
    .data                                    0x20000350   Section        4  trigger_flags.o(.data)
    s_stKeyState                             0x20000350   Data           1  trigger_flags.o(.data)
    s_stKeyInput                             0x20000352   Data           2  trigger_flags.o(.data)
    .data                                    0x20000354   Section        4  rand.o(.data)
    _rand_state                              0x20000354   Data           4  rand.o(.data)
    .bss                                     0x20000358   Section      132  main.o(.bss)
    .bss                                     0x200003dc   Section       20  software_i2c.o(.bss)
    .bss                                     0x200003f0   Section     1024  u8g2_d_memory.o(.bss)
    buf                                      0x200003f0   Data        1024  u8g2_d_memory.o(.bss)
    .bss                                     0x200007f0   Section      608  curve.o(.bss)
    s_stCurve                                0x200007f0   Data          48  curve.o(.bss)
    s_arrbPointDataUsed                      0x20000820   Data          80  curve.o(.bss)
    s_arrstPointArray                        0x20000870   Data         480  curve.o(.bss)
    .bss                                     0x20000a50   Section      116  list.o(.bss)
    s_stDemoListObject                       0x20000a50   Data         116  list.o(.bss)
    .bss                                     0x20000ac4   Section      168  menu.o(.bss)
    s_stDemoMenuObject                       0x20000ac4   Data          84  menu.o(.bss)
    s_stDemoSubMenuObject                    0x20000b18   Data          84  menu.o(.bss)
    .bss                                     0x20000b6c   Section       89  notice.o(.bss)
    s_stDemoNoticeBox                        0x20000b6c   Data          24  notice.o(.bss)
    s_szDemoNoticeText                       0x20000b84   Data          65  notice.o(.bss)
    .bss                                     0x20000bc8   Section     1544  realtimegraph.o(.bss)
    .bss                                     0x200011d0   Section       68  variablebox.o(.bss)
    s_stNumberVariableBox                    0x200011d0   Data          36  variablebox.o(.bss)
    s_stTextVariableBox                      0x200011f4   Data          32  variablebox.o(.bss)
    .bss                                     0x20001214   Section      584  demoproc.o(.bss)
    .bss                                     0x2000145c   Section     2056  screen.o(.bss)
    s_stLCDBuffer                            0x2000145c   Data        2056  screen.o(.bss)
    STACK                                    0x20001c68   Section     1024  startup_stm32g070xx.o(STACK)

    Global Symbols

    Symbol Name                              Value     Ov Type        Size  Object(Section)

    BuildAttributes$$THM_ISAv3M$S$PE$A:L22$X:L11$S22$IEEE1$IW$USESV6$~STKCKD$USESV7$~SHL$OSPACE$EBA8$MICROLIB$REQ8$PRES8$EABIv2 0x00000000   Number         0  anon$$obj.o ABSOLUTE
    __ARM_use_no_argv                        0x00000000   Number         0  main.o ABSOLUTE
    __cpp_initialize__aeabi_                  - Undefined Weak Reference
    __cxa_finalize                            - Undefined Weak Reference
    _clock_init                               - Undefined Weak Reference
    _microlib_exit                            - Undefined Weak Reference
    __Vectors_Size                           0x000000b8   Number         0  startup_stm32g070xx.o ABSOLUTE
    __Vectors                                0x08000000   Data           4  startup_stm32g070xx.o(RESET)
    __Vectors_End                            0x080000b8   Data           0  startup_stm32g070xx.o(RESET)
    __main                                   0x080000b9   Thumb Code     0  entry.o(.ARM.Collect$$$$00000000)
    _main_stk                                0x080000b9   Thumb Code     0  entry2.o(.ARM.Collect$$$$00000001)
    _main_scatterload                        0x080000bd   Thumb Code     0  entry5.o(.ARM.Collect$$$$00000004)
    __main_after_scatterload                 0x080000c1   Thumb Code     0  entry5.o(.ARM.Collect$$$$00000004)
    _main_clock                              0x080000c1   Thumb Code     0  entry7b.o(.ARM.Collect$$$$00000008)
    _main_cpp_init                           0x080000c1   Thumb Code     0  entry8b.o(.ARM.Collect$$$$0000000A)
    _main_init                               0x080000c1   Thumb Code     0  entry9a.o(.ARM.Collect$$$$0000000B)
    __rt_final_cpp                           0x080000c9   Thumb Code     0  entry10a.o(.ARM.Collect$$$$0000000D)
    __rt_final_exit                          0x080000c9   Thumb Code     0  entry11a.o(.ARM.Collect$$$$0000000F)
    Reset_Handler                            0x080000cd   Thumb Code     8  startup_stm32g070xx.o(.text)
    ADC1_IRQHandler                          0x080000df   Thumb Code     0  startup_stm32g070xx.o(.text)
    DMA1_Ch4_7_DMAMUX1_OVR_IRQHandler        0x080000df   Thumb Code     0  startup_stm32g070xx.o(.text)
    DMA1_Channel1_IRQHandler                 0x080000df   Thumb Code     0  startup_stm32g070xx.o(.text)
    DMA1_Channel2_3_IRQHandler               0x080000df   Thumb Code     0  startup_stm32g070xx.o(.text)
    EXTI0_1_IRQHandler                       0x080000df   Thumb Code     0  startup_stm32g070xx.o(.text)
    EXTI2_3_IRQHandler                       0x080000df   Thumb Code     0  startup_stm32g070xx.o(.text)
    EXTI4_15_IRQHandler                      0x080000df   Thumb Code     0  startup_stm32g070xx.o(.text)
    FLASH_IRQHandler                         0x080000df   Thumb Code     0  startup_stm32g070xx.o(.text)
    I2C1_IRQHandler                          0x080000df   Thumb Code     0  startup_stm32g070xx.o(.text)
    I2C2_IRQHandler                          0x080000df   Thumb Code     0  startup_stm32g070xx.o(.text)
    RCC_IRQHandler                           0x080000df   Thumb Code     0  startup_stm32g070xx.o(.text)
    RTC_TAMP_IRQHandler                      0x080000df   Thumb Code     0  startup_stm32g070xx.o(.text)
    SPI1_IRQHandler                          0x080000df   Thumb Code     0  startup_stm32g070xx.o(.text)
    SPI2_IRQHandler                          0x080000df   Thumb Code     0  startup_stm32g070xx.o(.text)
    TIM14_IRQHandler                         0x080000df   Thumb Code     0  startup_stm32g070xx.o(.text)
    TIM15_IRQHandler                         0x080000df   Thumb Code     0  startup_stm32g070xx.o(.text)
    TIM16_IRQHandler                         0x080000df   Thumb Code     0  startup_stm32g070xx.o(.text)
    TIM17_IRQHandler                         0x080000df   Thumb Code     0  startup_stm32g070xx.o(.text)
    TIM1_BRK_UP_TRG_COM_IRQHandler           0x080000df   Thumb Code     0  startup_stm32g070xx.o(.text)
    TIM1_CC_IRQHandler                       0x080000df   Thumb Code     0  startup_stm32g070xx.o(.text)
    TIM3_IRQHandler                          0x080000df   Thumb Code     0  startup_stm32g070xx.o(.text)
    TIM6_IRQHandler                          0x080000df   Thumb Code     0  startup_stm32g070xx.o(.text)
    TIM7_IRQHandler                          0x080000df   Thumb Code     0  startup_stm32g070xx.o(.text)
    USART1_IRQHandler                        0x080000df   Thumb Code     0  startup_stm32g070xx.o(.text)
    USART2_IRQHandler                        0x080000df   Thumb Code     0  startup_stm32g070xx.o(.text)
    USART3_4_IRQHandler                      0x080000df   Thumb Code     0  startup_stm32g070xx.o(.text)
    WWDG_IRQHandler                          0x080000df   Thumb Code     0  startup_stm32g070xx.o(.text)
    __aeabi_uidiv                            0x080000e9   Thumb Code     0  uidiv.o(.text)
    __aeabi_uidivmod                         0x080000e9   Thumb Code    44  uidiv.o(.text)
    __aeabi_idiv                             0x08000115   Thumb Code     0  idiv.o(.text)
    __aeabi_idivmod                          0x08000115   Thumb Code    40  idiv.o(.text)
    rand                                     0x0800013d   Thumb Code    18  rand.o(.text)
    srand                                    0x0800014f   Thumb Code     6  rand.o(.text)
    __aeabi_memcpy                           0x08000161   Thumb Code    36  memcpya.o(.text)
    __aeabi_memcpy4                          0x08000161   Thumb Code     0  memcpya.o(.text)
    __aeabi_memcpy8                          0x08000161   Thumb Code     0  memcpya.o(.text)
    __aeabi_memset                           0x08000185   Thumb Code    14  memseta.o(.text)
    __aeabi_memset4                          0x08000185   Thumb Code     0  memseta.o(.text)
    __aeabi_memset8                          0x08000185   Thumb Code     0  memseta.o(.text)
    __aeabi_memclr                           0x08000193   Thumb Code     4  memseta.o(.text)
    __aeabi_memclr4                          0x08000193   Thumb Code     0  memseta.o(.text)
    __aeabi_memclr8                          0x08000193   Thumb Code     0  memseta.o(.text)
    _memset$wrapper                          0x08000197   Thumb Code    18  memseta.o(.text)
    strncpy                                  0x080001a9   Thumb Code    26  strncpy.o(.text)
    strlen                                   0x080001c3   Thumb Code    14  strlen.o(.text)
    __scatterload                            0x080001d1   Thumb Code    28  init.o(.text)
    __scatterload_rt2                        0x080001d1   Thumb Code     0  init.o(.text)
    __decompress                             0x080001f5   Thumb Code     0  __dczerorl2.o(.text)
    __decompress1                            0x080001f5   Thumb Code    86  __dczerorl2.o(.text)
    DemoMainProcess                          0x0800024d   Thumb Code    78  demoproc.o(i.DemoMainProcess)
    GetKeyInput                              0x08000331   Thumb Code     6  trigger_flags.o(i.GetKeyInput)
    HAL_Delay                                0x0800033d   Thumb Code    32  stm32g0xx_hal.o(i.HAL_Delay)
    HAL_GPIO_Init                            0x08000361   Thumb Code   330  stm32g0xx_hal_gpio.o(i.HAL_GPIO_Init)
    HAL_GPIO_ReadPin                         0x080004bd   Thumb Code    10  stm32g0xx_hal_gpio.o(i.HAL_GPIO_ReadPin)
    HAL_GPIO_WritePin                        0x080004c7   Thumb Code    12  stm32g0xx_hal_gpio.o(i.HAL_GPIO_WritePin)
    HAL_GetTick                              0x080004d5   Thumb Code     6  stm32g0xx_hal.o(i.HAL_GetTick)
    HAL_IncTick                              0x080004e1   Thumb Code    12  stm32g0xx_hal.o(i.HAL_IncTick)
    HAL_Init                                 0x080004f1   Thumb Code    36  stm32g0xx_hal.o(i.HAL_Init)
    HAL_InitTick                             0x08000519   Thumb Code    64  stm32g0xx_hal.o(i.HAL_InitTick)
    HAL_MspInit                              0x08000561   Thumb Code    46  stm32g0xx_hal_msp.o(i.HAL_MspInit)
    HAL_NVIC_SetPriority                     0x08000595   Thumb Code     8  stm32g0xx_hal_cortex.o(i.HAL_NVIC_SetPriority)
    HAL_PWREx_ControlVoltageScaling          0x0800059d   Thumb Code    62  stm32g0xx_hal_pwr_ex.o(i.HAL_PWREx_ControlVoltageScaling)
    HAL_RCC_ClockConfig                      0x080005e9   Thumb Code   318  stm32g0xx_hal_rcc.o(i.HAL_RCC_ClockConfig)
    HAL_RCC_GetSysClockFreq                  0x08000741   Thumb Code   130  stm32g0xx_hal_rcc.o(i.HAL_RCC_GetSysClockFreq)
    HAL_RCC_OscConfig                        0x080007cd   Thumb Code   954  stm32g0xx_hal_rcc.o(i.HAL_RCC_OscConfig)
    HAL_SYSCFG_StrobeDBattpinsConfig         0x08000bad   Thumb Code    16  stm32g0xx_hal.o(i.HAL_SYSCFG_StrobeDBattpinsConfig)
    HAL_SYSTICK_Config                       0x08000bc1   Thumb Code    38  stm32g0xx_hal_cortex.o(i.HAL_SYSTICK_Config)
    HMI_ActiveEngine                         0x08000bf1   Thumb Code    46  hmi_engine.o(i.HMI_ActiveEngine)
    HMI_GoBack                               0x08001cdd   Thumb Code    54  hmi_engine.o(i.HMI_GoBack)
    HMI_ProcessEvent                         0x08001d19   Thumb Code    80  hmi_engine.o(i.HMI_ProcessEvent)
    HMI_StartEngine                          0x08001d6d   Thumb Code    56  hmi_engine.o(i.HMI_StartEngine)
    HMI_SwitchScreen                         0x08001da9   Thumb Code    72  hmi_engine.o(i.HMI_SwitchScreen)
    HardFault_Handler                        0x08001df5   Thumb Code     2  stm32g0xx_it.o(i.HardFault_Handler)
    InitializeHMIEngineObj                   0x08001df9   Thumb Code   148  demoproc.o(i.InitializeHMIEngineObj)
    KeyEventProc                             0x08001ea9   Thumb Code    14  trigger_flags.o(i.KeyEventProc)
    KeyIsTrigger                             0x08001ebd   Thumb Code    12  trigger_flags.o(i.KeyIsTrigger)
    KeyTriggerReset                          0x08001ecd   Thumb Code    10  trigger_flags.o(i.KeyTriggerReset)
    KeysCan                                  0x08001edd   Thumb Code   298  lib_key.o(i.KeysCan)
    MX_GPIO_Init                             0x08002011   Thumb Code    66  gpio.o(i.MX_GPIO_Init)
    NMI_Handler                              0x0800205d   Thumb Code     2  stm32g0xx_it.o(i.NMI_Handler)
    OLED_CLS                                 0x0800205f   Thumb Code    10  oled.o(i.OLED_CLS)
    OLED_Fill                                0x08002069   Thumb Code    54  oled.o(i.OLED_Fill)
    OLED_Init                                0x0800209f   Thumb Code   196  oled.o(i.OLED_Init)
    PendSV_Handler                           0x08002163   Thumb Code     2  stm32g0xx_it.o(i.PendSV_Handler)
    RTCTimerEnable                           0x08002165   Thumb Code     2  demoproc.o(i.RTCTimerEnable)
    SCREEN_ClearDisplay                      0x08002169   Thumb Code    14  screen.o(i.SCREEN_ClearDisplay)
    SCREEN_GetPixel                          0x0800217d   Thumb Code    50  screen.o(i.SCREEN_GetPixel)
    SCREEN_RefreshScreen                     0x080021b5   Thumb Code    82  screen.o(i.SCREEN_RefreshScreen)
    SCREEN_SetPixel                          0x0800220d   Thumb Code   104  screen.o(i.SCREEN_SetPixel)
    SGUI_Basic_DrawBitMap                    0x08002279   Thumb Code   326  sgui_basic.o(i.SGUI_Basic_DrawBitMap)
    SGUI_Basic_DrawCircle                    0x080023bf   Thumb Code   338  sgui_basic.o(i.SGUI_Basic_DrawCircle)
    SGUI_Basic_DrawHorizontalLine            0x08002511   Thumb Code    36  sgui_basic.o(i.SGUI_Basic_DrawHorizontalLine)
    SGUI_Basic_DrawLine                      0x08002535   Thumb Code   154  sgui_basic.o(i.SGUI_Basic_DrawLine)
    SGUI_Basic_DrawPoint                     0x080025cf   Thumb Code    48  sgui_basic.o(i.SGUI_Basic_DrawPoint)
    SGUI_Basic_DrawRectangle                 0x080025ff   Thumb Code   182  sgui_basic.o(i.SGUI_Basic_DrawRectangle)
    SGUI_Basic_DrawRoundedRectangle          0x080026b5   Thumb Code   548  sgui_basic.o(i.SGUI_Basic_DrawRoundedRectangle)
    SGUI_Basic_DrawVerticalLine              0x080028d9   Thumb Code    36  sgui_basic.o(i.SGUI_Basic_DrawVerticalLine)
    SGUI_Basic_FillRectangleArea             0x080028fd   Thumb Code    78  sgui_basic.o(i.SGUI_Basic_FillRectangleArea)
    SGUI_Basic_GetPoint                      0x0800294b   Thumb Code    46  sgui_basic.o(i.SGUI_Basic_GetPoint)
    SGUI_Basic_PointIsInArea                 0x08002979   Thumb Code    42  sgui_basic.o(i.SGUI_Basic_PointIsInArea)
    SGUI_Basic_ResetActiveArea               0x080029a3   Thumb Code    52  sgui_basic.o(i.SGUI_Basic_ResetActiveArea)
    SGUI_Basic_ReverseBlockColor             0x080029d7   Thumb Code    70  sgui_basic.o(i.SGUI_Basic_ReverseBlockColor)
    SGUI_Common_AdaptDisplayInfo             0x08002a1d   Thumb Code    58  sgui_common.o(i.SGUI_Common_AdaptDisplayInfo)
    SGUI_Common_IntegerToString              0x08002a57   Thumb Code   220  sgui_common.o(i.SGUI_Common_IntegerToString)
    SGUI_Curve_AddPoint                      0x08002b33   Thumb Code    44  sgui_curve.o(i.SGUI_Curve_AddPoint)
    SGUI_Curve_CalculatePointPosition        0x08002b5f   Thumb Code    80  sgui_curve.o(i.SGUI_Curve_CalculatePointPosition)
    SGUI_Curve_FocusPoint                    0x08002baf   Thumb Code    28  sgui_curve.o(i.SGUI_Curve_FocusPoint)
    SGUI_Curve_HighlightFocus                0x08002bcb   Thumb Code   106  sgui_curve.o(i.SGUI_Curve_HighlightFocus)
    SGUI_Curve_Initialize                    0x08002c35   Thumb Code    28  sgui_curve.o(i.SGUI_Curve_Initialize)
    SGUI_Curve_InitializePoint               0x08002c51   Thumb Code    22  sgui_curve.o(i.SGUI_Curve_InitializePoint)
    SGUI_Curve_InsertAfterPoint              0x08002c67   Thumb Code    76  sgui_curve.o(i.SGUI_Curve_InsertAfterPoint)
    SGUI_Curve_InsertBeforePoint             0x08002cb3   Thumb Code    82  sgui_curve.o(i.SGUI_Curve_InsertBeforePoint)
    SGUI_Curve_PointIsHighlight              0x08002d05   Thumb Code    30  sgui_curve.o(i.SGUI_Curve_PointIsHighlight)
    SGUI_Curve_RemovePoint                   0x08002d23   Thumb Code    58  sgui_curve.o(i.SGUI_Curve_RemovePoint)
    SGUI_Curve_Repaint                       0x08002d5d   Thumb Code   100  sgui_curve.o(i.SGUI_Curve_Repaint)
    SGUI_Curve_UpdateFocusPoint              0x08002dc1   Thumb Code    98  sgui_curve.o(i.SGUI_Curve_UpdateFocusPoint)
    SGUI_ItemsBase_CanScrollDown             0x08002e23   Thumb Code    22  sgui_itemsbase.o(i.SGUI_ItemsBase_CanScrollDown)
    SGUI_ItemsBase_CanScrollUp               0x08002e39   Thumb Code    18  sgui_itemsbase.o(i.SGUI_ItemsBase_CanScrollUp)
    SGUI_ItemsBase_GetItemExtent             0x08002e4b   Thumb Code   170  sgui_itemsbase.o(i.SGUI_ItemsBase_GetItemExtent)
    SGUI_ItemsBase_Initialize                0x08002ef5   Thumb Code   126  sgui_itemsbase.o(i.SGUI_ItemsBase_Initialize)
    SGUI_ItemsBase_InsertItem                0x08002f73   Thumb Code   184  sgui_itemsbase.o(i.SGUI_ItemsBase_InsertItem)
    SGUI_ItemsBase_JumpItem                  0x0800302b   Thumb Code    42  sgui_itemsbase.o(i.SGUI_ItemsBase_JumpItem)
    SGUI_ItemsBase_RemoveItem                0x08003055   Thumb Code   154  sgui_itemsbase.o(i.SGUI_ItemsBase_RemoveItem)
    SGUI_ItemsBase_Repaint                   0x080030ef   Thumb Code   462  sgui_itemsbase.o(i.SGUI_ItemsBase_Repaint)
    SGUI_ItemsBase_Resize                    0x080032bd   Thumb Code   114  sgui_itemsbase.o(i.SGUI_ItemsBase_Resize)
    SGUI_ItemsBase_Selecte                   0x0800332f   Thumb Code    36  sgui_itemsbase.o(i.SGUI_ItemsBase_Selecte)
    SGUI_List_Initialize                     0x08003353   Thumb Code   150  sgui_list.o(i.SGUI_List_Initialize)
    SGUI_List_InsertItem                     0x080033e9   Thumb Code    42  sgui_list.o(i.SGUI_List_InsertItem)
    SGUI_List_RemoveItem                     0x08003413   Thumb Code    42  sgui_list.o(i.SGUI_List_RemoveItem)
    SGUI_List_Repaint                        0x0800343d   Thumb Code   148  sgui_list.o(i.SGUI_List_Repaint)
    SGUI_List_Resize                         0x080034d1   Thumb Code   110  sgui_list.o(i.SGUI_List_Resize)
    SGUI_Menu_Initialize                     0x0800353f   Thumb Code    68  sgui_menu.o(i.SGUI_Menu_Initialize)
    SGUI_Menu_PopupSubMenu                   0x08003583   Thumb Code    96  sgui_menu.o(i.SGUI_Menu_PopupSubMenu)
    SGUI_Menu_Repaint                        0x080035e5   Thumb Code   140  sgui_menu.o(i.SGUI_Menu_Repaint)
    SGUI_Menu_Resize                         0x08003675   Thumb Code    60  sgui_menu.o(i.SGUI_Menu_Resize)
    SGUI_Notice_FitArea                      0x080036b1   Thumb Code    28  sgui_notice.o(i.SGUI_Notice_FitArea)
    SGUI_Notice_Repaint                      0x080036cd   Thumb Code   156  sgui_notice.o(i.SGUI_Notice_Repaint)
    SGUI_NumberVariableBox_Initialize        0x08003769   Thumb Code    30  sgui_variablebox.o(i.SGUI_NumberVariableBox_Initialize)
    SGUI_NumberVariableBox_Repaint           0x08003787   Thumb Code   138  sgui_variablebox.o(i.SGUI_NumberVariableBox_Repaint)
    SGUI_RealtimeGraph_AppendValue           0x08003811   Thumb Code   114  sgui_realtimegraph.o(i.SGUI_RealtimeGraph_AppendValue)
    SGUI_RealtimeGraph_Initialize            0x080038b9   Thumb Code   116  sgui_realtimegraph.o(i.SGUI_RealtimeGraph_Initialize)
    SGUI_RealtimeGraph_Repaint               0x0800392d   Thumb Code   162  sgui_realtimegraph.o(i.SGUI_RealtimeGraph_Repaint)
    SGUI_ScrollBar_Initialize                0x08003abd   Thumb Code    30  sgui_scrollbar.o(i.SGUI_ScrollBar_Initialize)
    SGUI_ScrollBar_Repaint                   0x08003adb   Thumb Code   174  sgui_scrollbar.o(i.SGUI_ScrollBar_Repaint)
    SGUI_ScrollBar_SetValue                  0x08003b89   Thumb Code    18  sgui_scrollbar.o(i.SGUI_ScrollBar_SetValue)
    SGUI_TextVariableBox_Initialize          0x08003b9b   Thumb Code    34  sgui_variablebox.o(i.SGUI_TextVariableBox_Initialize)
    SGUI_TextVariableBox_Repaint             0x08003bbd   Thumb Code   160  sgui_variablebox.o(i.SGUI_TextVariableBox_Repaint)
    SGUI_Text_DrawMultipleLinesText          0x08003c5d   Thumb Code   256  sgui_text.o(i.SGUI_Text_DrawMultipleLinesText)
    SGUI_Text_DrawText                       0x08003d5d   Thumb Code   188  sgui_text.o(i.SGUI_Text_DrawText)
    SGUI_Text_GetCharacterData               0x08003e19   Thumb Code    94  sgui_text.o(i.SGUI_Text_GetCharacterData)
    SGUI_Text_GetTextExtent                  0x08003e77   Thumb Code    70  sgui_text.o(i.SGUI_Text_GetTextExtent)
    SVC_Handler                              0x08003ebd   Thumb Code     2  stm32g0xx_it.o(i.SVC_Handler)
    SysTickTimerEnable                       0x08003ed9   Thumb Code     2  demoproc.o(i.SysTickTimerEnable)
    SysTick_Handler                          0x08003edb   Thumb Code     8  stm32g0xx_it.o(i.SysTick_Handler)
    SystemClock_Config                       0x08003ee3   Thumb Code   104  main.o(i.SystemClock_Config)
    SystemInit                               0x08003f4d   Thumb Code    10  system_stm32g0xx.o(i.SystemInit)
    UserEventTriggered                       0x08003f5d   Thumb Code    30  demoproc.o(i.UserEventTriggered)
    WriteCmd                                 0x08003f81   Thumb Code    14  oled.o(i.WriteCmd)
    WriteDat                                 0x08003f8f   Thumb Code    14  oled.o(i.WriteDat)
    __ARM_common_switch8                     0x08003f9d   Thumb Code    26  stm32g0xx_hal_dma.o(i.__ARM_common_switch8)
    __scatterload_copy                       0x08003ffd   Thumb Code    14  handlers.o(i.__scatterload_copy)
    __scatterload_null                       0x0800400b   Thumb Code     2  handlers.o(i.__scatterload_null)
    __scatterload_zeroinit                   0x0800400d   Thumb Code    14  handlers.o(i.__scatterload_zeroinit)
    i2c_init                                 0x0800404d   Thumb Code    42  software_i2c.o(i.i2c_init)
    i2c_transmit_dat                         0x08004151   Thumb Code   180  software_i2c.o(i.i2c_transmit_dat)
    i2c_write_byte                           0x0800422f   Thumb Code    20  software_i2c.o(i.i2c_write_byte)
    main                                     0x080042c9   Thumb Code    34  main.o(i.main)
    u8g2Init                                 0x080042f1   Thumb Code    44  oled.o(i.u8g2Init)
    u8g2_ClearBuffer                         0x0800432d   Thumb Code    22  u8g2_buffer.o(i.u8g2_ClearBuffer)
    u8g2_IsIntersection                      0x08004343   Thumb Code    38  u8g2_intersection.o(i.u8g2_IsIntersection)
    u8g2_SetFont                             0x08004369   Thumb Code    28  u8g2_font.o(i.u8g2_SetFont)
    u8g2_SetFontPosBaseline                  0x08004385   Thumb Code     6  u8g2_font.o(i.u8g2_SetFontPosBaseline)
    u8g2_SetMaxClipWindow                    0x08004391   Thumb Code    22  u8g2_setup.o(i.u8g2_SetMaxClipWindow)
    u8g2_SetupBuffer                         0x080043a7   Thumb Code    62  u8g2_setup.o(i.u8g2_SetupBuffer)
    u8g2_Setup_ssd1306_i2c_128x64_noname_f   0x080043e5   Thumb Code    42  u8g2_d_setup.o(i.u8g2_Setup_ssd1306_i2c_128x64_noname_f)
    u8g2_UpdateRefHeight                     0x0800441d   Thumb Code    78  u8g2_font.o(i.u8g2_UpdateRefHeight)
    u8g2_draw_hv_line_2dir                   0x080044bd   Thumb Code    20  u8g2_hvline.o(i.u8g2_draw_hv_line_2dir)
    u8g2_draw_l90_r0                         0x080044d1   Thumb Code    12  u8g2_setup.o(i.u8g2_draw_l90_r0)
    u8g2_font_calc_vref_font                 0x080044dd   Thumb Code     4  u8g2_font.o(i.u8g2_font_calc_vref_font)
    u8g2_is_intersection_decision_tree       0x080044ef   Thumb Code    24  u8g2_intersection.o(i.u8g2_is_intersection_decision_tree)
    u8g2_ll_hvline_vertical_top_lsb          0x08004507   Thumb Code   138  u8g2_ll_hvline.o(i.u8g2_ll_hvline_vertical_top_lsb)
    u8g2_m_16_8_f                            0x08004591   Thumb Code     8  u8g2_d_memory.o(i.u8g2_m_16_8_f)
    u8g2_read_font_info                      0x0800459d   Thumb Code   106  u8g2_font.o(i.u8g2_read_font_info)
    u8g2_update_dimension_r0                 0x08004651   Thumb Code     8  u8g2_setup.o(i.u8g2_update_dimension_r0)
    u8g2_update_page_win_r0                  0x08004659   Thumb Code    32  u8g2_setup.o(i.u8g2_update_page_win_r0)
    u8x8_InitDisplay                         0x08004679   Thumb Code    16  u8x8_display.o(i.u8x8_InitDisplay)
    u8x8_SetPowerSave                        0x08004689   Thumb Code    16  u8x8_display.o(i.u8x8_SetPowerSave)
    u8x8_Setup                               0x08004699   Thumb Code    30  u8x8_setup.o(i.u8x8_Setup)
    u8x8_SetupDefaults                       0x080046b9   Thumb Code    32  u8x8_setup.o(i.u8x8_SetupDefaults)
    u8x8_SetupMemory                         0x080046dd   Thumb Code    16  u8x8_display.o(i.u8x8_SetupMemory)
    u8x8_byte_EndTransfer                    0x080046ed   Thumb Code    16  u8x8_byte.o(i.u8x8_byte_EndTransfer)
    u8x8_byte_SendByte                       0x080046fd   Thumb Code    14  u8x8_byte.o(i.u8x8_byte_SendByte)
    u8x8_byte_StartTransfer                  0x0800470b   Thumb Code    16  u8x8_byte.o(i.u8x8_byte_StartTransfer)
    u8x8_byte_sw_i2c                         0x0800471b   Thumb Code   186  u8x8_byte.o(i.u8x8_byte_sw_i2c)
    u8x8_cad_EndTransfer                     0x080047d5   Thumb Code    16  u8x8_cad.o(i.u8x8_cad_EndTransfer)
    u8x8_cad_SendArg                         0x080047e5   Thumb Code    16  u8x8_cad.o(i.u8x8_cad_SendArg)
    u8x8_cad_SendCmd                         0x080047f5   Thumb Code    16  u8x8_cad.o(i.u8x8_cad_SendCmd)
    u8x8_cad_SendData                        0x08004805   Thumb Code    16  u8x8_cad.o(i.u8x8_cad_SendData)
    u8x8_cad_SendSequence                    0x08004815   Thumb Code   102  u8x8_cad.o(i.u8x8_cad_SendSequence)
    u8x8_cad_StartTransfer                   0x0800487b   Thumb Code    16  u8x8_cad.o(i.u8x8_cad_StartTransfer)
    u8x8_cad_ssd13xx_fast_i2c                0x0800488d   Thumb Code   178  u8x8_cad.o(i.u8x8_cad_ssd13xx_fast_i2c)
    u8x8_d_helper_display_init               0x08004945   Thumb Code    94  u8x8_display.o(i.u8x8_d_helper_display_init)
    u8x8_d_helper_display_setup_memory       0x080049a3   Thumb Code    10  u8x8_display.o(i.u8x8_d_helper_display_setup_memory)
    u8x8_d_ssd1306_128x64_noname             0x080049ad   Thumb Code    54  u8x8_d_ssd1306_128x64_noname.o(i.u8x8_d_ssd1306_128x64_noname)
    u8x8_dummy_cb                            0x08004aad   Thumb Code     4  u8x8_setup.o(i.u8x8_dummy_cb)
    u8x8_gpio_and_delay                      0x08004ab1   Thumb Code    78  oled.o(i.u8x8_gpio_and_delay)
    u8x8_gpio_call                           0x08004b05   Thumb Code    12  u8x8_gpio.o(i.u8x8_gpio_call)
    AHBPrescTable                            0x08004b38   Data          64  system_stm32g0xx.o(.constdata)
    u8g2_font_unifont_t_chinese3             0x08004b78   Data       37502  u8g2_fonts.o(.constdata)
    u8g2_cb_r0                               0x0800ddf8   Data          12  u8g2_setup.o(.constdata)
    SGUI_DEFAULT_FONT_MiniNum                0x0800df18   Data          28  sgui_fontresource.o(.constdata)
    SGUI_DEFAULT_FONT_8                      0x0800df34   Data          28  sgui_fontresource.o(.constdata)
    SGUI_DEFAULT_FONT_12                     0x0800df50   Data          28  sgui_fontresource.o(.constdata)
    SGUI_FONT_H6                             0x0800df6c   Data          80  sgui_fontresource.o(.constdata)
    SGUI_FONT_H8                             0x0800dfbc   Data         570  sgui_fontresource.o(.constdata)
    SGUI_FONT_H12                            0x0800e1f6   Data        1140  sgui_fontresource.o(.constdata)
    SGUI_FONT_H16                            0x0800e66a   Data        1520  sgui_fontresource.o(.constdata)
    SGUI_RES_ICON_INFORMATION_16DATA         0x0800ec5a   Data          32  sgui_iconresource.o(.constdata)
    SGUI_RES_ICON_INFORMATION_16             0x0800ec7c   Data          12  sgui_iconresource.o(.constdata)
    SGUI_MENU_ICON_MOVEUP                    0x0800ec90   Data          12  sgui_menu.o(.constdata)
    SGUI_MENU_ICON_MOVEDOWN                  0x0800ec9c   Data          12  sgui_menu.o(.constdata)
    GB2312_H12                               0x0800ecf0   Data        1140  resource.o(.constdata)
    GB2312_FZXS12                            0x0800f164   Data          28  resource.o(.constdata)
    Region$$Table$$Base                      0x0800f2d0   Number         0  anon$$obj.o(Region$$Table)
    Region$$Table$$Limit                     0x0800f2f0   Number         0  anon$$obj.o(Region$$Table)
    uwTickFreq                               0x20000004   Data           1  stm32g0xx_hal.o(.data)
    uwTickPrio                               0x20000008   Data           4  stm32g0xx_hal.o(.data)
    uwTick                                   0x2000000c   Data           4  stm32g0xx_hal.o(.data)
    SystemCoreClock                          0x20000010   Data           4  system_stm32g0xx.o(.data)
    s_stDemoBasicPaintActions                0x2000001c   Data          20  basic.o(.data)
    g_stHMIDemo_BasicPaint                   0x20000030   Data          12  basic.o(.data)
    s_stDemoCurveActions                     0x2000003c   Data          20  curve.o(.data)
    g_stHMIDemo_Curve                        0x20000050   Data          12  curve.o(.data)
    s_stDemoListActions                      0x20000148   Data          20  list.o(.data)
    g_stHMIDemo_List                         0x2000015c   Data          12  list.o(.data)
    s_stDemoMenuActions                      0x2000022c   Data          20  menu.o(.data)
    g_stHMIDemo_Menu                         0x20000240   Data          12  menu.o(.data)
    s_stDemoNoticeActions                    0x2000024c   Data          20  notice.o(.data)
    g_stHMIDemo_Notice                       0x20000260   Data          12  notice.o(.data)
    s_stRealtimeGraphControl                 0x2000026c   Data          20  realtimegraph.o(.data)
    s_stRealtimeGraph                        0x20000280   Data          24  realtimegraph.o(.data)
    g_stHMIDemo_RealtimeGraph                0x200002ac   Data          12  realtimegraph.o(.data)
    s_stDemoTextActions                      0x200002b8   Data          20  text.o(.data)
    g_stHMIDemo_TextPaint                    0x200002cc   Data          12  text.o(.data)
    s_stDemoVariableBoxActions               0x2000030c   Data          20  variablebox.o(.data)
    g_stHMIDemo_VariableBox                  0x20000320   Data          12  variablebox.o(.data)
    g_arrpstScreenObjs                       0x20000330   Data          32  demoproc.o(.data)
    u8g2                                     0x20000358   Data         132  main.o(.bss)
    i2c_gpio_init_t                          0x200003dc   Data          20  software_i2c.o(.bss)
    s_stRealtimeGraphData                    0x20000bc8   Data        1544  realtimegraph.o(.bss)
    g_stDeviceInterface                      0x20001214   Data          56  demoproc.o(.bss)
    g_stDemoEngine                           0x2000124c   Data          16  demoproc.o(.bss)
    s_pBmpDataBuffer                         0x2000125c   Data         512  demoproc.o(.bss)
    __initial_sp                             0x20002068   Data           0  startup_stm32g070xx.o(STACK)



==============================================================================

Memory Map of the image

  Image Entry point : 0x080000b9

  Load Region LR_IROM1 (Base: 0x08000000, Size: 0x0000f648, Max: 0x00020000, ABSOLUTE, COMPRESSED[0x0000f468])

    Execution Region ER_IROM1 (Exec base: 0x08000000, Load base: 0x08000000, Size: 0x0000f2f0, Max: 0x00020000, ABSOLUTE)

    Exec Addr    Load Addr    Size         Type   Attr      Idx    E Section Name        Object

    0x08000000   0x08000000   0x000000b8   Data   RO            3    RESET               startup_stm32g070xx.o
    0x080000b8   0x080000b8   0x00000000   Code   RO         6620  * .ARM.Collect$$$$00000000  mc_p.l(entry.o)
    0x080000b8   0x080000b8   0x00000004   Code   RO         6640    .ARM.Collect$$$$00000001  mc_p.l(entry2.o)
    0x080000bc   0x080000bc   0x00000004   Code   RO         6643    .ARM.Collect$$$$00000004  mc_p.l(entry5.o)
    0x080000c0   0x080000c0   0x00000000   Code   RO         6645    .ARM.Collect$$$$00000008  mc_p.l(entry7b.o)
    0x080000c0   0x080000c0   0x00000000   Code   RO         6647    .ARM.Collect$$$$0000000A  mc_p.l(entry8b.o)
    0x080000c0   0x080000c0   0x00000008   Code   RO         6648    .ARM.Collect$$$$0000000B  mc_p.l(entry9a.o)
    0x080000c8   0x080000c8   0x00000000   Code   RO         6650    .ARM.Collect$$$$0000000D  mc_p.l(entry10a.o)
    0x080000c8   0x080000c8   0x00000000   Code   RO         6652    .ARM.Collect$$$$0000000F  mc_p.l(entry11a.o)
    0x080000c8   0x080000c8   0x00000004   Code   RO         6641    .ARM.Collect$$$$00002712  mc_p.l(entry2.o)
    0x080000cc   0x080000cc   0x0000001c   Code   RO            4    .text               startup_stm32g070xx.o
    0x080000e8   0x080000e8   0x0000002c   Code   RO         6623    .text               mc_p.l(uidiv.o)
    0x08000114   0x08000114   0x00000028   Code   RO         6625    .text               mc_p.l(idiv.o)
    0x0800013c   0x0800013c   0x00000024   Code   RO         6627    .text               mc_p.l(rand.o)
    0x08000160   0x08000160   0x00000024   Code   RO         6630    .text               mc_p.l(memcpya.o)
    0x08000184   0x08000184   0x00000024   Code   RO         6632    .text               mc_p.l(memseta.o)
    0x080001a8   0x080001a8   0x0000001a   Code   RO         6634    .text               mc_p.l(strncpy.o)
    0x080001c2   0x080001c2   0x0000000e   Code   RO         6636    .text               mc_p.l(strlen.o)
    0x080001d0   0x080001d0   0x00000024   Code   RO         6654    .text               mc_p.l(init.o)
    0x080001f4   0x080001f4   0x00000056   Code   RO         6664    .text               mc_p.l(__dczerorl2.o)
    0x0800024a   0x0800024a   0x00000002   PAD
    0x0800024c   0x0800024c   0x00000054   Code   RO         6470    i.DemoMainProcess   demoproc.o
    0x080002a0   0x080002a0   0x00000024   Code   RO         6347    i.GB2312_GetFontData  resource.o
    0x080002c4   0x080002c4   0x0000000c   Code   RO         6348    i.GB2312_IsFullWidth  resource.o
    0x080002d0   0x080002d0   0x00000060   Code   RO         6349    i.GetCharIndex_GB2312  resource.o
    0x08000330   0x08000330   0x0000000c   Code   RO         6584    i.GetKeyInput       trigger_flags.o
    0x0800033c   0x0800033c   0x00000024   Code   RO         1385    i.HAL_Delay         stm32g0xx_hal.o
    0x08000360   0x08000360   0x0000015c   Code   RO          858    i.HAL_GPIO_Init     stm32g0xx_hal_gpio.o
    0x080004bc   0x080004bc   0x0000000a   Code   RO          860    i.HAL_GPIO_ReadPin  stm32g0xx_hal_gpio.o
    0x080004c6   0x080004c6   0x0000000c   Code   RO          862    i.HAL_GPIO_WritePin  stm32g0xx_hal_gpio.o
    0x080004d2   0x080004d2   0x00000002   PAD
    0x080004d4   0x080004d4   0x0000000c   Code   RO         1389    i.HAL_GetTick       stm32g0xx_hal.o
    0x080004e0   0x080004e0   0x00000010   Code   RO         1395    i.HAL_IncTick       stm32g0xx_hal.o
    0x080004f0   0x080004f0   0x00000028   Code   RO         1396    i.HAL_Init          stm32g0xx_hal.o
    0x08000518   0x08000518   0x00000048   Code   RO         1397    i.HAL_InitTick      stm32g0xx_hal.o
    0x08000560   0x08000560   0x00000034   Code   RO          284    i.HAL_MspInit       stm32g0xx_hal_msp.o
    0x08000594   0x08000594   0x00000008   Code   RO         1277    i.HAL_NVIC_SetPriority  stm32g0xx_hal_cortex.o
    0x0800059c   0x0800059c   0x0000004c   Code   RO         1158    i.HAL_PWREx_ControlVoltageScaling  stm32g0xx_hal_pwr_ex.o
    0x080005e8   0x080005e8   0x00000158   Code   RO          514    i.HAL_RCC_ClockConfig  stm32g0xx_hal_rcc.o
    0x08000740   0x08000740   0x0000008c   Code   RO          523    i.HAL_RCC_GetSysClockFreq  stm32g0xx_hal_rcc.o
    0x080007cc   0x080007cc   0x000003e0   Code   RO          527    i.HAL_RCC_OscConfig  stm32g0xx_hal_rcc.o
    0x08000bac   0x08000bac   0x00000014   Code   RO         1405    i.HAL_SYSCFG_StrobeDBattpinsConfig  stm32g0xx_hal.o
    0x08000bc0   0x08000bc0   0x00000030   Code   RO         1281    i.HAL_SYSTICK_Config  stm32g0xx_hal_cortex.o
    0x08000bf0   0x08000bf0   0x00000034   Code   RO         5995    i.HMI_ActiveEngine  hmi_engine.o
    0x08000c24   0x08000c24   0x00000014   Code   RO         6044    i.HMI_DemoBasic_PostProcess  basic.o
    0x08000c38   0x08000c38   0x00000032   Code   RO         6045    i.HMI_DemoBasic_Prepare  basic.o
    0x08000c6a   0x08000c6a   0x00000026   Code   RO         6046    i.HMI_DemoBasic_ProcessEvent  basic.o
    0x08000c90   0x08000c90   0x0000014e   Code   RO         6047    i.HMI_DemoBasic_RefreshScreen  basic.o
    0x08000dde   0x08000dde   0x00000002   PAD
    0x08000de0   0x08000de0   0x000000b8   Code   RO         6101    i.HMI_DemoCurve_Initialize  curve.o
    0x08000e98   0x08000e98   0x0000002c   Code   RO         6102    i.HMI_DemoCurve_NewPoint  curve.o
    0x08000ec4   0x08000ec4   0x00000014   Code   RO         6103    i.HMI_DemoCurve_PostProcess  curve.o
    0x08000ed8   0x08000ed8   0x00000018   Code   RO         6104    i.HMI_DemoCurve_Prepare  curve.o
    0x08000ef0   0x08000ef0   0x0000012c   Code   RO         6105    i.HMI_DemoCurve_ProcessEvent  curve.o
    0x0800101c   0x0800101c   0x00000060   Code   RO         6106    i.HMI_DemoCurve_RefreshScreen  curve.o
    0x0800107c   0x0800107c   0x000000c4   Code   RO         6107    i.HMI_DemoCurve_RepaintText  curve.o
    0x08001140   0x08001140   0x00000054   Code   RO         6162    i.HMI_DemoList_Initialize  list.o
    0x08001194   0x08001194   0x00000084   Code   RO         6163    i.HMI_DemoList_PostProcess  list.o
    0x08001218   0x08001218   0x00000010   Code   RO         6164    i.HMI_DemoList_Prepare  list.o
    0x08001228   0x08001228   0x0000019c   Code   RO         6165    i.HMI_DemoList_ProcessEvent  list.o
    0x080013c4   0x080013c4   0x00000010   Code   RO         6166    i.HMI_DemoList_RefreshScreen  list.o
    0x080013d4   0x080013d4   0x0000003c   Code   RO         6214    i.HMI_DemoMenu_Initialize  menu.o
    0x08001410   0x08001410   0x00000010   Code   RO         6215    i.HMI_DemoMenu_PostProcess  menu.o
    0x08001420   0x08001420   0x0000002c   Code   RO         6216    i.HMI_DemoMenu_Prepare  menu.o
    0x0800144c   0x0800144c   0x000000f8   Code   RO         6217    i.HMI_DemoMenu_ProcessEvent  menu.o
    0x08001544   0x08001544   0x00000014   Code   RO         6218    i.HMI_DemoMenu_RefreshScreen  menu.o
    0x08001558   0x08001558   0x00000028   Code   RO         6259    i.HMI_DemoNotice_Initialize  notice.o
    0x08001580   0x08001580   0x00000014   Code   RO         6260    i.HMI_DemoNotice_PostProcess  notice.o
    0x08001594   0x08001594   0x00000050   Code   RO         6261    i.HMI_DemoNotice_Prepare  notice.o
    0x080015e4   0x080015e4   0x0000002a   Code   RO         6262    i.HMI_DemoNotice_ProcessEvent  notice.o
    0x0800160e   0x0800160e   0x00000002   PAD
    0x08001610   0x08001610   0x00000018   Code   RO         6263    i.HMI_DemoNotice_RefreshScreen  notice.o
    0x08001628   0x08001628   0x00000018   Code   RO         6302    i.HMI_DemoRealGraph_Initialize  realtimegraph.o
    0x08001640   0x08001640   0x0000001a   Code   RO         6303    i.HMI_DemoRealGraph_PostProcess  realtimegraph.o
    0x0800165a   0x0800165a   0x00000002   PAD
    0x0800165c   0x0800165c   0x00000034   Code   RO         6304    i.HMI_DemoRealGraph_Prepare  realtimegraph.o
    0x08001690   0x08001690   0x00000058   Code   RO         6305    i.HMI_DemoRealGraph_ProcessEvent  realtimegraph.o
    0x080016e8   0x080016e8   0x000000b0   Code   RO         6306    i.HMI_DemoRealGraph_RefreshScreen  realtimegraph.o
    0x08001798   0x08001798   0x00000014   Code   RO         6380    i.HMI_DemoText_PostProcess  text.o
    0x080017ac   0x080017ac   0x00000032   Code   RO         6381    i.HMI_DemoText_Prepare  text.o
    0x080017de   0x080017de   0x00000026   Code   RO         6382    i.HMI_DemoText_ProcessEvent  text.o
    0x08001804   0x08001804   0x00000130   Code   RO         6383    i.HMI_DemoText_RefreshScreen  text.o
    0x08001934   0x08001934   0x0000007c   Code   RO         6414    i.HMI_DemoVariableBox_DrawFrame  variablebox.o
    0x080019b0   0x080019b0   0x00000078   Code   RO         6415    i.HMI_DemoVariableBox_Initialize  variablebox.o
    0x08001a28   0x08001a28   0x00000020   Code   RO         6416    i.HMI_DemoVariableBox_PostProcess  variablebox.o
    0x08001a48   0x08001a48   0x00000048   Code   RO         6417    i.HMI_DemoVariableBox_Prepare  variablebox.o
    0x08001a90   0x08001a90   0x000001a4   Code   RO         6418    i.HMI_DemoVariableBox_ProcessEvent  variablebox.o
    0x08001c34   0x08001c34   0x0000007c   Code   RO         6419    i.HMI_DemoVariableBox_RefreshScreen  variablebox.o
    0x08001cb0   0x08001cb0   0x0000002a   Code   RO         5996    i.HMI_GetScreenObjectInEngine  hmi_engine.o
    0x08001cda   0x08001cda   0x00000002   PAD
    0x08001cdc   0x08001cdc   0x0000003c   Code   RO         5997    i.HMI_GoBack        hmi_engine.o
    0x08001d18   0x08001d18   0x00000054   Code   RO         5998    i.HMI_ProcessEvent  hmi_engine.o
    0x08001d6c   0x08001d6c   0x0000003c   Code   RO         6000    i.HMI_StartEngine   hmi_engine.o
    0x08001da8   0x08001da8   0x0000004c   Code   RO         6001    i.HMI_SwitchScreen  hmi_engine.o
    0x08001df4   0x08001df4   0x00000002   Code   RO          237    i.HardFault_Handler  stm32g0xx_it.o
    0x08001df6   0x08001df6   0x00000002   PAD
    0x08001df8   0x08001df8   0x000000b0   Code   RO         6471    i.InitializeHMIEngineObj  demoproc.o
    0x08001ea8   0x08001ea8   0x00000014   Code   RO         6585    i.KeyEventProc      trigger_flags.o
    0x08001ebc   0x08001ebc   0x00000010   Code   RO         6586    i.KeyIsTrigger      trigger_flags.o
    0x08001ecc   0x08001ecc   0x00000010   Code   RO         6587    i.KeyTriggerReset   trigger_flags.o
    0x08001edc   0x08001edc   0x00000134   Code   RO          460    i.KeysCan           lib_key.o
    0x08002010   0x08002010   0x0000004c   Code   RO          213    i.MX_GPIO_Init      gpio.o
    0x0800205c   0x0800205c   0x00000002   Code   RO          238    i.NMI_Handler       stm32g0xx_it.o
    0x0800205e   0x0800205e   0x0000000a   Code   RO          359    i.OLED_CLS          oled.o
    0x08002068   0x08002068   0x00000036   Code   RO          362    i.OLED_Fill         oled.o
    0x0800209e   0x0800209e   0x000000c4   Code   RO          363    i.OLED_Init         oled.o
    0x08002162   0x08002162   0x00000002   Code   RO          239    i.PendSV_Handler    stm32g0xx_it.o
    0x08002164   0x08002164   0x00000002   Code   RO         6472    i.RTCTimerEnable    demoproc.o
    0x08002166   0x08002166   0x00000002   PAD
    0x08002168   0x08002168   0x00000014   Code   RO         6540    i.SCREEN_ClearDisplay  screen.o
    0x0800217c   0x0800217c   0x00000038   Code   RO         6541    i.SCREEN_GetPixel   screen.o
    0x080021b4   0x080021b4   0x00000058   Code   RO         6543    i.SCREEN_RefreshScreen  screen.o
    0x0800220c   0x0800220c   0x0000006c   Code   RO         6544    i.SCREEN_SetPixel   screen.o
    0x08002278   0x08002278   0x00000146   Code   RO         5370    i.SGUI_Basic_DrawBitMap  sgui_basic.o
    0x080023be   0x080023be   0x00000152   Code   RO         5371    i.SGUI_Basic_DrawCircle  sgui_basic.o
    0x08002510   0x08002510   0x00000024   Code   RO         5372    i.SGUI_Basic_DrawHorizontalLine  sgui_basic.o
    0x08002534   0x08002534   0x0000009a   Code   RO         5373    i.SGUI_Basic_DrawLine  sgui_basic.o
    0x080025ce   0x080025ce   0x00000030   Code   RO         5374    i.SGUI_Basic_DrawPoint  sgui_basic.o
    0x080025fe   0x080025fe   0x000000b6   Code   RO         5375    i.SGUI_Basic_DrawRectangle  sgui_basic.o
    0x080026b4   0x080026b4   0x00000224   Code   RO         5376    i.SGUI_Basic_DrawRoundedRectangle  sgui_basic.o
    0x080028d8   0x080028d8   0x00000024   Code   RO         5377    i.SGUI_Basic_DrawVerticalLine  sgui_basic.o
    0x080028fc   0x080028fc   0x0000004e   Code   RO         5378    i.SGUI_Basic_FillRectangleArea  sgui_basic.o
    0x0800294a   0x0800294a   0x0000002e   Code   RO         5379    i.SGUI_Basic_GetPoint  sgui_basic.o
    0x08002978   0x08002978   0x0000002a   Code   RO         5380    i.SGUI_Basic_PointIsInArea  sgui_basic.o
    0x080029a2   0x080029a2   0x00000034   Code   RO         5381    i.SGUI_Basic_ResetActiveArea  sgui_basic.o
    0x080029d6   0x080029d6   0x00000046   Code   RO         5382    i.SGUI_Basic_ReverseBlockColor  sgui_basic.o
    0x08002a1c   0x08002a1c   0x0000003a   Code   RO         5461    i.SGUI_Common_AdaptDisplayInfo  sgui_common.o
    0x08002a56   0x08002a56   0x000000dc   Code   RO         5464    i.SGUI_Common_IntegerToString  sgui_common.o
    0x08002b32   0x08002b32   0x0000002c   Code   RO         5497    i.SGUI_Curve_AddPoint  sgui_curve.o
    0x08002b5e   0x08002b5e   0x00000050   Code   RO         5498    i.SGUI_Curve_CalculatePointPosition  sgui_curve.o
    0x08002bae   0x08002bae   0x0000001c   Code   RO         5499    i.SGUI_Curve_FocusPoint  sgui_curve.o
    0x08002bca   0x08002bca   0x0000006a   Code   RO         5500    i.SGUI_Curve_HighlightFocus  sgui_curve.o
    0x08002c34   0x08002c34   0x0000001c   Code   RO         5501    i.SGUI_Curve_Initialize  sgui_curve.o
    0x08002c50   0x08002c50   0x00000016   Code   RO         5502    i.SGUI_Curve_InitializePoint  sgui_curve.o
    0x08002c66   0x08002c66   0x0000004c   Code   RO         5503    i.SGUI_Curve_InsertAfterPoint  sgui_curve.o
    0x08002cb2   0x08002cb2   0x00000052   Code   RO         5504    i.SGUI_Curve_InsertBeforePoint  sgui_curve.o
    0x08002d04   0x08002d04   0x0000001e   Code   RO         5505    i.SGUI_Curve_PointIsHighlight  sgui_curve.o
    0x08002d22   0x08002d22   0x0000003a   Code   RO         5506    i.SGUI_Curve_RemovePoint  sgui_curve.o
    0x08002d5c   0x08002d5c   0x00000064   Code   RO         5507    i.SGUI_Curve_Repaint  sgui_curve.o
    0x08002dc0   0x08002dc0   0x00000062   Code   RO         5508    i.SGUI_Curve_UpdateFocusPoint  sgui_curve.o
    0x08002e22   0x08002e22   0x00000016   Code   RO         5668    i.SGUI_ItemsBase_CanScrollDown  sgui_itemsbase.o
    0x08002e38   0x08002e38   0x00000012   Code   RO         5669    i.SGUI_ItemsBase_CanScrollUp  sgui_itemsbase.o
    0x08002e4a   0x08002e4a   0x000000aa   Code   RO         5671    i.SGUI_ItemsBase_GetItemExtent  sgui_itemsbase.o
    0x08002ef4   0x08002ef4   0x0000007e   Code   RO         5672    i.SGUI_ItemsBase_Initialize  sgui_itemsbase.o
    0x08002f72   0x08002f72   0x000000b8   Code   RO         5673    i.SGUI_ItemsBase_InsertItem  sgui_itemsbase.o
    0x0800302a   0x0800302a   0x0000002a   Code   RO         5674    i.SGUI_ItemsBase_JumpItem  sgui_itemsbase.o
    0x08003054   0x08003054   0x0000009a   Code   RO         5675    i.SGUI_ItemsBase_RemoveItem  sgui_itemsbase.o
    0x080030ee   0x080030ee   0x000001ce   Code   RO         5676    i.SGUI_ItemsBase_Repaint  sgui_itemsbase.o
    0x080032bc   0x080032bc   0x00000072   Code   RO         5677    i.SGUI_ItemsBase_Resize  sgui_itemsbase.o
    0x0800332e   0x0800332e   0x00000024   Code   RO         5678    i.SGUI_ItemsBase_Selecte  sgui_itemsbase.o
    0x08003352   0x08003352   0x00000096   Code   RO         5747    i.SGUI_List_Initialize  sgui_list.o
    0x080033e8   0x080033e8   0x0000002a   Code   RO         5748    i.SGUI_List_InsertItem  sgui_list.o
    0x08003412   0x08003412   0x0000002a   Code   RO         5749    i.SGUI_List_RemoveItem  sgui_list.o
    0x0800343c   0x0800343c   0x00000094   Code   RO         5750    i.SGUI_List_Repaint  sgui_list.o
    0x080034d0   0x080034d0   0x0000006e   Code   RO         5751    i.SGUI_List_Resize  sgui_list.o
    0x0800353e   0x0800353e   0x00000044   Code   RO         5789    i.SGUI_Menu_Initialize  sgui_menu.o
    0x08003582   0x08003582   0x00000060   Code   RO         5790    i.SGUI_Menu_PopupSubMenu  sgui_menu.o
    0x080035e2   0x080035e2   0x00000002   PAD
    0x080035e4   0x080035e4   0x00000090   Code   RO         5791    i.SGUI_Menu_Repaint  sgui_menu.o
    0x08003674   0x08003674   0x0000003c   Code   RO         5792    i.SGUI_Menu_Resize  sgui_menu.o
    0x080036b0   0x080036b0   0x0000001c   Code   RO         5827    i.SGUI_Notice_FitArea  sgui_notice.o
    0x080036cc   0x080036cc   0x0000009c   Code   RO         5828    i.SGUI_Notice_Repaint  sgui_notice.o
    0x08003768   0x08003768   0x0000001e   Code   RO         5962    i.SGUI_NumberVariableBox_Initialize  sgui_variablebox.o
    0x08003786   0x08003786   0x0000008a   Code   RO         5963    i.SGUI_NumberVariableBox_Repaint  sgui_variablebox.o
    0x08003810   0x08003810   0x00000072   Code   RO         5863    i.SGUI_RealtimeGraph_AppendValue  sgui_realtimegraph.o
    0x08003882   0x08003882   0x00000002   PAD
    0x08003884   0x08003884   0x00000034   Code   RO         5864    i.SGUI_RealtimeGraph_GetValuePointYCoordinate  sgui_realtimegraph.o
    0x080038b8   0x080038b8   0x00000074   Code   RO         5865    i.SGUI_RealtimeGraph_Initialize  sgui_realtimegraph.o
    0x0800392c   0x0800392c   0x000000a2   Code   RO         5866    i.SGUI_RealtimeGraph_Repaint  sgui_realtimegraph.o
    0x080039ce   0x080039ce   0x00000012   Code   RO         5578    i.SGUI_Resource_GetCharIndex_Default  sgui_fontresource.o
    0x080039e0   0x080039e0   0x0000005e   Code   RO         5579    i.SGUI_Resource_GetCharIndex_MiniNum  sgui_fontresource.o
    0x08003a3e   0x08003a3e   0x00000002   PAD
    0x08003a40   0x08003a40   0x00000024   Code   RO         5580    i.SGUI_Resource_GetFontData_12  sgui_fontresource.o
    0x08003a64   0x08003a64   0x00000024   Code   RO         5582    i.SGUI_Resource_GetFontData_8  sgui_fontresource.o
    0x08003a88   0x08003a88   0x00000024   Code   RO         5583    i.SGUI_Resource_GetFontData_MiniNum  sgui_fontresource.o
    0x08003aac   0x08003aac   0x00000004   Code   RO         5584    i.SGUI_Resource_IsFullWidth_Default  sgui_fontresource.o
    0x08003ab0   0x08003ab0   0x0000000c   Code   RO         5585    i.SGUI_Resource_StepNext_Default  sgui_fontresource.o
    0x08003abc   0x08003abc   0x0000001e   Code   RO         5895    i.SGUI_ScrollBar_Initialize  sgui_scrollbar.o
    0x08003ada   0x08003ada   0x000000ae   Code   RO         5896    i.SGUI_ScrollBar_Repaint  sgui_scrollbar.o
    0x08003b88   0x08003b88   0x00000012   Code   RO         5897    i.SGUI_ScrollBar_SetValue  sgui_scrollbar.o
    0x08003b9a   0x08003b9a   0x00000022   Code   RO         5964    i.SGUI_TextVariableBox_Initialize  sgui_variablebox.o
    0x08003bbc   0x08003bbc   0x000000a0   Code   RO         5965    i.SGUI_TextVariableBox_Repaint  sgui_variablebox.o
    0x08003c5c   0x08003c5c   0x00000100   Code   RO         5919    i.SGUI_Text_DrawMultipleLinesText  sgui_text.o
    0x08003d5c   0x08003d5c   0x000000bc   Code   RO         5920    i.SGUI_Text_DrawText  sgui_text.o
    0x08003e18   0x08003e18   0x0000005e   Code   RO         5921    i.SGUI_Text_GetCharacterData  sgui_text.o
    0x08003e76   0x08003e76   0x00000046   Code   RO         5923    i.SGUI_Text_GetTextExtent  sgui_text.o
    0x08003ebc   0x08003ebc   0x00000002   Code   RO          240    i.SVC_Handler       stm32g0xx_it.o
    0x08003ebe   0x08003ebe   0x0000001a   Code   RO         6350    i.StepNext_GB2312   resource.o
    0x08003ed8   0x08003ed8   0x00000002   Code   RO         6474    i.SysTickTimerEnable  demoproc.o
    0x08003eda   0x08003eda   0x00000008   Code   RO          241    i.SysTick_Handler   stm32g0xx_it.o
    0x08003ee2   0x08003ee2   0x00000068   Code   RO           13    i.SystemClock_Config  main.o
    0x08003f4a   0x08003f4a   0x00000002   PAD
    0x08003f4c   0x08003f4c   0x00000010   Code   RO         1637    i.SystemInit        system_stm32g0xx.o
    0x08003f5c   0x08003f5c   0x00000024   Code   RO         6476    i.UserEventTriggered  demoproc.o
    0x08003f80   0x08003f80   0x0000000e   Code   RO          369    i.WriteCmd          oled.o
    0x08003f8e   0x08003f8e   0x0000000e   Code   RO          370    i.WriteDat          oled.o
    0x08003f9c   0x08003f9c   0x0000001a   Code   RO         1018    i.__ARM_common_switch8  stm32g0xx_hal_dma.o
    0x08003fb6   0x08003fb6   0x00000002   PAD
    0x08003fb8   0x08003fb8   0x00000044   Code   RO         1283    i.__NVIC_SetPriority  stm32g0xx_hal_cortex.o
    0x08003ffc   0x08003ffc   0x0000000e   Code   RO         6658    i.__scatterload_copy  mc_p.l(handlers.o)
    0x0800400a   0x0800400a   0x00000002   Code   RO         6659    i.__scatterload_null  mc_p.l(handlers.o)
    0x0800400c   0x0800400c   0x0000000e   Code   RO         6660    i.__scatterload_zeroinit  mc_p.l(handlers.o)
    0x0800401a   0x0800401a   0x0000000c   Code   RO         4569    i.i2c_clear_scl     u8x8_byte.o
    0x08004026   0x08004026   0x0000000c   Code   RO         4570    i.i2c_clear_sda     u8x8_byte.o
    0x08004032   0x08004032   0x0000000c   Code   RO          304    i.i2c_delay         software_i2c.o
    0x0800403e   0x0800403e   0x0000000e   Code   RO         4571    i.i2c_delay         u8x8_byte.o
    0x0800404c   0x0800404c   0x00000038   Code   RO          305    i.i2c_init          software_i2c.o
    0x08004084   0x08004084   0x00000014   Code   RO         4572    i.i2c_read_scl_and_delay  u8x8_byte.o
    0x08004098   0x08004098   0x0000000c   Code   RO         4573    i.i2c_read_sda      u8x8_byte.o
    0x080040a4   0x080040a4   0x00000024   Code   RO          306    i.i2c_sda_mod       software_i2c.o
    0x080040c8   0x080040c8   0x0000005c   Code   RO          307    i.i2c_send_data     software_i2c.o
    0x08004124   0x08004124   0x0000002c   Code   RO          308    i.i2c_stop          software_i2c.o
    0x08004150   0x08004150   0x000000b8   Code   RO          309    i.i2c_transmit_dat  software_i2c.o
    0x08004208   0x08004208   0x00000026   Code   RO         4574    i.i2c_write_bit     u8x8_byte.o
    0x0800422e   0x0800422e   0x00000014   Code   RO          310    i.i2c_write_byte    software_i2c.o
    0x08004242   0x08004242   0x00000086   Code   RO         4575    i.i2c_write_byte    u8x8_byte.o
    0x080042c8   0x080042c8   0x00000028   Code   RO           14    i.main              main.o
    0x080042f0   0x080042f0   0x0000003c   Code   RO          371    i.u8g2Init          oled.o
    0x0800432c   0x0800432c   0x00000016   Code   RO         1746    i.u8g2_ClearBuffer  u8g2_buffer.o
    0x08004342   0x08004342   0x00000026   Code   RO         3978    i.u8g2_IsIntersection  u8g2_intersection.o
    0x08004368   0x08004368   0x0000001c   Code   RO         1954    i.u8g2_SetFont      u8g2_font.o
    0x08004384   0x08004384   0x0000000c   Code   RO         1957    i.u8g2_SetFontPosBaseline  u8g2_font.o
    0x08004390   0x08004390   0x00000016   Code   RO         4166    i.u8g2_SetMaxClipWindow  u8g2_setup.o
    0x080043a6   0x080043a6   0x0000003e   Code   RO         4167    i.u8g2_SetupBuffer  u8g2_setup.o
    0x080043e4   0x080043e4   0x00000038   Code   RO         1918    i.u8g2_Setup_ssd1306_i2c_128x64_noname_f  u8g2_d_setup.o
    0x0800441c   0x0800441c   0x0000004e   Code   RO         1964    i.u8g2_UpdateRefHeight  u8g2_font.o
    0x0800446a   0x0800446a   0x00000052   Code   RO         4169    i.u8g2_apply_clip_window  u8g2_setup.o
    0x080044bc   0x080044bc   0x00000014   Code   RO         3922    i.u8g2_draw_hv_line_2dir  u8g2_hvline.o
    0x080044d0   0x080044d0   0x0000000c   Code   RO         4171    i.u8g2_draw_l90_r0  u8g2_setup.o
    0x080044dc   0x080044dc   0x00000004   Code   RO         1971    i.u8g2_font_calc_vref_font  u8g2_font.o
    0x080044e0   0x080044e0   0x0000000e   Code   RO         1978    i.u8g2_font_get_word  u8g2_font.o
    0x080044ee   0x080044ee   0x00000018   Code   RO         3979    i.u8g2_is_intersection_decision_tree  u8g2_intersection.o
    0x08004506   0x08004506   0x0000008a   Code   RO         4027    i.u8g2_ll_hvline_vertical_top_lsb  u8g2_ll_hvline.o
    0x08004590   0x08004590   0x0000000c   Code   RO         1904    i.u8g2_m_16_8_f     u8g2_d_memory.o
    0x0800459c   0x0800459c   0x0000006a   Code   RO         1980    i.u8g2_read_font_info  u8g2_font.o
    0x08004606   0x08004606   0x0000004a   Code   RO         4175    i.u8g2_update_dimension_common  u8g2_setup.o
    0x08004650   0x08004650   0x00000008   Code   RO         4176    i.u8g2_update_dimension_r0  u8g2_setup.o
    0x08004658   0x08004658   0x00000020   Code   RO         4180    i.u8g2_update_page_win_r0  u8g2_setup.o
    0x08004678   0x08004678   0x00000010   Code   RO         4958    i.u8x8_InitDisplay  u8x8_display.o
    0x08004688   0x08004688   0x00000010   Code   RO         4962    i.u8x8_SetPowerSave  u8x8_display.o
    0x08004698   0x08004698   0x0000001e   Code   RO         5256    i.u8x8_Setup        u8x8_setup.o
    0x080046b6   0x080046b6   0x00000002   PAD
    0x080046b8   0x080046b8   0x00000024   Code   RO         5257    i.u8x8_SetupDefaults  u8x8_setup.o
    0x080046dc   0x080046dc   0x00000010   Code   RO         4963    i.u8x8_SetupMemory  u8x8_display.o
    0x080046ec   0x080046ec   0x00000010   Code   RO         4580    i.u8x8_byte_EndTransfer  u8x8_byte.o
    0x080046fc   0x080046fc   0x0000000e   Code   RO         4581    i.u8x8_byte_SendByte  u8x8_byte.o
    0x0800470a   0x0800470a   0x00000010   Code   RO         4584    i.u8x8_byte_StartTransfer  u8x8_byte.o
    0x0800471a   0x0800471a   0x000000ba   Code   RO         4589    i.u8x8_byte_sw_i2c  u8x8_byte.o
    0x080047d4   0x080047d4   0x00000010   Code   RO         4700    i.u8x8_cad_EndTransfer  u8x8_cad.o
    0x080047e4   0x080047e4   0x00000010   Code   RO         4701    i.u8x8_cad_SendArg  u8x8_cad.o
    0x080047f4   0x080047f4   0x00000010   Code   RO         4702    i.u8x8_cad_SendCmd  u8x8_cad.o
    0x08004804   0x08004804   0x00000010   Code   RO         4703    i.u8x8_cad_SendData  u8x8_cad.o
    0x08004814   0x08004814   0x00000066   Code   RO         4705    i.u8x8_cad_SendSequence  u8x8_cad.o
    0x0800487a   0x0800487a   0x00000010   Code   RO         4706    i.u8x8_cad_StartTransfer  u8x8_cad.o
    0x0800488a   0x0800488a   0x00000002   PAD
    0x0800488c   0x0800488c   0x000000b8   Code   RO         4709    i.u8x8_cad_ssd13xx_fast_i2c  u8x8_cad.o
    0x08004944   0x08004944   0x0000005e   Code   RO         4964    i.u8x8_d_helper_display_init  u8x8_display.o
    0x080049a2   0x080049a2   0x0000000a   Code   RO         4965    i.u8x8_d_helper_display_setup_memory  u8x8_display.o
    0x080049ac   0x080049ac   0x0000003c   Code   RO         4896    i.u8x8_d_ssd1306_128x64_noname  u8x8_d_ssd1306_128x64_noname.o
    0x080049e8   0x080049e8   0x000000c4   Code   RO         4898    i.u8x8_d_ssd1306_sh1106_generic  u8x8_d_ssd1306_128x64_noname.o
    0x08004aac   0x08004aac   0x00000004   Code   RO         5259    i.u8x8_dummy_cb     u8x8_setup.o
    0x08004ab0   0x08004ab0   0x00000054   Code   RO          372    i.u8x8_gpio_and_delay  oled.o
    0x08004b04   0x08004b04   0x0000000c   Code   RO         5178    i.u8x8_gpio_call    u8x8_gpio.o
    0x08004b10   0x08004b10   0x00000028   Code   RO         4715    i.u8x8_i2c_data_transfer  u8x8_cad.o
    0x08004b38   0x08004b38   0x00000040   Data   RO         1638    .constdata          system_stm32g0xx.o
    0x08004b78   0x08004b78   0x0000927e   Data   RO         3090    .constdata          u8g2_fonts.o
    0x0800ddf6   0x0800ddf6   0x00000002   PAD
    0x0800ddf8   0x0800ddf8   0x0000000c   Data   RO         4184    .constdata          u8g2_setup.o
    0x0800de04   0x0800de04   0x00000114   Data   RO         4899    .constdata          u8x8_d_ssd1306_128x64_noname.o
    0x0800df18   0x0800df18   0x0000001c   Data   RO         5586    .constdata          sgui_fontresource.o
    0x0800df34   0x0800df34   0x0000001c   Data   RO         5587    .constdata          sgui_fontresource.o
    0x0800df50   0x0800df50   0x0000001c   Data   RO         5588    .constdata          sgui_fontresource.o
    0x0800df6c   0x0800df6c   0x00000cee   Data   RO         5590    .constdata          sgui_fontresource.o
    0x0800ec5a   0x0800ec5a   0x00000020   Data   RO         5636    .constdata          sgui_iconresource.o
    0x0800ec7a   0x0800ec7a   0x00000002   PAD
    0x0800ec7c   0x0800ec7c   0x0000000c   Data   RO         5637    .constdata          sgui_iconresource.o
    0x0800ec88   0x0800ec88   0x00000005   Data   RO         5793    .constdata          sgui_menu.o
    0x0800ec8d   0x0800ec8d   0x00000003   PAD
    0x0800ec90   0x0800ec90   0x00000018   Data   RO         5794    .constdata          sgui_menu.o
    0x0800eca8   0x0800eca8   0x00000005   Data   RO         5795    .constdata          sgui_menu.o
    0x0800ecad   0x0800ecad   0x00000003   PAD
    0x0800ecb0   0x0800ecb0   0x00000040   Data   RO         6168    .constdata          list.o
    0x0800ecf0   0x0800ecf0   0x00000474   Data   RO         6351    .constdata          resource.o
    0x0800f164   0x0800f164   0x0000001c   Data   RO         6352    .constdata          resource.o
    0x0800f180   0x0800f180   0x0000009d   Data   RO         6169    .conststring        list.o
    0x0800f21d   0x0800f21d   0x00000003   PAD
    0x0800f220   0x0800f220   0x0000005f   Data   RO         6220    .conststring        menu.o
    0x0800f27f   0x0800f27f   0x00000001   PAD
    0x0800f280   0x0800f280   0x0000004e   Data   RO         6421    .conststring        variablebox.o
    0x0800f2ce   0x0800f2ce   0x00000002   PAD
    0x0800f2d0   0x0800f2d0   0x00000020   Data   RO         6656    Region$$Table       anon$$obj.o


    Execution Region RW_IRAM1 (Exec base: 0x20000000, Load base: 0x0800f2f0, Size: 0x00002068, Max: 0x00009000, ABSOLUTE, COMPRESSED[0x00000178])

    Exec Addr    Load Addr    Size         Type   Attr      Idx    E Section Name        Object

    0x20000000   COMPRESSED   0x00000002   Data   RW          461    .data               lib_key.o
    0x20000002   COMPRESSED   0x00000002   PAD
    0x20000004   COMPRESSED   0x0000000c   Data   RW         1408    .data               stm32g0xx_hal.o
    0x20000010   COMPRESSED   0x00000004   Data   RW         1640    .data               system_stm32g0xx.o
    0x20000014   COMPRESSED   0x00000004   Data   RW         4717    .data               u8x8_cad.o
    0x20000018   COMPRESSED   0x00000004   Data   RW         6002    .data               hmi_engine.o
    0x2000001c   COMPRESSED   0x00000014   Data   RW         6048    .data               basic.o
    0x20000030   COMPRESSED   0x0000000c   Data   RW         6049    .data               basic.o
    0x2000003c   COMPRESSED   0x00000014   Data   RW         6109    .data               curve.o
    0x20000050   COMPRESSED   0x0000000c   Data   RW         6110    .data               curve.o
    0x2000005c   COMPRESSED   0x000000ec   Data   RW         6170    .data               list.o
    0x20000148   COMPRESSED   0x00000014   Data   RW         6171    .data               list.o
    0x2000015c   COMPRESSED   0x0000000c   Data   RW         6172    .data               list.o
    0x20000168   COMPRESSED   0x000000c4   Data   RW         6221    .data               menu.o
    0x2000022c   COMPRESSED   0x00000014   Data   RW         6222    .data               menu.o
    0x20000240   COMPRESSED   0x0000000c   Data   RW         6223    .data               menu.o
    0x2000024c   COMPRESSED   0x00000014   Data   RW         6265    .data               notice.o
    0x20000260   COMPRESSED   0x0000000c   Data   RW         6266    .data               notice.o
    0x2000026c   COMPRESSED   0x00000014   Data   RW         6308    .data               realtimegraph.o
    0x20000280   COMPRESSED   0x00000018   Data   RW         6309    .data               realtimegraph.o
    0x20000298   COMPRESSED   0x00000014   Data   RW         6310    .data               realtimegraph.o
    0x200002ac   COMPRESSED   0x0000000c   Data   RW         6311    .data               realtimegraph.o
    0x200002b8   COMPRESSED   0x00000014   Data   RW         6384    .data               text.o
    0x200002cc   COMPRESSED   0x0000000c   Data   RW         6385    .data               text.o
    0x200002d8   COMPRESSED   0x00000032   Data   RW         6422    .data               variablebox.o
    0x2000030a   COMPRESSED   0x00000002   PAD
    0x2000030c   COMPRESSED   0x00000014   Data   RW         6423    .data               variablebox.o
    0x20000320   COMPRESSED   0x0000000c   Data   RW         6424    .data               variablebox.o
    0x2000032c   COMPRESSED   0x00000024   Data   RW         6478    .data               demoproc.o
    0x20000350   COMPRESSED   0x00000004   Data   RW         6588    .data               trigger_flags.o
    0x20000354   COMPRESSED   0x00000004   Data   RW         6628    .data               mc_p.l(rand.o)
    0x20000358        -       0x00000084   Zero   RW           15    .bss                main.o
    0x200003dc        -       0x00000014   Zero   RW          311    .bss                software_i2c.o
    0x200003f0        -       0x00000400   Zero   RW         1905    .bss                u8g2_d_memory.o
    0x200007f0        -       0x00000260   Zero   RW         6108    .bss                curve.o
    0x20000a50        -       0x00000074   Zero   RW         6167    .bss                list.o
    0x20000ac4        -       0x000000a8   Zero   RW         6219    .bss                menu.o
    0x20000b6c        -       0x00000059   Zero   RW         6264    .bss                notice.o
    0x20000bc5   COMPRESSED   0x00000003   PAD
    0x20000bc8        -       0x00000608   Zero   RW         6307    .bss                realtimegraph.o
    0x200011d0        -       0x00000044   Zero   RW         6420    .bss                variablebox.o
    0x20001214        -       0x00000248   Zero   RW         6477    .bss                demoproc.o
    0x2000145c        -       0x00000808   Zero   RW         6545    .bss                screen.o
    0x20001c64   COMPRESSED   0x00000004   PAD
    0x20001c68        -       0x00000400   Zero   RW            1    STACK               startup_stm32g070xx.o


==============================================================================

Image component sizes


      Code (inc. data)   RO Data    RW Data    ZI Data      Debug   Object Name

       442          0          0         32          0      12111   basic.o
       864         48          0         32        608       9094   curve.o
       300         40          0         36        584       6129   demoproc.o
        76         10          0          0          0        843   gpio.o
       374         24          0          4          0       5276   hmi_engine.o
       308         10          0          2          0        942   lib_key.o
       660         92        221        268        116      10001   list.o
       144          6          0          0        132     469026   main.o
       388         36         95        228        168       7165   menu.o
       206         38          0         32         89       6443   notice.o
       432         22          0          0          0       4178   oled.o
       366         44          0         76       1544       7262   realtimegraph.o
       170         26       1168          0          0       3327   resource.o
       272         22          0          0       2056       3465   screen.o
      1956          0          0          0          0      14506   sgui_basic.o
       278          0          0          0          0       2441   sgui_common.o
       752          0          0          0          0       9874   sgui_curve.o
       236         50       3394          0          0       6432   sgui_fontresource.o
         0          0         44          0          0       1826   sgui_iconresource.o
      1328          0          0          0          0      10655   sgui_itemsbase.o
       492          0          0          0          0       5848   sgui_list.o
       368          4         34          0          0       4783   sgui_menu.o
       184          0          0          0          0       2444   sgui_notice.o
       444          4          0          0          0       4674   sgui_realtimegraph.o
       222          0          0          0          0       2435   sgui_scrollbar.o
       608          0          0          0          0       4746   sgui_text.o
       362          0          0          0          0       7138   sgui_variablebox.o
       444         36          0          0         20       4613   software_i2c.o
        28          8        184          0       1024        628   startup_stm32g070xx.o
       196         30          0         12          0      16844   stm32g0xx_hal.o
       124         18          0          0          0      11428   stm32g0xx_hal_cortex.o
        26          0          0          0          0         72   stm32g0xx_hal_dma.o
       370         18          0          0          0       2879   stm32g0xx_hal_gpio.o
        52          6          0          0          0        826   stm32g0xx_hal_msp.o
        76         14          0          0          0        738   stm32g0xx_hal_pwr_ex.o
      1476         74          0          0          0       4382   stm32g0xx_hal_rcc.o
        16          0          0          0          0       2119   stm32g0xx_it.o
        16          6         64          4          0       1131   system_stm32g0xx.o
       412        126          0         32          0       5485   text.o
        64         22          0          4          0       2266   trigger_flags.o
        22          0          0          0          0       1145   u8g2_buffer.o
        12          4          0          0       1024        856   u8g2_d_memory.o
        56         14          0          0          0       1069   u8g2_d_setup.o
       242          6          0          0          0       5116   u8g2_font.o
         0          0      37502          0          0     123404   u8g2_fonts.o
        20          0          0          0          0        641   u8g2_hvline.o
        62          0          0          0          0       1859   u8g2_intersection.o
       138          0          0          0          0       1390   u8g2_ll_hvline.o
       292          0         12          0          0     126264   u8g2_setup.o
       474          0          0          0          0       6802   u8x8_byte.o
       406         14          0          4          0       7822   u8x8_cad.o
       256         10        276          0          0       2927   u8x8_d_ssd1306_128x64_noname.o
       152          0          0          0          0       2740   u8x8_display.o
        12          0          0          0          0        581   u8x8_gpio.o
        70          4          0          0          0       1698   u8x8_setup.o
       892         56         78         82         68      11476   variablebox.o

    ----------------------------------------------------------------------
     18666        942      43120        852       7440     972265   Object Totals
         0          0         32          0          0          0   (incl. Generated)
        28          0         16          4          7          0   (incl. Padding)

    ----------------------------------------------------------------------

      Code (inc. data)   RO Data    RW Data    ZI Data      Debug   Library Member Name

        86          0          0          0          0          0   __dczerorl2.o
         0          0          0          0          0          0   entry.o
         0          0          0          0          0          0   entry10a.o
         0          0          0          0          0          0   entry11a.o
         8          4          0          0          0          0   entry2.o
         4          0          0          0          0          0   entry5.o
         0          0          0          0          0          0   entry7b.o
         0          0          0          0          0          0   entry8b.o
         8          4          0          0          0          0   entry9a.o
        30          0          0          0          0          0   handlers.o
        40          0          0          0          0         72   idiv.o
        36          8          0          0          0         68   init.o
        36          0          0          0          0         60   memcpya.o
        36          0          0          0          0        100   memseta.o
        36         12          0          4          0        120   rand.o
        14          0          0          0          0         60   strlen.o
        26          0          0          0          0         68   strncpy.o
        44          0          0          0          0         72   uidiv.o

    ----------------------------------------------------------------------
       406         28          0          4          0        620   Library Totals
         2          0          0          0          0          0   (incl. Padding)

    ----------------------------------------------------------------------

      Code (inc. data)   RO Data    RW Data    ZI Data      Debug   Library Name

       404         28          0          4          0        620   mc_p.l

    ----------------------------------------------------------------------
       406         28          0          4          0        620   Library Totals

    ----------------------------------------------------------------------

==============================================================================


      Code (inc. data)   RO Data    RW Data    ZI Data      Debug   

     19072        970      43120        856       7440     963077   Grand Totals
     19072        970      43120        376       7440     963077   ELF Image Totals (compressed)
     19072        970      43120        376          0          0   ROM Totals

==============================================================================

    Total RO  Size (Code + RO Data)                62192 (  60.73kB)
    Total RW  Size (RW Data + ZI Data)              8296 (   8.10kB)
    Total ROM Size (Code + RO Data + RW Data)      62568 (  61.10kB)

==============================================================================

